Archive member included to satisfy reference by file (symbol)

/opt/devkitpro/libogc/lib/wii/libwiiuse.a(wpad.o)
                              template.o (WPAD_Init)
/opt/devkitpro/libogc/lib/wii/libwiiuse.a(motion_plus.o)
                              /opt/devkitpro/libogc/lib/wii/libwiiuse.a(wpad.o) (wiiuse_set_motion_plus)
/opt/devkitpro/libogc/lib/wii/libwiiuse.a(dynamics.o)
                              /opt/devkitpro/libogc/lib/wii/libwiiuse.a(wpad.o) (calculate_gforce)
/opt/devkitpro/libogc/lib/wii/libwiiuse.a(io.o)
                              /opt/devkitpro/libogc/lib/wii/libwiiuse.a(motion_plus.o) (wiiuse_disable_expansion)
/opt/devkitpro/libogc/lib/wii/libwiiuse.a(io_wii.o)
                              /opt/devkitpro/libogc/lib/wii/libwiiuse.a(wpad.o) (__wiiuse_sensorbar_enable)
/opt/devkitpro/libogc/lib/wii/libwiiuse.a(ir.o)
                              /opt/devkitpro/libogc/lib/wii/libwiiuse.a(motion_plus.o) (wiiuse_set_ir_mode)
/opt/devkitpro/libogc/lib/wii/libwiiuse.a(nunchuk.o)
                              /opt/devkitpro/libogc/lib/wii/libwiiuse.a(io.o) (nunchuk_handshake)
/opt/devkitpro/libogc/lib/wii/libwiiuse.a(wiiboard.o)
                              /opt/devkitpro/libogc/lib/wii/libwiiuse.a(io.o) (wii_board_handshake)
/opt/devkitpro/libogc/lib/wii/libwiiuse.a(wiiuse.o)
                              /opt/devkitpro/libogc/lib/wii/libwiiuse.a(wpad.o) (wiiuse_init)
/opt/devkitpro/libogc/lib/wii/libwiiuse.a(speaker.o)
                              /opt/devkitpro/libogc/lib/wii/libwiiuse.a(wpad.o) (wencdata)
/opt/devkitpro/libogc/lib/wii/libwiiuse.a(classic.o)
                              /opt/devkitpro/libogc/lib/wii/libwiiuse.a(io.o) (classic_ctrl_handshake)
/opt/devkitpro/libogc/lib/wii/libwiiuse.a(events.o)
                              /opt/devkitpro/libogc/lib/wii/libwiiuse.a(io_wii.o) (parse_event)
/opt/devkitpro/libogc/lib/wii/libwiiuse.a(guitar_hero_3.o)
                              /opt/devkitpro/libogc/lib/wii/libwiiuse.a(io.o) (guitar_hero_3_handshake)
/opt/devkitpro/libogc/lib/wii/libbte.a(bte.o)
                              /opt/devkitpro/libogc/lib/wii/libwiiuse.a(wpad.o) (BTE_Init)
/opt/devkitpro/libogc/lib/wii/libbte.a(hci.o)
                              /opt/devkitpro/libogc/lib/wii/libbte.a(bte.o) (hci_init)
/opt/devkitpro/libogc/lib/wii/libbte.a(l2cap.o)
                              /opt/devkitpro/libogc/lib/wii/libbte.a(bte.o) (l2cap_init)
/opt/devkitpro/libogc/lib/wii/libbte.a(btmemb.o)
                              /opt/devkitpro/libogc/lib/wii/libbte.a(bte.o) (btmemb_init)
/opt/devkitpro/libogc/lib/wii/libbte.a(btmemr.o)
                              /opt/devkitpro/libogc/lib/wii/libbte.a(hci.o) (btmemr_init)
/opt/devkitpro/libogc/lib/wii/libbte.a(btpbuf.o)
                              /opt/devkitpro/libogc/lib/wii/libbte.a(hci.o) (btpbuf_init)
/opt/devkitpro/libogc/lib/wii/libbte.a(physbusif.o)
                              /opt/devkitpro/libogc/lib/wii/libbte.a(bte.o) (physbusif_init)
/opt/devkitpro/portlibs/ppc/lib/libvorbisidec.a(vorbisfile.o)
                              oggplayer.o (ov_clear)
/opt/devkitpro/portlibs/ppc/lib/libvorbisidec.a(block.o)
                              /opt/devkitpro/portlibs/ppc/lib/libvorbisidec.a(vorbisfile.o) (vorbis_block_init)
/opt/devkitpro/portlibs/ppc/lib/libvorbisidec.a(window.o)
                              /opt/devkitpro/portlibs/ppc/lib/libvorbisidec.a(block.o) (_vorbis_window)
/opt/devkitpro/portlibs/ppc/lib/libvorbisidec.a(synthesis.o)
                              /opt/devkitpro/portlibs/ppc/lib/libvorbisidec.a(vorbisfile.o) (vorbis_synthesis)
/opt/devkitpro/portlibs/ppc/lib/libvorbisidec.a(info.o)
                              /opt/devkitpro/portlibs/ppc/lib/libvorbisidec.a(vorbisfile.o) (vorbis_comment_init)
/opt/devkitpro/portlibs/ppc/lib/libvorbisidec.a(registry.o)
                              /opt/devkitpro/portlibs/ppc/lib/libvorbisidec.a(block.o) (_mapping_P)
/opt/devkitpro/portlibs/ppc/lib/libvorbisidec.a(codebook.o)
                              /opt/devkitpro/portlibs/ppc/lib/libvorbisidec.a(info.o) (vorbis_staticbook_unpack)
/opt/devkitpro/portlibs/ppc/lib/libvorbisidec.a(sharedbook.o)
                              /opt/devkitpro/portlibs/ppc/lib/libvorbisidec.a(codebook.o) (_ilog)
/opt/devkitpro/portlibs/ppc/lib/libvorbisidec.a(floor1.o)
                              /opt/devkitpro/portlibs/ppc/lib/libvorbisidec.a(registry.o) (floor1_exportbundle)
/opt/devkitpro/portlibs/ppc/lib/libvorbisidec.a(floor0.o)
                              /opt/devkitpro/portlibs/ppc/lib/libvorbisidec.a(registry.o) (floor0_exportbundle)
/opt/devkitpro/portlibs/ppc/lib/libvorbisidec.a(res012.o)
                              /opt/devkitpro/portlibs/ppc/lib/libvorbisidec.a(registry.o) (residue2_exportbundle)
/opt/devkitpro/portlibs/ppc/lib/libvorbisidec.a(mapping0.o)
                              /opt/devkitpro/portlibs/ppc/lib/libvorbisidec.a(registry.o) (mapping0_exportbundle)
[...]
Memory Configuration

Name             Origin             Length             Attributes
*default*        0x00000000         0xffffffff

Linker script and memory map

                0x00003400                        . = 0x3400

.stub
 *(.stub)
                0x80004000                        . = 0x80004000

.init           0x80004000      0x194
 *crt0.o(*.init)
 .init          0x80004000      0x170 /opt/devkitpro/libogc/lib/wii/libogc.a(ogc_crt0.o)
                0x80004000                _start
                0x80004140                _memset
 *(.init)
 .init          0x80004170        0xc /opt/devkitpro/devkitPPC/bin/../lib/gcc/powerpc-eabi/13.1.0/ecrti.o
                0x80004170                __init
 .init          0x8000417c        0x4 /opt/devkitpro/devkitPPC/bin/../lib/gcc/powerpc-eabi/13.1.0/crtbegin.o
 .init          0x80004180        0x4 /opt/devkitpro/devkitPPC/bin/../lib/gcc/powerpc-eabi/13.1.0/crtend.o
 .init          0x80004184       0x10 /opt/devkitpro/devkitPPC/bin/../lib/gcc/powerpc-eabi/13.1.0/ecrtn.o

.rela.dyn       0x80004194        0x0
 .rela.iplt     0x80004194        0x0 /opt/devkitpro/devkitPPC/bin/../lib/gcc/powerpc-eabi/13.1.0/crtbegin.o

.plt
 *(.plt)

.interp
 *(.interp)

.hash
 *(.hash)

.dynsym
 *(.dynsym)

.dynstr
 *(.dynstr)

.gnu.version
 *(.gnu.version)

.gnu.version_d
 *(.gnu.version_d)

.gnu.version_r
 *(.gnu.version_r)

.rel.init
 *(.rel.init)

.rela.init
 *(.rela.init)

.rel.text
 *(.rel.text .rel.text.* .rel.gnu.linkonce.t.*)

.rela.text      0x80004194        0x0
 *(.rela.text .rela.text.* .rela.gnu.linkonce.t.*)
 .rela.text.__do_global_dtors_aux
                0x80004194        0x0 /opt/devkitpro/devkitPPC/bin/../lib/gcc/powerpc-eabi/13.1.0/crtbegin.o
 .rela.text.frame_dummy
                0x80004194        0x0 /opt/devkitpro/devkitPPC/bin/../lib/gcc/powerpc-eabi/13.1.0/crtbegin.o
 .rela.text.unlikely.abort
                0x80004194        0x0 /opt/devkitpro/devkitPPC/bin/../lib/gcc/powerpc-eabi/13.1.0/crtbegin.o
 .rela.text.__assert_func
                0x80004194        0x0 /opt/devkitpro/devkitPPC/bin/../lib/gcc/powerpc-eabi/13.1.0/crtbegin.o

.rel.fini
 *(.rel.fini)

.rela.fini
 *(.rela.fini)

.rel.rodata
 *(.rel.rodata .rel.rodata.* .rel.gnu.linkonce.r.*)

.rela.rodata
 *(.rela.rodata .rela.rodata.* .rela.gnu.linkonce.r.*)

.rel.data
 *(.rel.data .rel.data.* .rel.gnu.linkonce.d.*)

.rela.data
 *(.rela.data .rela.data.* .rela.gnu.linkonce.d.*)

.rel.tdata
 *(.rel.tdata .rel.tdata.* .rel.gnu.linkonce.td.*)

.rela.tdata
 *(.rela.tdata .rela.tdata.* .rela.gnu.linkonce.td.*)

.rel.tbss
 *(.rel.tbss .rel.tbss.* .rel.gnu.linkonce.tb.*)

.rela.tbss
 *(.rela.tbss .rela.tbss.* .rela.gnu.linkonce.tb.*)

.rel.ctors
 *(.rel.ctors)

.rela.ctors
 *(.rela.ctors)

.rel.dtors
 *(.rel.dtors)

.rela.dtors
 *(.rela.dtors)

.rel.got
 *(.rel.got)

.rela.got
 *(.rela.got)

.rela.got1
 *(.rela.got1)

.rela.got2
 *(.rela.got2)

.rel.sdata
 *(.rel.sdata .rel.sdata.* .rel.gnu.linkonce.s.*)

.rela.sdata
 *(.rela.sdata .rela.sdata.* .rela.gnu.linkonce.s.*)

.rel.sbss
 *(.rel.sbss .rel.sbss.* .rel.gnu.linkonce.sb.*)

.rela.sbss
 *(.rela.sbss .rela.sbss.* .rel.gnu.linkonce.sb.*)

.rel.sdata2
 *(.rel.sdata2 .rel.sdata2.* .rel.gnu.linkonce.s2.*)

.rela.sdata2
 *(.rela.sdata2 .rela.sdata2.* .rela.gnu.linkonce.s2.*)

.rel.sbss2
 *(.rel.sbss2 .rel.sbss2.* .rel.gnu.linkonce.sb2.*)

.rela.sbss2
 *(.rela.sbss2 .rela.sbss2.* .rela.gnu.linkonce.sb2.*)

.rel.bss
 *(.rel.bss .rel.bss.* .rel.gnu.linkonce.b.*)

.rela.bss
 *(.rela.bss .rela.bss.* .rela.gnu.linkonce.b.*)

.rel.plt
 *(.rel.plt)

.rela.plt
 *(.rela.plt)

.text           0x800041a0    0x4a840
 *(.text)
 .text          0x800041a0      0x44c /opt/devkitpro/libogc/lib/wii/libogc.a(lwp_handler.o)
                0x800041a0                _cpu_context_save_fp
                0x800042e0                _cpu_context_restore_fp
                0x80004420                _cpu_context_switch
                0x80004500                _cpu_context_save
                0x80004580                _cpu_context_restore
 .text          0x800045ec      0x4f4 /opt/devkitpro/libogc/lib/wii/libogc.a(cache_asm.o)
                0x800045ec                DCFlashInvalidate
                0x80004600                DCEnable
                0x80004614                DCDisable
                0x80004628                DCFreeze
                0x8000463c                DCUnfreeze
                0x80004650                DCTouchLoad
                0x80004658                DCBlockZero
                0x80004660                DCBlockStore
                0x80004668                DCBlockFlush
                0x80004670                DCBlockInvalidate
                0x80004678                DCInvalidateRange
                0x800046a8                DCFlushRange
                0x800046dc                DCStoreRange
                0x80004710                DCFlushRangeNoSync
                0x80004740                DCStoreRangeNoSync
                0x80004770                DCZeroRange
                0x800047a0                DCTouchRange
                0x800047d0                ICInvalidateRange
                0x80004808                ICFlashInvalidate
                0x8000481c                ICEnable
                0x80004830                ICDisable
                0x80004844                ICFreeze
                0x80004858                ICUnfreeze
                0x8000486c                ICBlockInvalidate
                0x80004874                ICSync
                0x8000487c                L2Init
                0x800048c4                L2Enable
                0x800048e0                L2Disable
                0x800048f8                L2GlobalInvalidate
                0x80004950                __LCEnable
                0x80004a1c                LCDisable
                0x80004a44                LCAllocOneTag
                0x80004a58                LCAllocTags
                0x80004a98                LCLoadBlocks
                0x80004abc                LCStoreBlocks
 .text          0x80004ae0      0x4a0 /opt/devkitpro/libogc/lib/wii/libogc.a(system_asm.o)
                0x80004ae0                __realmode
                0x80004af8                __configBATS
                0x80004c28                __InitFPRS
                0x80004d54                __InitPS
                0x80004db0                __InitCache
                0x80004e08                __InitSystem
                0x80004e90                __flush_cache
                0x80004ec4                __reset
                0x80004f34                __InitBATS
                0x80004f50                SYS_SwitchFiber
 .text          0x80004f80      0x1ac /opt/devkitpro/libogc/lib/wii/libogc.a(irq_handler.o)
                0x80004f80                irq_exceptionhandler
 .text          0x8000512c      0x1ac /opt/devkitpro/libogc/lib/wii/libogc.a(decrementer_handler.o)
                0x8000512c                dec_exceptionhandler
 .text          0x800052d8      0x35c /opt/devkitpro/libogc/lib/wii/libogc.a(exception_handler.o)
                0x800052d8                exceptionhandler_start
                0x80005354                exceptionhandler_patch
                0x80005388                exceptionhandler_end
                0x8000538c                default_exceptionhandler
                0x800054bc                fpu_exceptionhandler
                0x80005604                systemcallhandler_start
                0x80005630                systemcallhandler_end
 .text          0x80005634       0x48 /opt/devkitpro/devkitPPC/bin/../lib/gcc/powerpc-eabi/13.1.0/libgcc.a(eabi.o)
                0x80005634                __eabi
 .text          0x8000567c       0x58 /opt/devkitpro/devkitPPC/bin/../lib/gcc/powerpc-eabi/13.1.0/libgcc.a(crtresxfpr.o)
                0x8000567c                _restfpr_14_x
                0x80005680                _restfpr_15_x
                0x80005684                _restfpr_16_x
                0x80005688                _restfpr_17_x
                0x8000568c                _restfpr_18_x
                0x80005690                _restfpr_19_x
                0x80005694                _restfpr_20_x
                0x80005698                _restfpr_21_x
                0x8000569c                _restfpr_22_x
                0x800056a0                _restfpr_23_x
                0x800056a4                _restfpr_24_x
                0x800056a8                _restfpr_25_x
                0x800056ac                _restfpr_26_x
                0x800056b0                _restfpr_27_x
                0x800056b4                _restfpr_28_x
                0x800056b8                _restfpr_29_x
                0x800056bc                _restfpr_30_x
                0x800056c0                _restfpr_31_x
 .text          0x800056d4       0x58 /opt/devkitpro/devkitPPC/bin/../lib/gcc/powerpc-eabi/13.1.0/libgcc.a(crtresxgpr.o)
                0x800056d4                _restgpr_14_x
                0x800056d8                _restgpr_15_x
                0x800056dc                _restgpr_16_x
                0x800056e0                _restgpr_17_x
                0x800056e4                _restgpr_18_x
                0x800056e8                _restgpr_19_x
                0x800056ec                _restgpr_20_x
                0x800056f0                _restgpr_21_x
                0x800056f4                _restgpr_22_x
                0x800056f8                _restgpr_23_x
                0x800056fc                _restgpr_24_x
                0x80005700                _restgpr_25_x
                0x80005704                _restgpr_26_x
                0x80005708                _restgpr_27_x
                0x8000570c                _restgpr_28_x
                0x80005710                _restgpr_29_x
                0x80005714                _restgpr_30_x
                0x80005718                _restgpr_31_x
 *(.text.*)
 .text.__do_global_dtors_aux
                0x8000572c       0xcc /opt/devkitpro/devkitPPC/bin/../lib/gcc/powerpc-eabi/13.1.0/crtbegin.o
 .text.frame_dummy
                0x800057f8       0x24 /opt/devkitpro/devkitPPC/bin/../lib/gcc/powerpc-eabi/13.1.0/crtbegin.o
 .text.__crtmain
                0x8000581c       0x44 /opt/devkitpro/devkitPPC/bin/../lib/gcc/powerpc-eabi/13.1.0/../../../../powerpc-eabi/lib/crtmain.o
                0x80005820                __crtmain
 .text.ogg_player_thread
                0x80005860      0x2b4 oggplayer.o
 .text.ogg_add_callback
                0x80005b14       0xf8 oggplayer.o
 .text.f_tell   0x80005c0c       0x58 oggplayer.o
 .text.f_seek   0x80005c64      0x164 oggplayer.o
 .text.f_close  0x80005dc8       0x48 oggplayer.o
 .text.f_read   0x80005e10      0x134 oggplayer.o
 .text.StopOgg  0x80005f44       0x98 oggplayer.o
                0x80005f44                StopOgg
 .text.PlayOgg  0x80005fdc      0x210 oggplayer.o
                0x80005fdc                PlayOgg
 .text.startup.main
                0x800061ec      0x110 template.o
                0x800061ec                main
 .text.__wpad_assign_slot
                0x800062fc      0x254 /opt/devkitpro/libogc/lib/wii/libwiiuse.a(wpad.o)
                0x800062fc                __wpad_assign_slot
 .text.__wpad_def_powcb
                0x80006550        0x4 /opt/devkitpro/libogc/lib/wii/libwiiuse.a(wpad.o)
 .text.__readlinkkey_finished
                0x80006554       0x34 /opt/devkitpro/libogc/lib/wii/libwiiuse.a(wpad.o)
 .text.__wpad_patch_finished
                0x80006588       0x2c /opt/devkitpro/libogc/lib/wii/libwiiuse.a(wpad.o)
 .text.__wpad_setfmt
                0x800065b4      0x14c /opt/devkitpro/libogc/lib/wii/libwiiuse.a(wpad.o)
 .text.__wpad_eventCB
                0x80006700      0xad4 /opt/devkitpro/libogc/lib/wii/libwiiuse.a(wpad.o)
 .text.__wpad_disconnectCB
                0x800071d4       0xd4 /opt/devkitpro/libogc/lib/wii/libwiiuse.a(wpad.o)
                0x800071d4                __wpad_disconnectCB
 .text.__wpad_timeouthandler
                0x800072a8       0xa8 /opt/devkitpro/libogc/lib/wii/libwiiuse.a(wpad.o)
 .text.__initcore_finished
                0x80007350       0x48 /opt/devkitpro/libogc/lib/wii/libwiiuse.a(wpad.o)
 .text.__wpad_init_finished
                0x80007398      0x194 /opt/devkitpro/libogc/lib/wii/libwiiuse.a(wpad.o)
 .text.WPAD_ReadEvent
                0x8000752c      0x68c /opt/devkitpro/libogc/lib/wii/libwiiuse.a(wpad.o)
                0x8000752c                WPAD_ReadEvent
 .text.WPAD_ReadPending
                0x80007bb8      0x1a0 /opt/devkitpro/libogc/lib/wii/libwiiuse.a(wpad.o)
                0x80007bb8                WPAD_ReadPending
 .text.WPAD_Shutdown
                0x80007d58      0x114 /opt/devkitpro/libogc/lib/wii/libwiiuse.a(wpad.o)
                0x80007d58                WPAD_Shutdown
 .text.WPAD_Init
                0x80007e6c      0x2c4 /opt/devkitpro/libogc/lib/wii/libwiiuse.a(wpad.o)
                0x80007e6c                WPAD_Init
 .text.__wpad_onreset
                0x80008130       0x34 /opt/devkitpro/libogc/lib/wii/libwiiuse.a(wpad.o)
 .text.WPAD_ScanPads
                0x80008164       0x90 /opt/devkitpro/libogc/lib/wii/libwiiuse.a(wpad.o)
                0x80008164                WPAD_ScanPads
 .text.WPAD_ButtonsDown
                0x800081f4       0x28 /opt/devkitpro/libogc/lib/wii/libwiiuse.a(wpad.o)
                0x800081f4                WPAD_ButtonsDown
 .text.motion_plus_disconnected
                0x8000821c       0x10 /opt/devkitpro/libogc/lib/wii/libwiiuse.a(motion_plus.o)
                0x8000821c                motion_plus_disconnected
 .text.motion_plus_event
                0x8000822c       0x64 /opt/devkitpro/libogc/lib/wii/libwiiuse.a(motion_plus.o)
                0x8000822c                motion_plus_event
 .text.calculate_gforce
                0x80008290      0x114 /opt/devkitpro/libogc/lib/wii/libwiiuse.a(dynamics.o)
                0x80008290                calculate_gforce
 .text.calc_joystick_state
                0x800083a4      0x210 /opt/devkitpro/libogc/lib/wii/libwiiuse.a(dynamics.o)
                0x800083a4                calc_joystick_state
 .text.apply_smoothing
                0x800085b4      0x140 /opt/devkitpro/libogc/lib/wii/libwiiuse.a(dynamics.o)
                0x800085b4                apply_smoothing
 .text.calculate_orientation
                0x800086f4      0x340 /opt/devkitpro/libogc/lib/wii/libwiiuse.a(dynamics.o)
                0x800086f4                calculate_orientation
 .text.calc_balanceboard_state
                0x80008a34      0x3a4 /opt/devkitpro/libogc/lib/wii/libwiiuse.a(dynamics.o)
                0x80008a34                calc_balanceboard_state
 .text.wiiuse_handshake
                0x80008dd8      0x27c /opt/devkitpro/libogc/lib/wii/libwiiuse.a(io.o)
                0x80008dd8                wiiuse_handshake
 .text.wiiuse_handshake_expansion
                0x80009054      0x1f0 /opt/devkitpro/libogc/lib/wii/libwiiuse.a(io.o)
                0x80009054                wiiuse_handshake_expansion
 .text.wiiuse_handshake_expansion_start
                0x80009244       0x5c /opt/devkitpro/libogc/lib/wii/libwiiuse.a(io.o)
                0x80009244                wiiuse_handshake_expansion_start
 .text.wiiuse_disable_expansion
                0x800092a0      0x1b0 /opt/devkitpro/libogc/lib/wii/libwiiuse.a(io.o)
                0x800092a0                wiiuse_disable_expansion
 .text.__wiiuse_connected
                0x80009450       0x9c /opt/devkitpro/libogc/lib/wii/libwiiuse.a(io_wii.o)
 .text.__wiiuse_disconnected
                0x800094ec       0xb4 /opt/devkitpro/libogc/lib/wii/libwiiuse.a(io_wii.o)
 .text.__wiiuse_receive
                0x800095a0       0xd0 /opt/devkitpro/libogc/lib/wii/libwiiuse.a(io_wii.o)
 .text.__wiiuse_sensorbar_enable
                0x80009670       0x54 /opt/devkitpro/libogc/lib/wii/libwiiuse.a(io_wii.o)
                0x80009670                __wiiuse_sensorbar_enable
 .text.wiiuse_register
                0x800096c4       0xf0 /opt/devkitpro/libogc/lib/wii/libwiiuse.a(io_wii.o)
                0x800096c4                wiiuse_register
 .text.wiiuse_disconnect
                0x800097b4       0x24 /opt/devkitpro/libogc/lib/wii/libwiiuse.a(io_wii.o)
                0x800097b4                wiiuse_disconnect
 .text.wiiuse_init_cmd_queue
                0x800097d8       0x9c /opt/devkitpro/libogc/lib/wii/libwiiuse.a(io_wii.o)
                0x800097d8                wiiuse_init_cmd_queue
 .text.wiiuse_io_write
                0x80009874       0x1c /opt/devkitpro/libogc/lib/wii/libwiiuse.a(io_wii.o)
                0x80009874                wiiuse_io_write
 .text.rotate_dots
                0x80009890      0x13c /opt/devkitpro/libogc/lib/wii/libwiiuse.a(ir.o)
 .text.get_ir_sens.constprop.0.isra.0
                0x800099cc       0xdc /opt/devkitpro/libogc/lib/wii/libwiiuse.a(ir.o)
 .text.wiiuse_set_ir_mode
                0x80009aa8       0x5c /opt/devkitpro/libogc/lib/wii/libwiiuse.a(ir.o)
                0x80009aa8                wiiuse_set_ir_mode
 .text.wiiuse_set_ir
                0x80009b04      0x204 /opt/devkitpro/libogc/lib/wii/libwiiuse.a(ir.o)
                0x80009b04                wiiuse_set_ir
 .text.wiiuse_set_ir_position
                0x80009d08       0x80 /opt/devkitpro/libogc/lib/wii/libwiiuse.a(ir.o)
                0x80009d08                wiiuse_set_ir_position
 .text.wiiuse_set_aspect_ratio
                0x80009d88       0xac /opt/devkitpro/libogc/lib/wii/libwiiuse.a(ir.o)
                0x80009d88                wiiuse_set_aspect_ratio
 .text.wiiuse_set_ir_sensitivity
                0x80009e34       0xe4 /opt/devkitpro/libogc/lib/wii/libwiiuse.a(ir.o)
                0x80009e34                wiiuse_set_ir_sensitivity
 .text.calculate_basic_ir
                0x80009f18       0xe8 /opt/devkitpro/libogc/lib/wii/libwiiuse.a(ir.o)
                0x80009f18                calculate_basic_ir
 .text.calculate_extended_ir
                0x8000a000       0x64 /opt/devkitpro/libogc/lib/wii/libwiiuse.a(ir.o)
                0x8000a000                calculate_extended_ir
 .text.find_sensorbar
                0x8000a064      0xa00 /opt/devkitpro/libogc/lib/wii/libwiiuse.a(ir.o)
                0x8000a064                find_sensorbar
 .text.apply_ir_smoothing
                0x8000aa64      0x124 /opt/devkitpro/libogc/lib/wii/libwiiuse.a(ir.o)
                0x8000aa64                apply_ir_smoothing
 .text.interpret_ir_data
                0x8000ab88      0x3c8 /opt/devkitpro/libogc/lib/wii/libwiiuse.a(ir.o)
                0x8000ab88                interpret_ir_data
 .text.nunchuk_handshake
                0x8000af50      0x31c /opt/devkitpro/libogc/lib/wii/libwiiuse.a(nunchuk.o)
                0x8000af50                nunchuk_handshake
 .text.nunchuk_disconnected
                0x8000b26c        0xc /opt/devkitpro/libogc/lib/wii/libwiiuse.a(nunchuk.o)
                0x8000b26c                nunchuk_disconnected
 .text.nunchuk_event
                0x8000b278       0xe8 /opt/devkitpro/libogc/lib/wii/libwiiuse.a(nunchuk.o)
                0x8000b278                nunchuk_event
 .text.wii_board_handshake
                0x8000b360      0x284 /opt/devkitpro/libogc/lib/wii/libwiiuse.a(wiiboard.o)
                0x8000b360                wii_board_handshake
 .text.wii_board_disconnected
                0x8000b5e4        0xc /opt/devkitpro/libogc/lib/wii/libwiiuse.a(wiiboard.o)
                0x8000b5e4                wii_board_disconnected
 .text.wii_board_event
                0x8000b5f0       0x24 /opt/devkitpro/libogc/lib/wii/libwiiuse.a(wiiboard.o)
                0x8000b5f0                wii_board_event
 .text.wiiuse_send_next_command
                0x8000b614       0x58 /opt/devkitpro/libogc/lib/wii/libwiiuse.a(wiiuse.o)
                0x8000b614                wiiuse_send_next_command
 .text.wiiuse_init
                0x8000b66c      0x208 /opt/devkitpro/libogc/lib/wii/libwiiuse.a(wiiuse.o)
                0x8000b66c                wiiuse_init
 .text.wiiuse_set_flags
                0x8000b874       0x28 /opt/devkitpro/libogc/lib/wii/libwiiuse.a(wiiuse.o)
                0x8000b874                wiiuse_set_flags
 .text.wiiuse_read_data
                0x8000b89c      0x154 /opt/devkitpro/libogc/lib/wii/libwiiuse.a(wiiuse.o)
                0x8000b89c                wiiuse_read_data
 .text.wiiuse_write_data
                0x8000b9f0      0x18c /opt/devkitpro/libogc/lib/wii/libwiiuse.a(wiiuse.o)
                0x8000b9f0                wiiuse_write_data
 .text.wiiuse_sendcmd
                0x8000bb7c      0x144 /opt/devkitpro/libogc/lib/wii/libwiiuse.a(wiiuse.o)
                0x8000bb7c                wiiuse_sendcmd
 .text.wiiuse_set_leds
                0x8000bcc0       0x50 /opt/devkitpro/libogc/lib/wii/libwiiuse.a(wiiuse.o)
                0x8000bcc0                wiiuse_set_leds
 .text.wiiuse_set_report_type
                0x8000bd10       0xb0 /opt/devkitpro/libogc/lib/wii/libwiiuse.a(wiiuse.o)
                0x8000bd10                wiiuse_set_report_type
 .text.wiiuse_status
                0x8000bdc0       0x4c /opt/devkitpro/libogc/lib/wii/libwiiuse.a(wiiuse.o)
                0x8000bdc0                wiiuse_status
 .text.wiiuse_motion_sensing
                0x8000be0c       0x84 /opt/devkitpro/libogc/lib/wii/libwiiuse.a(wiiuse.o)
                0x8000be0c                wiiuse_motion_sensing
 .text.wiiuse_set_speaker
                0x8000be90      0x24c /opt/devkitpro/libogc/lib/wii/libwiiuse.a(speaker.o)
                0x8000be90                wiiuse_set_speaker
 .text.classic_ctrl_handshake
                0x8000c0dc      0x410 /opt/devkitpro/libogc/lib/wii/libwiiuse.a(classic.o)
                0x8000c0dc                classic_ctrl_handshake
 .text.classic_ctrl_disconnected
                0x8000c4ec        0xc /opt/devkitpro/libogc/lib/wii/libwiiuse.a(classic.o)
                0x8000c4ec                classic_ctrl_disconnected
 .text.classic_ctrl_event
                0x8000c4f8      0x15c /opt/devkitpro/libogc/lib/wii/libwiiuse.a(classic.o)
                0x8000c4f8                classic_ctrl_event
 .text.handle_expansion
                0x8000c654       0x54 /opt/devkitpro/libogc/lib/wii/libwiiuse.a(events.o)
 .text.parse_event
                0x8000c6a8      0x730 /opt/devkitpro/libogc/lib/wii/libwiiuse.a(events.o)
                0x8000c6a8                parse_event
 .text.guitar_hero_3_handshake
                0x8000cdd8       0x5c /opt/devkitpro/libogc/lib/wii/libwiiuse.a(guitar_hero_3.o)
                0x8000cdd8                guitar_hero_3_handshake
 .text.guitar_hero_3_disconnected
                0x8000ce34        0xc /opt/devkitpro/libogc/lib/wii/libwiiuse.a(guitar_hero_3.o)
                0x8000ce34                guitar_hero_3_disconnected
 .text.guitar_hero_3_event
                0x8000ce40       0x60 /opt/devkitpro/libogc/lib/wii/libwiiuse.a(guitar_hero_3.o)
                0x8000ce40                guitar_hero_3_event
 .text.acl_wlp_completed
                0x8000cea0        0x8 /opt/devkitpro/libogc/lib/wii/libbte.a(bte.o)
                0x8000cea0                acl_wlp_completed
 .text.bt_alarmhandler
                0x8000cea8       0x58 /opt/devkitpro/libogc/lib/wii/libbte.a(bte.o)
 .text.__bte_send_pending_request
                0x8000cf00      0x108 /opt/devkitpro/libogc/lib/wii/libbte.a(bte.o)
 .text.acl_conn_complete
                0x8000d008       0x2c /opt/devkitpro/libogc/lib/wii/libbte.a(bte.o)
                0x8000d008                acl_conn_complete
 .text.l2cap_accepted
                0x8000d034      0x134 /opt/devkitpro/libogc/lib/wii/libbte.a(bte.o)
                0x8000d034                l2cap_accepted
 .text.l2cap_disconnect_cfm
                0x8000d168      0x19c /opt/devkitpro/libogc/lib/wii/libbte.a(bte.o)
                0x8000d168                l2cap_disconnect_cfm
 .text.bte_process_input
                0x8000d304      0x128 /opt/devkitpro/libogc/lib/wii/libbte.a(bte.o)
 .text.l2cap_disconnected_ind
                0x8000d42c      0x1a4 /opt/devkitpro/libogc/lib/wii/libbte.a(bte.o)
                0x8000d42c                l2cap_disconnected_ind
 .text.__bte_shutdown_finished
                0x8000d5d0       0xe0 /opt/devkitpro/libogc/lib/wii/libbte.a(bte.o)
 .text.bte_hci_apply_patch_complete
                0x8000d6b0      0x164 /opt/devkitpro/libogc/lib/wii/libbte.a(bte.o)
                0x8000d6b0                bte_hci_apply_patch_complete
 .text.bte_hci_patch_complete
                0x8000d814      0x380 /opt/devkitpro/libogc/lib/wii/libbte.a(bte.o)
                0x8000d814                bte_hci_patch_complete
 .text.bte_hci_initcore_complete
                0x8000db94      0x280 /opt/devkitpro/libogc/lib/wii/libbte.a(bte.o)
                0x8000db94                bte_hci_initcore_complete
 .text.bte_read_stored_link_key_complete
                0x8000de14      0x27c /opt/devkitpro/libogc/lib/wii/libbte.a(bte.o)
                0x8000de14                bte_read_stored_link_key_complete
 .text.bte_hci_initcore_complete2
                0x8000e090      0x22c /opt/devkitpro/libogc/lib/wii/libbte.a(bte.o)
 .text.bte_hci_initsub_complete
                0x8000e2bc      0x280 /opt/devkitpro/libogc/lib/wii/libbte.a(bte.o)
                0x8000e2bc                bte_hci_initsub_complete
 .text.BTE_Init
                0x8000e53c      0x138 /opt/devkitpro/libogc/lib/wii/libbte.a(bte.o)
                0x8000e53c                BTE_Init
 .text.BTE_Shutdown
                0x8000e674      0x100 /opt/devkitpro/libogc/lib/wii/libbte.a(bte.o)
                0x8000e674                BTE_Shutdown
 .text.BTE_InitCore
                0x8000e774       0x8c /opt/devkitpro/libogc/lib/wii/libbte.a(bte.o)
                0x8000e774                BTE_InitCore
 .text.BTE_ApplyPatch
                0x8000e800       0xa4 /opt/devkitpro/libogc/lib/wii/libbte.a(bte.o)
                0x8000e800                BTE_ApplyPatch
 .text.BTE_InitSub
                0x8000e8a4       0x90 /opt/devkitpro/libogc/lib/wii/libbte.a(bte.o)
                0x8000e8a4                BTE_InitSub
 .text.BTE_ReadStoredLinkKey
                0x8000e934       0x90 /opt/devkitpro/libogc/lib/wii/libbte.a(bte.o)
                0x8000e934                BTE_ReadStoredLinkKey
 .text.BTE_SetDisconnectCallback
                0x8000e9c4        0x4 /opt/devkitpro/libogc/lib/wii/libbte.a(bte.o)
                0x8000e9c4                BTE_SetDisconnectCallback
 .text.bte_new  0x8000e9c8       0x54 /opt/devkitpro/libogc/lib/wii/libbte.a(bte.o)
                0x8000e9c8                bte_new
 .text.bte_registerdeviceasync
                0x8000ea1c      0x158 /opt/devkitpro/libogc/lib/wii/libbte.a(bte.o)
                0x8000ea1c                bte_registerdeviceasync
 .text.bte_disconnect
                0x8000eb74       0xd8 /opt/devkitpro/libogc/lib/wii/libbte.a(bte.o)
                0x8000eb74                bte_disconnect
 .text.bte_senddata
                0x8000ec4c      0x104 /opt/devkitpro/libogc/lib/wii/libbte.a(bte.o)
                0x8000ec4c                bte_senddata
 .text.bte_arg  0x8000ed50       0x38 /opt/devkitpro/libogc/lib/wii/libbte.a(bte.o)
                0x8000ed50                bte_arg
 .text.bte_received
                0x8000ed88       0x38 /opt/devkitpro/libogc/lib/wii/libbte.a(bte.o)
                0x8000ed88                bte_received
 .text.bte_disconnected
                0x8000edc0       0x38 /opt/devkitpro/libogc/lib/wii/libbte.a(bte.o)
                0x8000edc0                bte_disconnected
 .text.hci_get_link
                0x8000edf8       0x84 /opt/devkitpro/libogc/lib/wii/libbte.a(hci.o)
 .text.hci_init
                0x8000ee7c       0x80 /opt/devkitpro/libogc/lib/wii/libbte.a(hci.o)
                0x8000ee7c                hci_init
 .text.hci_close
                0x8000eefc       0xd0 /opt/devkitpro/libogc/lib/wii/libbte.a(hci.o)
                0x8000eefc                hci_close
 .text.hci_reset_all
                0x8000efcc       0xb8 /opt/devkitpro/libogc/lib/wii/libbte.a(hci.o)
                0x8000efcc                hci_reset_all
 .text.hci_arg  0x8000f084        0xc /opt/devkitpro/libogc/lib/wii/libbte.a(hci.o)
                0x8000f084                hci_arg
 .text.hci_cmd_complete
                0x8000f090        0xc /opt/devkitpro/libogc/lib/wii/libbte.a(hci.o)
                0x8000f090                hci_cmd_complete
 .text.hci_connection_complete
                0x8000f09c        0xc /opt/devkitpro/libogc/lib/wii/libbte.a(hci.o)
                0x8000f09c                hci_connection_complete
 .text.hci_wlp_complete
                0x8000f0a8        0xc /opt/devkitpro/libogc/lib/wii/libbte.a(hci.o)
                0x8000f0a8                hci_wlp_complete
 .text.hci_reset
                0x8000f0b4       0xac /opt/devkitpro/libogc/lib/wii/libbte.a(hci.o)
                0x8000f0b4                hci_reset
 .text.hci_read_buffer_size
                0x8000f160       0xac /opt/devkitpro/libogc/lib/wii/libbte.a(hci.o)
                0x8000f160                hci_read_buffer_size
 .text.hci_read_bd_addr
                0x8000f20c       0xac /opt/devkitpro/libogc/lib/wii/libbte.a(hci.o)
                0x8000f20c                hci_read_bd_addr
 .text.hci_read_local_version
                0x8000f2b8       0xa8 /opt/devkitpro/libogc/lib/wii/libbte.a(hci.o)
                0x8000f2b8                hci_read_local_version
 .text.hci_read_local_features
                0x8000f360       0xac /opt/devkitpro/libogc/lib/wii/libbte.a(hci.o)
                0x8000f360                hci_read_local_features
 .text.hci_read_stored_link_key
                0x8000f40c      0x100 /opt/devkitpro/libogc/lib/wii/libbte.a(hci.o)
                0x8000f40c                hci_read_stored_link_key
 .text.hci_write_page_timeout
                0x8000f50c       0xd0 /opt/devkitpro/libogc/lib/wii/libbte.a(hci.o)
                0x8000f50c                hci_write_page_timeout
 .text.hci_write_scan_enable
                0x8000f5dc       0xbc /opt/devkitpro/libogc/lib/wii/libbte.a(hci.o)
                0x8000f5dc                hci_write_scan_enable
 .text.hci_accecpt_conn_request
                0x8000f698       0xe0 /opt/devkitpro/libogc/lib/wii/libbte.a(hci.o)
                0x8000f698                hci_accecpt_conn_request
 .text.hci_write_local_name
                0x8000f778       0xd8 /opt/devkitpro/libogc/lib/wii/libbte.a(hci.o)
                0x8000f778                hci_write_local_name
 .text.hci_write_pin_type
                0x8000f850       0xbc /opt/devkitpro/libogc/lib/wii/libbte.a(hci.o)
                0x8000f850                hci_write_pin_type
 .text.hci_write_inquiry_mode
                0x8000f90c       0xbc /opt/devkitpro/libogc/lib/wii/libbte.a(hci.o)
                0x8000f90c                hci_write_inquiry_mode
 .text.hci_write_page_scan_type
                0x8000f9c8       0xbc /opt/devkitpro/libogc/lib/wii/libbte.a(hci.o)
                0x8000f9c8                hci_write_page_scan_type
 .text.hci_write_inquiry_scan_type
                0x8000fa84       0xbc /opt/devkitpro/libogc/lib/wii/libbte.a(hci.o)
                0x8000fa84                hci_write_inquiry_scan_type
 .text.hci_vendor_specific_command
                0x8000fb40       0xe8 /opt/devkitpro/libogc/lib/wii/libbte.a(hci.o)
                0x8000fb40                hci_vendor_specific_command
 .text.hci_write_link_policy_settings
                0x8000fc28      0x104 /opt/devkitpro/libogc/lib/wii/libbte.a(hci.o)
                0x8000fc28                hci_write_link_policy_settings
 .text.hci_pin_code_request_neg_reply
                0x8000fd2c       0xcc /opt/devkitpro/libogc/lib/wii/libbte.a(hci.o)
                0x8000fd2c                hci_pin_code_request_neg_reply
 .text.hci_link_key_req_neg_reply
                0x8000fdf8       0xcc /opt/devkitpro/libogc/lib/wii/libbte.a(hci.o)
                0x8000fdf8                hci_link_key_req_neg_reply
 .text.hci_disconnect
                0x8000fec4       0xfc /opt/devkitpro/libogc/lib/wii/libbte.a(hci.o)
                0x8000fec4                hci_disconnect
 .text.hci_write_cod
                0x8000ffc0       0xcc /opt/devkitpro/libogc/lib/wii/libbte.a(hci.o)
                0x8000ffc0                hci_write_cod
 .text.hci_host_buffer_size
                0x8001008c      0x10c /opt/devkitpro/libogc/lib/wii/libbte.a(hci.o)
                0x8001008c                hci_host_buffer_size
 .text.hci_host_num_comp_packets
                0x80010198      0x108 /opt/devkitpro/libogc/lib/wii/libbte.a(hci.o)
                0x80010198                hci_host_num_comp_packets
 .text.lp_pdu_maxsize
                0x800102a0        0xc /opt/devkitpro/libogc/lib/wii/libbte.a(hci.o)
                0x800102a0                lp_pdu_maxsize
 .text.lp_acl_write
                0x800102ac      0x158 /opt/devkitpro/libogc/lib/wii/libbte.a(hci.o)
                0x800102ac                lp_acl_write
 .text.lp_write_flush_timeout
                0x80010404      0x104 /opt/devkitpro/libogc/lib/wii/libbte.a(hci.o)
                0x80010404                lp_write_flush_timeout
 .text.hci_event_handler
                0x80010508      0xc7c /opt/devkitpro/libogc/lib/wii/libbte.a(hci.o)
                0x80010508                hci_event_handler
 .text.hci_acldata_handler
                0x80011184      0x11c /opt/devkitpro/libogc/lib/wii/libbte.a(hci.o)
                0x80011184                hci_acldata_handler
 .text.l2cap_init
                0x800112a0       0x60 /opt/devkitpro/libogc/lib/wii/libbte.a(l2cap.o)
                0x800112a0                l2cap_init
 .text.l2cap_write
                0x80011300      0x1a0 /opt/devkitpro/libogc/lib/wii/libbte.a(l2cap.o)
                0x80011300                l2cap_write
 .text.l2cap_new
                0x800114a0       0x60 /opt/devkitpro/libogc/lib/wii/libbte.a(l2cap.o)
                0x800114a0                l2cap_new
 .text.l2cap_close
                0x80011500      0x1d4 /opt/devkitpro/libogc/lib/wii/libbte.a(l2cap.o)
                0x80011500                l2cap_close
 .text.l2cap_reset_all
                0x800116d4      0x154 /opt/devkitpro/libogc/lib/wii/libbte.a(l2cap.o)
                0x800116d4                l2cap_reset_all
 .text.l2cap_signal
                0x80011828      0x204 /opt/devkitpro/libogc/lib/wii/libbte.a(l2cap.o)
                0x80011828                l2cap_signal
 .text.l2ca_config_req
                0x80011a2c      0x158 /opt/devkitpro/libogc/lib/wii/libbte.a(l2cap.o)
                0x80011a2c                l2ca_config_req
 .text.l2ca_disconnect_req
                0x80011b84       0xcc /opt/devkitpro/libogc/lib/wii/libbte.a(l2cap.o)
                0x80011b84                l2ca_disconnect_req
 .text.l2cap_tmr
                0x80011c50      0x260 /opt/devkitpro/libogc/lib/wii/libbte.a(l2cap.o)
                0x80011c50                l2cap_tmr
 .text.l2cap_process_sig
                0x80011eb0     0x1334 /opt/devkitpro/libogc/lib/wii/libbte.a(l2cap.o)
                0x80011eb0                l2cap_process_sig
 .text.l2cap_input
                0x800131e4      0x578 /opt/devkitpro/libogc/lib/wii/libbte.a(l2cap.o)
                0x800131e4                l2cap_input
 .text.l2ca_datawrite
                0x8001375c      0x128 /opt/devkitpro/libogc/lib/wii/libbte.a(l2cap.o)
                0x8001375c                l2ca_datawrite
 .text.lp_connect_cfm
                0x80013884      0x184 /opt/devkitpro/libogc/lib/wii/libbte.a(l2cap.o)
                0x80013884                lp_connect_cfm
 .text.lp_connect_ind
                0x80013a08        0x4 /opt/devkitpro/libogc/lib/wii/libbte.a(l2cap.o)
                0x80013a08                lp_connect_ind
 .text.lp_disconnect_ind
                0x80013a0c      0x124 /opt/devkitpro/libogc/lib/wii/libbte.a(l2cap.o)
                0x80013a0c                lp_disconnect_ind
 .text.l2cap_disconnect_bb
                0x80013b30       0x10 /opt/devkitpro/libogc/lib/wii/libbte.a(l2cap.o)
                0x80013b30                l2cap_disconnect_bb
 .text.l2cap_arg
                0x80013b40        0x8 /opt/devkitpro/libogc/lib/wii/libbte.a(l2cap.o)
                0x80013b40                l2cap_arg
 .text.l2cap_connect_ind
                0x80013b48      0x104 /opt/devkitpro/libogc/lib/wii/libbte.a(l2cap.o)
                0x80013b48                l2cap_connect_ind
 .text.l2cap_disconnect_ind
                0x80013c4c        0x8 /opt/devkitpro/libogc/lib/wii/libbte.a(l2cap.o)
                0x80013c4c                l2cap_disconnect_ind
 .text.l2cap_recv
                0x80013c54        0x8 /opt/devkitpro/libogc/lib/wii/libbte.a(l2cap.o)
                0x80013c54                l2cap_recv
 .text.btmemb_init
                0x80013c5c       0x24 /opt/devkitpro/libogc/lib/wii/libbte.a(btmemb.o)
                0x80013c5c                btmemb_init
 .text.btmemb_alloc
                0x80013c80       0x98 /opt/devkitpro/libogc/lib/wii/libbte.a(btmemb.o)
                0x80013c80                btmemb_alloc
 .text.btmemb_free
                0x80013d18      0x114 /opt/devkitpro/libogc/lib/wii/libbte.a(btmemb.o)
                0x80013d18                btmemb_free
 .text.plug_holes
                0x80013e2c       0xac /opt/devkitpro/libogc/lib/wii/libbte.a(btmemr.o)
 .text.btmemr_init
                0x80013ed8       0xa4 /opt/devkitpro/libogc/lib/wii/libbte.a(btmemr.o)
                0x80013ed8                btmemr_init
 .text.btmemr_malloc
                0x80013f7c      0x17c /opt/devkitpro/libogc/lib/wii/libbte.a(btmemr.o)
                0x80013f7c                btmemr_malloc
 .text.btmemr_free
                0x800140f8       0x98 /opt/devkitpro/libogc/lib/wii/libbte.a(btmemr.o)
                0x800140f8                btmemr_free
 .text.btmemr_realloc
                0x80014190      0x108 /opt/devkitpro/libogc/lib/wii/libbte.a(btmemr.o)
                0x80014190                btmemr_realloc
 .text.btpbuf_init
                0x80014298       0x28 /opt/devkitpro/libogc/lib/wii/libbte.a(btpbuf.o)
                0x80014298                btpbuf_init
 .text.btpbuf_free
                0x800142c0      0x11c /opt/devkitpro/libogc/lib/wii/libbte.a(btpbuf.o)
                0x800142c0                btpbuf_free
 .text.btpbuf_alloc
                0x800143dc      0x250 /opt/devkitpro/libogc/lib/wii/libbte.a(btpbuf.o)
                0x800143dc                btpbuf_alloc
 .text.btpbuf_realloc
                0x8001462c      0x110 /opt/devkitpro/libogc/lib/wii/libbte.a(btpbuf.o)
                0x8001462c                btpbuf_realloc
 .text.btpbuf_header
                0x8001473c       0x84 /opt/devkitpro/libogc/lib/wii/libbte.a(btpbuf.o)
                0x8001473c                btpbuf_header
 .text.btpbuf_ref
                0x800147c0       0x48 /opt/devkitpro/libogc/lib/wii/libbte.a(btpbuf.o)
                0x800147c0                btpbuf_ref
 .text.btpbuf_chain
                0x80014808       0x9c /opt/devkitpro/libogc/lib/wii/libbte.a(btpbuf.o)
                0x80014808                btpbuf_chain
 .text.btpbuf_dechain
                0x800148a4       0x7c /opt/devkitpro/libogc/lib/wii/libbte.a(btpbuf.o)
                0x800148a4                btpbuf_dechain
 .text.btpbuf_take
                0x80014920      0x13c /opt/devkitpro/libogc/lib/wii/libbte.a(btpbuf.o)
                0x80014920                btpbuf_take
 .text.__usb_closeCB
                0x80014a5c       0x10 /opt/devkitpro/libogc/lib/wii/libbte.a(physbusif.o)
 .text.__writebulkmsgCB
                0x80014a6c       0x3c /opt/devkitpro/libogc/lib/wii/libbte.a(physbusif.o)
 .text.__writectrlmsgCB
                0x80014aa8       0x3c /opt/devkitpro/libogc/lib/wii/libbte.a(physbusif.o)
 .text.__issue_intrread.part.0
                0x80014ae4       0x80 /opt/devkitpro/libogc/lib/wii/libbte.a(physbusif.o)
 .text.__readintrdataCB
                0x80014b64      0x148 /opt/devkitpro/libogc/lib/wii/libbte.a(physbusif.o)
 .text.__issue_bulkread.part.0
                0x80014cac       0x80 /opt/devkitpro/libogc/lib/wii/libbte.a(physbusif.o)
 .text.__readbulkdataCB
                0x80014d2c      0x148 /opt/devkitpro/libogc/lib/wii/libbte.a(physbusif.o)
 .text.physbusif_init
                0x80014e74      0x1ec /opt/devkitpro/libogc/lib/wii/libbte.a(physbusif.o)
                0x80014e74                physbusif_init
 .text.physbusif_close
                0x80015060       0x20 /opt/devkitpro/libogc/lib/wii/libbte.a(physbusif.o)
                0x80015060                physbusif_close
 .text.physbusif_shutdown
                0x80015080       0x24 /opt/devkitpro/libogc/lib/wii/libbte.a(physbusif.o)
                0x80015080                physbusif_shutdown
 .text.physbusif_reset_all
                0x800150a4        0x4 /opt/devkitpro/libogc/lib/wii/libbte.a(physbusif.o)
                0x800150a4                physbusif_reset_all
 .text.physbusif_output
                0x800150a8      0x1c4 /opt/devkitpro/libogc/lib/wii/libbte.a(physbusif.o)
                0x800150a8                physbusif_output
 .text._get_next_page
                0x8001526c      0x248 /opt/devkitpro/portlibs/ppc/lib/libvorbisidec.a(vorbisfile.o)
 .text._initial_pcmoffset
                0x800154b4      0x148 /opt/devkitpro/portlibs/ppc/lib/libvorbisidec.a(vorbisfile.o)
 .text._seek_helper
                0x800155fc       0xbc /opt/devkitpro/portlibs/ppc/lib/libvorbisidec.a(vorbisfile.o)
 .text._make_decode_ready
                0x800156b8       0xc8 /opt/devkitpro/portlibs/ppc/lib/libvorbisidec.a(vorbisfile.o)
 .text._get_prev_page_serial
                0x80015780      0x284 /opt/devkitpro/portlibs/ppc/lib/libvorbisidec.a(vorbisfile.o)
 .text._fetch_headers
                0x80015a04      0x3e0 /opt/devkitpro/portlibs/ppc/lib/libvorbisidec.a(vorbisfile.o)
 .text._bisect_forward_serialno
                0x80015de4      0x5b8 /opt/devkitpro/portlibs/ppc/lib/libvorbisidec.a(vorbisfile.o)
 .text._fetch_and_process_packet.constprop.10
                0x8001639c      0x40c /opt/devkitpro/portlibs/ppc/lib/libvorbisidec.a(vorbisfile.o)
 .text.ov_clear
                0x800167a8      0x124 /opt/devkitpro/portlibs/ppc/lib/libvorbisidec.a(vorbisfile.o)
                0x800167a8                ov_clear
 .text._ov_open1
                0x800168cc      0x2a8 /opt/devkitpro/portlibs/ppc/lib/libvorbisidec.a(vorbisfile.o)
 .text.ov_pcm_total
                0x80016b74       0x54 /opt/devkitpro/portlibs/ppc/lib/libvorbisidec.a(vorbisfile.o)
                0x80016b74                ov_pcm_total
 .text.ov_pcm_total.part.3
                0x80016bc8       0xac /opt/devkitpro/portlibs/ppc/lib/libvorbisidec.a(vorbisfile.o)
 .text.ov_time_total
                0x80016c74       0x98 /opt/devkitpro/portlibs/ppc/lib/libvorbisidec.a(vorbisfile.o)
                0x80016c74                ov_time_total
 .text.ov_time_total.part.4
                0x80016d0c       0xac /opt/devkitpro/portlibs/ppc/lib/libvorbisidec.a(vorbisfile.o)
 .text.ov_raw_seek
                0x80016db8      0x538 /opt/devkitpro/portlibs/ppc/lib/libvorbisidec.a(vorbisfile.o)
                0x80016db8                ov_raw_seek
 .text._open_seekable2
                0x800172f0      0x268 /opt/devkitpro/portlibs/ppc/lib/libvorbisidec.a(vorbisfile.o)
 .text.ov_open_callbacks
                0x80017558       0xbc /opt/devkitpro/portlibs/ppc/lib/libvorbisidec.a(vorbisfile.o)
                0x80017558                ov_open_callbacks
 .text.ov_pcm_seek_page
                0x80017614      0xce0 /opt/devkitpro/portlibs/ppc/lib/libvorbisidec.a(vorbisfile.o)
                0x80017614                ov_pcm_seek_page
 .text.ov_pcm_seek
                0x800182f4      0x488 /opt/devkitpro/portlibs/ppc/lib/libvorbisidec.a(vorbisfile.o)
                0x800182f4                ov_pcm_seek
 .text.ov_time_seek
                0x8001877c      0x1d0 /opt/devkitpro/portlibs/ppc/lib/libvorbisidec.a(vorbisfile.o)
                0x8001877c                ov_time_seek
 .text.ov_info  0x8001894c       0x60 /opt/devkitpro/portlibs/ppc/lib/libvorbisidec.a(vorbisfile.o)
                0x8001894c                ov_info
 .text.ov_read  0x800189ac      0x1e8 /opt/devkitpro/portlibs/ppc/lib/libvorbisidec.a(vorbisfile.o)
                0x800189ac                ov_read
 .text.vorbis_block_init
                0x80018b94       0x40 /opt/devkitpro/portlibs/ppc/lib/libvorbisidec.a(block.o)
                0x80018b94                vorbis_block_init
 .text._vorbis_block_alloc
                0x80018bd4       0xc4 /opt/devkitpro/portlibs/ppc/lib/libvorbisidec.a(block.o)
                0x80018bd4                _vorbis_block_alloc
 .text._vorbis_block_ripcord
                0x80018c98       0xcc /opt/devkitpro/portlibs/ppc/lib/libvorbisidec.a(block.o)
                0x80018c98                _vorbis_block_ripcord
 .text.vorbis_block_clear
                0x80018d64       0x50 /opt/devkitpro/portlibs/ppc/lib/libvorbisidec.a(block.o)
                0x80018d64                vorbis_block_clear
 .text.vorbis_synthesis_restart
                0x80018db4       0x74 /opt/devkitpro/portlibs/ppc/lib/libvorbisidec.a(block.o)
                0x80018db4                vorbis_synthesis_restart
 .text.vorbis_dsp_clear
                0x80018e28      0x19c /opt/devkitpro/portlibs/ppc/lib/libvorbisidec.a(block.o)
                0x80018e28                vorbis_dsp_clear
 .text.vorbis_synthesis_init
                0x80018fc4      0x348 /opt/devkitpro/portlibs/ppc/lib/libvorbisidec.a(block.o)
                0x80018fc4                vorbis_synthesis_init
 .text.vorbis_synthesis_blockin
                0x8001930c      0x738 /opt/devkitpro/portlibs/ppc/lib/libvorbisidec.a(block.o)
                0x8001930c                vorbis_synthesis_blockin
 .text.vorbis_synthesis_pcmout
                0x80019a44       0x84 /opt/devkitpro/portlibs/ppc/lib/libvorbisidec.a(block.o)
                0x80019a44                vorbis_synthesis_pcmout
 .text.vorbis_synthesis_read
                0x80019ac8       0x30 /opt/devkitpro/portlibs/ppc/lib/libvorbisidec.a(block.o)
                0x80019ac8                vorbis_synthesis_read
 .text._vorbis_window
                0x80019af8       0xc8 /opt/devkitpro/portlibs/ppc/lib/libvorbisidec.a(window.o)
                0x80019af8                _vorbis_window
 .text._vorbis_apply_window
                0x80019bc0      0x1ac /opt/devkitpro/portlibs/ppc/lib/libvorbisidec.a(window.o)
                0x80019bc0                _vorbis_apply_window
 .text._vorbis_synthesis1
                0x80019d6c      0x2a4 /opt/devkitpro/portlibs/ppc/lib/libvorbisidec.a(synthesis.o)
 .text.vorbis_synthesis
                0x8001a010        0x8 /opt/devkitpro/portlibs/ppc/lib/libvorbisidec.a(synthesis.o)
                0x8001a010                vorbis_synthesis
 .text.vorbis_synthesis_trackonly
                0x8001a018        0x8 /opt/devkitpro/portlibs/ppc/lib/libvorbisidec.a(synthesis.o)
                0x8001a018                vorbis_synthesis_trackonly
 .text.vorbis_packet_blocksize
                0x8001a020       0xa8 /opt/devkitpro/portlibs/ppc/lib/libvorbisidec.a(synthesis.o)
                0x8001a020                vorbis_packet_blocksize
 .text.vorbis_comment_init
                0x8001a0c8       0x18 /opt/devkitpro/portlibs/ppc/lib/libvorbisidec.a(info.o)
                0x8001a0c8                vorbis_comment_init
 .text.vorbis_comment_clear
                0x8001a0e0       0xb4 /opt/devkitpro/portlibs/ppc/lib/libvorbisidec.a(info.o)
                0x8001a0e0                vorbis_comment_clear
 .text.vorbis_info_blocksize
                0x8001a194       0x20 /opt/devkitpro/portlibs/ppc/lib/libvorbisidec.a(info.o)
                0x8001a194                vorbis_info_blocksize
 .text.vorbis_info_init
                0x8001a1b4       0x58 /opt/devkitpro/portlibs/ppc/lib/libvorbisidec.a(info.o)
                0x8001a1b4                vorbis_info_init
 .text.vorbis_info_clear
                0x8001a20c      0x210 /opt/devkitpro/portlibs/ppc/lib/libvorbisidec.a(info.o)
                0x8001a20c                vorbis_info_clear
 .text.vorbis_synthesis_idheader
                0x8001a41c       0xd4 /opt/devkitpro/portlibs/ppc/lib/libvorbisidec.a(info.o)
                0x8001a41c                vorbis_synthesis_idheader
 .text.vorbis_synthesis_headerin
                0x8001a4f0      0x740 /opt/devkitpro/portlibs/ppc/lib/libvorbisidec.a(info.o)
                0x8001a4f0                vorbis_synthesis_headerin
 .text.bitreverse
                0x8001ac30       0x80 /opt/devkitpro/portlibs/ppc/lib/libvorbisidec.a(codebook.o)
 .text.vorbis_staticbook_unpack
                0x8001acb0      0x4b0 /opt/devkitpro/portlibs/ppc/lib/libvorbisidec.a(codebook.o)
                0x8001acb0                vorbis_staticbook_unpack
 .text.vorbis_book_decode
                0x8001b160      0x1e0 /opt/devkitpro/portlibs/ppc/lib/libvorbisidec.a(codebook.o)
                0x8001b160                vorbis_book_decode
 .text.vorbis_book_decodevs_add
                0x8001b340      0x4ac /opt/devkitpro/portlibs/ppc/lib/libvorbisidec.a(codebook.o)
                0x8001b340                vorbis_book_decodevs_add
 .text.vorbis_book_decodev_add
                0x8001b7ec      0x454 /opt/devkitpro/portlibs/ppc/lib/libvorbisidec.a(codebook.o)
                0x8001b7ec                vorbis_book_decodev_add
 .text.vorbis_book_decodev_set
                0x8001bc40      0x4cc /opt/devkitpro/portlibs/ppc/lib/libvorbisidec.a(codebook.o)
                0x8001bc40                vorbis_book_decodev_set
 .text.vorbis_book_decodevv_add
                0x8001c10c      0x44c /opt/devkitpro/portlibs/ppc/lib/libvorbisidec.a(codebook.o)
                0x8001c10c                vorbis_book_decodevv_add
 .text.bitreverse
                0x8001c558       0x80 /opt/devkitpro/portlibs/ppc/lib/libvorbisidec.a(sharedbook.o)
 .text.sort32a  0x8001c5d8       0x24 /opt/devkitpro/portlibs/ppc/lib/libvorbisidec.a(sharedbook.o)
 .text._ilog    0x8001c5fc       0x28 /opt/devkitpro/portlibs/ppc/lib/libvorbisidec.a(sharedbook.o)
                0x8001c5fc                _ilog
 .text._make_words
                0x8001c624      0x32c /opt/devkitpro/portlibs/ppc/lib/libvorbisidec.a(sharedbook.o)
                0x8001c624                _make_words
 .text._book_maptype1_quantvals
                0x8001c950       0xb0 /opt/devkitpro/portlibs/ppc/lib/libvorbisidec.a(sharedbook.o)
                0x8001c950                _book_maptype1_quantvals
 .text._book_unquantize.part.1
                0x8001ca00      0x7a0 /opt/devkitpro/portlibs/ppc/lib/libvorbisidec.a(sharedbook.o)
 .text.vorbis_staticbook_destroy
                0x8001d1a0       0x4c /opt/devkitpro/portlibs/ppc/lib/libvorbisidec.a(sharedbook.o)
                0x8001d1a0                vorbis_staticbook_destroy
 .text.vorbis_book_clear
                0x8001d1ec       0x84 /opt/devkitpro/portlibs/ppc/lib/libvorbisidec.a(sharedbook.o)
                0x8001d1ec                vorbis_book_clear
 .text.vorbis_book_init_decode
                0x8001d270      0x54c /opt/devkitpro/portlibs/ppc/lib/libvorbisidec.a(sharedbook.o)
                0x8001d270                vorbis_book_init_decode
 .text.icomp    0x8001d7bc       0x18 /opt/devkitpro/portlibs/ppc/lib/libvorbisidec.a(floor1.o)
 .text.floor1_inverse2
                0x8001d7d4      0x2e4 /opt/devkitpro/portlibs/ppc/lib/libvorbisidec.a(floor1.o)
 .text.floor1_inverse1
                0x8001dab8      0x3b4 /opt/devkitpro/portlibs/ppc/lib/libvorbisidec.a(floor1.o)
 .text.floor1_free_look
                0x8001de6c        0xc /opt/devkitpro/portlibs/ppc/lib/libvorbisidec.a(floor1.o)
 .text.floor1_free_info
                0x8001de78        0xc /opt/devkitpro/portlibs/ppc/lib/libvorbisidec.a(floor1.o)
 .text.floor1_look
                0x8001de84      0x260 /opt/devkitpro/portlibs/ppc/lib/libvorbisidec.a(floor1.o)
 .text.floor1_unpack
                0x8001e0e4      0x400 /opt/devkitpro/portlibs/ppc/lib/libvorbisidec.a(floor1.o)
 .text.floor0_inverse1
                0x8001e4e4      0x224 /opt/devkitpro/portlibs/ppc/lib/libvorbisidec.a(floor0.o)
 .text.floor0_free_info
                0x8001e708        0xc /opt/devkitpro/portlibs/ppc/lib/libvorbisidec.a(floor0.o)
 .text.floor0_unpack
                0x8001e714      0x184 /opt/devkitpro/portlibs/ppc/lib/libvorbisidec.a(floor0.o)
 .text.floor0_free_look
                0x8001e898       0x5c /opt/devkitpro/portlibs/ppc/lib/libvorbisidec.a(floor0.o)
 .text.floor0_look
                0x8001e8f4      0x288 /opt/devkitpro/portlibs/ppc/lib/libvorbisidec.a(floor0.o)
 .text.vorbis_lsp_to_curve
                0x8001eb7c      0x5d4 /opt/devkitpro/portlibs/ppc/lib/libvorbisidec.a(floor0.o)
                0x8001eb7c                vorbis_lsp_to_curve
 .text.floor0_inverse2
                0x8001f150       0x80 /opt/devkitpro/portlibs/ppc/lib/libvorbisidec.a(floor0.o)
 .text.res0_free_info
                0x8001f1d0        0xc /opt/devkitpro/portlibs/ppc/lib/libvorbisidec.a(res012.o)
                0x8001f1d0                res0_free_info
 .text.res0_unpack
                0x8001f1dc      0x284 /opt/devkitpro/portlibs/ppc/lib/libvorbisidec.a(res012.o)
                0x8001f1dc                res0_unpack
 .text.res0_look
                0x8001f460      0x290 /opt/devkitpro/portlibs/ppc/lib/libvorbisidec.a(res012.o)
                0x8001f460                res0_look
 .text._01inverse
                0x8001f6f0      0x360 /opt/devkitpro/portlibs/ppc/lib/libvorbisidec.a(res012.o)
 .text.res0_inverse
                0x8001fa50       0x68 /opt/devkitpro/portlibs/ppc/lib/libvorbisidec.a(res012.o)
                0x8001fa50                res0_inverse
 .text.res1_inverse
                0x8001fab8       0x68 /opt/devkitpro/portlibs/ppc/lib/libvorbisidec.a(res012.o)
                0x8001fab8                res1_inverse
 .text.res2_inverse
                0x8001fb20      0x308 /opt/devkitpro/portlibs/ppc/lib/libvorbisidec.a(res012.o)
                0x8001fb20                res2_inverse
 .text.res0_free_look
                0x8001fe28       0xc0 /opt/devkitpro/portlibs/ppc/lib/libvorbisidec.a(res012.o)
                0x8001fe28                res0_free_look
 .text.mapping0_inverse
                0x8001fee8      0x538 /opt/devkitpro/portlibs/ppc/lib/libvorbisidec.a(mapping0.o)
 .text.mapping0_free_info
                0x80020420        0xc /opt/devkitpro/portlibs/ppc/lib/libvorbisidec.a(mapping0.o)
 .text.mapping0_look
                0x8002042c      0x1bc /opt/devkitpro/portlibs/ppc/lib/libvorbisidec.a(mapping0.o)
 .text.mapping0_unpack
                0x800205e8      0x2b8 /opt/devkitpro/portlibs/ppc/lib/libvorbisidec.a(mapping0.o)
 .text.mapping0_free_look
                0x800208a0       0xd0 /opt/devkitpro/portlibs/ppc/lib/libvorbisidec.a(mapping0.o)
 .text.mdct_backward
                0x80020970     0x18dc /opt/devkitpro/portlibs/ppc/lib/libvorbisidec.a(mdct.o)
                0x80020970                mdct_backward
 .text._os_update_crc
                0x8002224c      0x15c /opt/devkitpro/portlibs/ppc/lib/libogg.a(framing.o)
 .text._packetout
                0x800223a8      0x1b4 /opt/devkitpro/portlibs/ppc/lib/libogg.a(framing.o)
 .text.ogg_page_continued
                0x8002255c       0x10 /opt/devkitpro/portlibs/ppc/lib/libogg.a(framing.o)
                0x8002255c                ogg_page_continued
 .text.ogg_page_bos
                0x8002256c       0x10 /opt/devkitpro/portlibs/ppc/lib/libogg.a(framing.o)
                0x8002256c                ogg_page_bos
 .text.ogg_page_eos
                0x8002257c       0x10 /opt/devkitpro/portlibs/ppc/lib/libogg.a(framing.o)
                0x8002257c                ogg_page_eos
 .text.ogg_page_granulepos
                0x8002258c       0x18 /opt/devkitpro/portlibs/ppc/lib/libogg.a(framing.o)
                0x8002258c                ogg_page_granulepos
 .text.ogg_page_serialno
                0x800225a4       0x10 /opt/devkitpro/portlibs/ppc/lib/libogg.a(framing.o)
                0x800225a4                ogg_page_serialno
 .text.ogg_stream_clear
                0x800225b4       0x70 /opt/devkitpro/portlibs/ppc/lib/libogg.a(framing.o)
                0x800225b4                ogg_stream_clear
 .text.ogg_stream_init
                0x80022624       0xc8 /opt/devkitpro/portlibs/ppc/lib/libogg.a(framing.o)
                0x80022624                ogg_stream_init
 .text._os_body_expand
                0x800226ec       0xbc /opt/devkitpro/portlibs/ppc/lib/libogg.a(framing.o)
 .text._os_lacing_expand
                0x800227a8       0xd4 /opt/devkitpro/portlibs/ppc/lib/libogg.a(framing.o)
 .text.ogg_page_checksum_set
                0x8002287c       0xa0 /opt/devkitpro/portlibs/ppc/lib/libogg.a(framing.o)
                0x8002287c                ogg_page_checksum_set
 .text.ogg_sync_init
                0x8002291c       0x30 /opt/devkitpro/portlibs/ppc/lib/libogg.a(framing.o)
                0x8002291c                ogg_sync_init
 .text.ogg_sync_clear
                0x8002294c       0x60 /opt/devkitpro/portlibs/ppc/lib/libogg.a(framing.o)
                0x8002294c                ogg_sync_clear
 .text.ogg_sync_buffer
                0x800229ac      0x118 /opt/devkitpro/portlibs/ppc/lib/libogg.a(framing.o)
                0x800229ac                ogg_sync_buffer
 .text.ogg_sync_wrote
                0x80022ac4       0x30 /opt/devkitpro/portlibs/ppc/lib/libogg.a(framing.o)
                0x80022ac4                ogg_sync_wrote
 .text.ogg_sync_pageseek
                0x80022af4      0x20c /opt/devkitpro/portlibs/ppc/lib/libogg.a(framing.o)
                0x80022af4                ogg_sync_pageseek
 .text.ogg_stream_pagein
                0x80022d00      0x4a0 /opt/devkitpro/portlibs/ppc/lib/libogg.a(framing.o)
                0x80022d00                ogg_stream_pagein
 .text.ogg_sync_reset
                0x800231a0       0x38 /opt/devkitpro/portlibs/ppc/lib/libogg.a(framing.o)
                0x800231a0                ogg_sync_reset
 .text.ogg_stream_reset
                0x800231d8       0x68 /opt/devkitpro/portlibs/ppc/lib/libogg.a(framing.o)
                0x800231d8                ogg_stream_reset
 .text.ogg_stream_reset_serialno
                0x80023240       0x6c /opt/devkitpro/portlibs/ppc/lib/libogg.a(framing.o)
                0x80023240                ogg_stream_reset_serialno
 .text.ogg_stream_packetout
                0x800232ac       0x24 /opt/devkitpro/portlibs/ppc/lib/libogg.a(framing.o)
                0x800232ac                ogg_stream_packetout
 .text.ogg_stream_packetpeek
                0x800232d0       0x24 /opt/devkitpro/portlibs/ppc/lib/libogg.a(framing.o)
                0x800232d0                ogg_stream_packetpeek
 .text.oggpack_readinit
                0x800232f4       0x1c /opt/devkitpro/portlibs/ppc/lib/libogg.a(bitwise.o)
                0x800232f4                oggpack_readinit
 .text.oggpack_look
                0x80023310       0xd8 /opt/devkitpro/portlibs/ppc/lib/libogg.a(bitwise.o)
                0x80023310                oggpack_look
 .text.oggpack_adv
                0x800233e8       0x64 /opt/devkitpro/portlibs/ppc/lib/libogg.a(bitwise.o)
                0x800233e8                oggpack_adv
 .text.oggpack_read
                0x8002344c      0x110 /opt/devkitpro/portlibs/ppc/lib/libogg.a(bitwise.o)
                0x8002344c                oggpack_read
 .text.oggpack_bytes
                0x8002355c       0x1c /opt/devkitpro/portlibs/ppc/lib/libogg.a(bitwise.o)
                0x8002355c                oggpack_bytes
 .text.__dsp_donecallback
                0x80023578        0xc /opt/devkitpro/libogc/lib/wii/libasnd.a(asndlib.o)
 .text.__dsp_initcallback
                0x80023584       0x58 /opt/devkitpro/libogc/lib/wii/libasnd.a(asndlib.o)
 .text.audio_dma_callback
                0x800235dc      0x5a0 /opt/devkitpro/libogc/lib/wii/libasnd.a(asndlib.o)
 .text.__dsp_requestcallback
                0x80023b7c      0x65c /opt/devkitpro/libogc/lib/wii/libasnd.a(asndlib.o)
 .text.ASND_Init
                0x800241d8      0x1c0 /opt/devkitpro/libogc/lib/wii/libasnd.a(asndlib.o)
                0x800241d8                ASND_Init
 .text.ASND_SetVoice
                0x80024398      0x200 /opt/devkitpro/libogc/lib/wii/libasnd.a(asndlib.o)
                0x80024398                ASND_SetVoice
 .text.ASND_AddVoice
                0x80024598      0x110 /opt/devkitpro/libogc/lib/wii/libasnd.a(asndlib.o)
                0x80024598                ASND_AddVoice
 .text.ASND_TestPointer
                0x800246a8       0x78 /opt/devkitpro/libogc/lib/wii/libasnd.a(asndlib.o)
                0x800246a8                ASND_TestPointer
 .text.ASND_StopVoice
                0x80024720       0x74 /opt/devkitpro/libogc/lib/wii/libasnd.a(asndlib.o)
                0x80024720                ASND_StopVoice
 .text.ASND_StatusVoice
                0x80024794       0x8c /opt/devkitpro/libogc/lib/wii/libasnd.a(asndlib.o)
                0x80024794                ASND_StatusVoice
 .text.ASND_Pause
                0x80024820        0x8 /opt/devkitpro/libogc/lib/wii/libasnd.a(asndlib.o)
                0x80024820                ASND_Pause
 .text.__console_clear_line
                0x80024828       0xb4 /opt/devkitpro/libogc/lib/wii/libogc.a(console.o)
 .text.__console_clear
                0x800248dc       0xbc /opt/devkitpro/libogc/lib/wii/libogc.a(console.o)
 .text.__console_write
                0x80024998      0x82c /opt/devkitpro/libogc/lib/wii/libogc.a(console.o)
                0x80024998                __console_write
 .text.__console_init
                0x800251c4      0x120 /opt/devkitpro/libogc/lib/wii/libogc.a(console.o)
                0x800251c4                __console_init
 .text.CON_Init
                0x800252e4        0x4 /opt/devkitpro/libogc/lib/wii/libogc.a(console.o)
                0x800252e4                CON_Init
 .text.CON_EnableGecko
                0x800252e8      0x100 /opt/devkitpro/libogc/lib/wii/libogc.a(console.o)
                0x800252e8                CON_EnableGecko
 .text.__lwp_queue_initialize
                0x800253e8       0x98 /opt/devkitpro/libogc/lib/wii/libogc.a(lwp_queue.o)
                0x800253e8                __lwp_queue_initialize
 .text.__lwp_queue_get
                0x80025480       0x74 /opt/devkitpro/libogc/lib/wii/libogc.a(lwp_queue.o)
                0x80025480                __lwp_queue_get
 .text.__lwp_queue_append
                0x800254f4       0x4c /opt/devkitpro/libogc/lib/wii/libogc.a(lwp_queue.o)
                0x800254f4                __lwp_queue_append
 .text.__syscall_getreent
                0x80025540       0x24 /opt/devkitpro/libogc/lib/wii/libogc.a(lwp_threads.o)
                0x80025540                __syscall_getreent
 .text.__lwp_isr_in_progress
                0x80025564        0x8 /opt/devkitpro/libogc/lib/wii/libogc.a(lwp_threads.o)
                0x80025564                __lwp_isr_in_progress
 .text.__thread_dispatch_fp
                0x8002556c       0x88 /opt/devkitpro/libogc/lib/wii/libogc.a(lwp_threads.o)
                0x8002556c                __thread_dispatch_fp
 .text.__thread_dispatch
                0x800255f4       0xf4 /opt/devkitpro/libogc/lib/wii/libogc.a(lwp_threads.o)
                0x800255f4                __thread_dispatch
 .text.__lwp_thread_resettimeslice
                0x800256e8       0xb4 /opt/devkitpro/libogc/lib/wii/libogc.a(lwp_threads.o)
                0x800256e8                __lwp_thread_resettimeslice
 .text.__lwp_thread_tickle_timeslice
                0x8002579c       0xc8 /opt/devkitpro/libogc/lib/wii/libogc.a(lwp_threads.o)
                0x8002579c                __lwp_thread_tickle_timeslice
 .text.__lwp_thread_setstate
                0x80025864      0x16c /opt/devkitpro/libogc/lib/wii/libogc.a(lwp_threads.o)
                0x80025864                __lwp_thread_setstate
 .text.__lwp_thread_clearstate
                0x800259d0       0xe4 /opt/devkitpro/libogc/lib/wii/libogc.a(lwp_threads.o)
                0x800259d0                __lwp_thread_clearstate
 .text.__lwp_thread_delayended
                0x80025ab4       0x48 /opt/devkitpro/libogc/lib/wii/libogc.a(lwp_threads.o)
                0x80025ab4                __lwp_thread_delayended
 .text.__lwp_thread_settransient
                0x80025afc       0xb4 /opt/devkitpro/libogc/lib/wii/libogc.a(lwp_threads.o)
                0x80025afc                __lwp_thread_settransient
 .text.__lwp_thread_changepriority
                0x80025bb0      0x1f8 /opt/devkitpro/libogc/lib/wii/libogc.a(lwp_threads.o)
                0x80025bb0                __lwp_thread_changepriority
 .text.__lwp_thread_ready
                0x80025da8       0xf0 /opt/devkitpro/libogc/lib/wii/libogc.a(lwp_threads.o)
                0x80025da8                __lwp_thread_ready
 .text.__lwp_thread_init
                0x80025e98      0x160 /opt/devkitpro/libogc/lib/wii/libogc.a(lwp_threads.o)
                0x80025e98                __lwp_thread_init
 .text.__lwp_thread_close
                0x80025ff8      0x144 /opt/devkitpro/libogc/lib/wii/libogc.a(lwp_threads.o)
                0x80025ff8                __lwp_thread_close
 .text.__lwp_thread_handler
                0x8002613c       0xc0 /opt/devkitpro/libogc/lib/wii/libogc.a(lwp_threads.o)
 .text.__lwp_thread_closeall
                0x800261fc       0xb0 /opt/devkitpro/libogc/lib/wii/libogc.a(lwp_threads.o)
                0x800261fc                __lwp_thread_closeall
 .text.__lwp_thread_start
                0x800262ac      0x150 /opt/devkitpro/libogc/lib/wii/libogc.a(lwp_threads.o)
                0x800262ac                __lwp_thread_start
 .text.__lwp_thread_startmultitasking
                0x800263fc       0xac /opt/devkitpro/libogc/lib/wii/libogc.a(lwp_threads.o)
                0x800263fc                __lwp_thread_startmultitasking
 .text.__lwp_thread_stopmultitasking
                0x800264a8       0x58 /opt/devkitpro/libogc/lib/wii/libogc.a(lwp_threads.o)
                0x800264a8                __lwp_thread_stopmultitasking
 .text.__lwp_thread_coreinit
                0x80026500       0xc4 /opt/devkitpro/libogc/lib/wii/libogc.a(lwp_threads.o)
                0x80026500                __lwp_thread_coreinit
 .text.idle_func
                0x800265c4        0x4 /opt/devkitpro/libogc/lib/wii/libogc.a(lwp.o)
 .text.__lwp_sysinit
                0x800265c8      0x114 /opt/devkitpro/libogc/lib/wii/libogc.a(lwp.o)
                0x800265c8                __lwp_sysinit
 .text.LWP_CreateThread
                0x800266dc      0x1b0 /opt/devkitpro/libogc/lib/wii/libogc.a(lwp.o)
                0x800266dc                LWP_CreateThread
 .text.LWP_JoinThread
                0x8002688c      0x150 /opt/devkitpro/libogc/lib/wii/libogc.a(lwp.o)
                0x8002688c                LWP_JoinThread
 .text.LWP_InitQueue
                0x800269dc      0x140 /opt/devkitpro/libogc/lib/wii/libogc.a(lwp.o)
                0x800269dc                LWP_InitQueue
 .text.LWP_CloseQueue
                0x80026b1c       0xd4 /opt/devkitpro/libogc/lib/wii/libogc.a(lwp.o)
                0x80026b1c                LWP_CloseQueue
 .text.LWP_ThreadSleep
                0x80026bf0       0xf8 /opt/devkitpro/libogc/lib/wii/libogc.a(lwp.o)
                0x80026bf0                LWP_ThreadSleep
 .text.LWP_ThreadBroadcast
                0x80026ce8       0x88 /opt/devkitpro/libogc/lib/wii/libogc.a(lwp.o)
                0x80026ce8                LWP_ThreadBroadcast
 .text.LWP_ThreadSignal
                0x80026d70       0x74 /opt/devkitpro/libogc/lib/wii/libogc.a(lwp.o)
                0x80026d70                LWP_ThreadSignal
 .text.__lwp_stack_allocate
                0x80026de4       0x60 /opt/devkitpro/libogc/lib/wii/libogc.a(lwp_stack.o)
                0x80026de4                __lwp_stack_allocate
 .text.__lwp_stack_free
                0x80026e44       0x1c /opt/devkitpro/libogc/lib/wii/libogc.a(lwp_stack.o)
                0x80026e44                __lwp_stack_free
 .text.__lwp_wd_settimer
                0x80026e60       0xe0 /opt/devkitpro/libogc/lib/wii/libogc.a(lwp_watchdog.o)
 .text.__lwp_watchdog_init
                0x80026f40       0x2c /opt/devkitpro/libogc/lib/wii/libogc.a(lwp_watchdog.o)
                0x80026f40                __lwp_watchdog_init
 .text.__lwp_wd_insert
                0x80026f6c      0x194 /opt/devkitpro/libogc/lib/wii/libogc.a(lwp_watchdog.o)
                0x80026f6c                __lwp_wd_insert
 .text.__lwp_wd_remove
                0x80027100      0x138 /opt/devkitpro/libogc/lib/wii/libogc.a(lwp_watchdog.o)
                0x80027100                __lwp_wd_remove
 .text.__lwp_wd_tickle
                0x80027238      0x120 /opt/devkitpro/libogc/lib/wii/libogc.a(lwp_watchdog.o)
                0x80027238                __lwp_wd_tickle
 .text.__lwp_wkspace_init
                0x80027358       0xc0 /opt/devkitpro/libogc/lib/wii/libogc.a(lwp_wkspace.o)
                0x80027358                __lwp_wkspace_init
 .text.__lwp_objmgr_initinfo
                0x80027418      0x1a0 /opt/devkitpro/libogc/lib/wii/libogc.a(lwp_objmgr.o)
                0x80027418                __lwp_objmgr_initinfo
 .text.__lwp_objmgr_getisrdisable
                0x800275b8       0x60 /opt/devkitpro/libogc/lib/wii/libogc.a(lwp_objmgr.o)
                0x800275b8                __lwp_objmgr_getisrdisable
 .text.__lwp_objmgr_getnoprotection
                0x80027618       0x24 /opt/devkitpro/libogc/lib/wii/libogc.a(lwp_objmgr.o)
                0x80027618                __lwp_objmgr_getnoprotection
 .text.__lwp_objmgr_get
                0x8002763c       0x6c /opt/devkitpro/libogc/lib/wii/libogc.a(lwp_objmgr.o)
                0x8002763c                __lwp_objmgr_get
 .text.__lwp_objmgr_allocate
                0x800276a8       0x88 /opt/devkitpro/libogc/lib/wii/libogc.a(lwp_objmgr.o)
                0x800276a8                __lwp_objmgr_allocate
 .text.__lwp_objmgr_free
                0x80027730       0x60 /opt/devkitpro/libogc/lib/wii/libogc.a(lwp_objmgr.o)
                0x80027730                __lwp_objmgr_free
 .text.__lwp_heap_init
                0x80027790       0xa4 /opt/devkitpro/libogc/lib/wii/libogc.a(lwp_heap.o)
                0x80027790                __lwp_heap_init
 .text.__lwp_heap_allocate
                0x80027834      0x160 /opt/devkitpro/libogc/lib/wii/libogc.a(lwp_heap.o)
                0x80027834                __lwp_heap_allocate
 .text.__lwp_heap_free
                0x80027994      0x188 /opt/devkitpro/libogc/lib/wii/libogc.a(lwp_heap.o)
                0x80027994                __lwp_heap_free
 .text.__SetInterrupts
                0x80027b1c      0x268 /opt/devkitpro/libogc/lib/wii/libogc.a(irq.o)
 .text.c_irqdispatcher
                0x80027d84      0x278 /opt/devkitpro/libogc/lib/wii/libogc.a(irq.o)
                0x80027d84                c_irqdispatcher
 .text.__UnmaskIrq
                0x80027ffc       0x84 /opt/devkitpro/libogc/lib/wii/libogc.a(irq.o)
                0x80027ffc                __UnmaskIrq
 .text.__MaskIrq
                0x80028080       0x84 /opt/devkitpro/libogc/lib/wii/libogc.a(irq.o)
                0x80028080                __MaskIrq
 .text.__irq_init
                0x80028104       0x84 /opt/devkitpro/libogc/lib/wii/libogc.a(irq.o)
                0x80028104                __irq_init
 .text.IRQ_Request
                0x80028188       0x50 /opt/devkitpro/libogc/lib/wii/libogc.a(irq.o)
                0x80028188                IRQ_Request
 .text.IRQ_GetHandler
                0x800281d8       0x44 /opt/devkitpro/libogc/lib/wii/libogc.a(irq.o)
                0x800281d8                IRQ_GetHandler
 .text.IRQ_Disable
                0x8002821c       0x1c /opt/devkitpro/libogc/lib/wii/libogc.a(irq.o)
                0x8002821c                IRQ_Disable
 .text.IRQ_Restore
                0x80028238       0x1c /opt/devkitpro/libogc/lib/wii/libogc.a(irq.o)
                0x80028238                IRQ_Restore
 .text.__VISendI2CData.constprop.0.isra.0
                0x80028254      0x450 /opt/devkitpro/libogc/lib/wii/libogc.a(video.o)
 .text.__setFbbRegs.constprop.0
                0x800286a4      0x190 /opt/devkitpro/libogc/lib/wii/libogc.a(video.o)
 .text.__VISetYUVSEL
                0x80028834       0xb8 /opt/devkitpro/libogc/lib/wii/libogc.a(video.o)
 .text.VIDEO_Configure
                0x800288ec      0x5ec /opt/devkitpro/libogc/lib/wii/libogc.a(video.o)
                0x800288ec                VIDEO_Configure
 .text.VIDEO_WaitVSync
                0x80028ed8       0x74 /opt/devkitpro/libogc/lib/wii/libogc.a(video.o)
                0x80028ed8                VIDEO_WaitVSync
 .text.VIDEO_SetFramebuffer
                0x80028f4c      0x108 /opt/devkitpro/libogc/lib/wii/libogc.a(video.o)
                0x80028f4c                VIDEO_SetFramebuffer
 .text.VIDEO_SetNextFramebuffer
                0x80029054       0x70 /opt/devkitpro/libogc/lib/wii/libogc.a(video.o)
                0x80029054                VIDEO_SetNextFramebuffer
 .text.VIDEO_Flush
                0x800290c4       0xf4 /opt/devkitpro/libogc/lib/wii/libogc.a(video.o)
                0x800290c4                VIDEO_Flush
 .text.VIDEO_SetBlack
                0x800291b8      0x15c /opt/devkitpro/libogc/lib/wii/libogc.a(video.o)
                0x800291b8                VIDEO_SetBlack
 .text.VIDEO_GetCurrentTvMode
                0x80029314       0x78 /opt/devkitpro/libogc/lib/wii/libogc.a(video.o)
                0x80029314                VIDEO_GetCurrentTvMode
 .text.__VIRetraceHandler
                0x8002938c      0x298 /opt/devkitpro/libogc/lib/wii/libogc.a(video.o)
 .text.__VISetupEncoder
                0x80029624      0x2cc /opt/devkitpro/libogc/lib/wii/libogc.a(video.o)
 .text.VIDEO_Init
                0x800298f0      0x4e4 /opt/devkitpro/libogc/lib/wii/libogc.a(video.o)
                0x800298f0                VIDEO_Init
 .text.VIDEO_GetPreferredMode
                0x80029dd4      0x108 /opt/devkitpro/libogc/lib/wii/libogc.a(video.o)
                0x80029dd4                VIDEO_GetPreferredMode
 .text.VIDEO_GetCurrentLine
                0x80029edc       0x9c /opt/devkitpro/libogc/lib/wii/libogc.a(video.o)
                0x80029edc                VIDEO_GetCurrentLine
 .text.VIDEO_GetFrameBufferSize
                0x80029f78       0x34 /opt/devkitpro/libogc/lib/wii/libogc.a(video.o)
                0x80029f78                VIDEO_GetFrameBufferSize
 .text.__call_resetfuncs
                0x80029fac       0xbc /opt/devkitpro/libogc/lib/wii/libogc.a(system.o)
 .text.__MEMInterruptHandler
                0x8002a068       0x14 /opt/devkitpro/libogc/lib/wii/libogc.a(system.o)
 .text.__RSWDefaultHandler
                0x8002a07c        0x4 /opt/devkitpro/libogc/lib/wii/libogc.a(system.o)
 .text.__POWDefaultHandler
                0x8002a080        0x4 /opt/devkitpro/libogc/lib/wii/libogc.a(system.o)
 .text.__STMEventHandler
                0x8002a084      0x104 /opt/devkitpro/libogc/lib/wii/libogc.a(system.o)
 .text.__getrtc
                0x8002a188      0x13c /opt/devkitpro/libogc/lib/wii/libogc.a(system.o)
 .text.__sram_write
                0x8002a2c4      0x130 /opt/devkitpro/libogc/lib/wii/libogc.a(system.o)
 .text.__sram_writecallback
                0x8002a3f4       0x54 /opt/devkitpro/libogc/lib/wii/libogc.a(system.o)
 .text.__mem_onreset
                0x8002a448       0x48 /opt/devkitpro/libogc/lib/wii/libogc.a(system.o)
 .text.__unlocksram
                0x8002a490      0x174 /opt/devkitpro/libogc/lib/wii/libogc.a(system.o)
 .text.__sys_alarmhandler
                0x8002a604      0x154 /opt/devkitpro/libogc/lib/wii/libogc.a(system.o)
 .text.__syscall_malloc_lock
                0x8002a758        0x4 /opt/devkitpro/libogc/lib/wii/libogc.a(system.o)
                0x8002a758                __syscall_malloc_lock
 .text.__syscall_malloc_unlock
                0x8002a75c        0x4 /opt/devkitpro/libogc/lib/wii/libogc.a(system.o)
                0x8002a75c                __syscall_malloc_unlock
 .text.__syscall_nanosleep
                0x8002a760        0x4 /opt/devkitpro/libogc/lib/wii/libogc.a(system.o)
                0x8002a760                __syscall_nanosleep
 .text.__SYS_GetRTC
                0x8002a764       0xa0 /opt/devkitpro/libogc/lib/wii/libogc.a(system.o)
                0x8002a764                __SYS_GetRTC
 .text.__SYS_SetBootTime
                0x8002a804      0x108 /opt/devkitpro/libogc/lib/wii/libogc.a(system.o)
                0x8002a804                __SYS_SetBootTime
 .text.__SYS_GetIPCBufferLo
                0x8002a90c        0x8 /opt/devkitpro/libogc/lib/wii/libogc.a(system.o)
                0x8002a90c                __SYS_GetIPCBufferLo
 .text.__SYS_GetIPCBufferHi
                0x8002a914        0x8 /opt/devkitpro/libogc/lib/wii/libogc.a(system.o)
                0x8002a914                __SYS_GetIPCBufferHi
 .text.__SYS_DoPowerCB
                0x8002a91c       0x74 /opt/devkitpro/libogc/lib/wii/libogc.a(system.o)
                0x8002a91c                __SYS_DoPowerCB
 .text.__SYS_PreInit
                0x8002a990        0x4 /opt/devkitpro/libogc/lib/wii/libogc.a(system.o)
                0x8002a990                __SYS_PreInit
 .text.SYS_PreMain
                0x8002a994       0x7c /opt/devkitpro/libogc/lib/wii/libogc.a(system.o)
                0x8002a994                SYS_PreMain
 .text.SYS_ResetButtonDown
                0x8002aa10       0x18 /opt/devkitpro/libogc/lib/wii/libogc.a(system.o)
                0x8002aa10                SYS_ResetButtonDown
 .text.SYS_ResetSystem
                0x8002aa28      0x210 /opt/devkitpro/libogc/lib/wii/libogc.a(system.o)
                0x8002aa28                SYS_ResetSystem
 .text.__reload
                0x8002ac38       0x80 /opt/devkitpro/libogc/lib/wii/libogc.a(system.o)
                0x8002ac38                __reload
 .text.__syscall_exit
                0x8002acb8       0x88 /opt/devkitpro/libogc/lib/wii/libogc.a(system.o)
                0x8002acb8                __syscall_exit
 .text.SYS_RegisterResetFunc
                0x8002ad40       0x78 /opt/devkitpro/libogc/lib/wii/libogc.a(system.o)
                0x8002ad40                SYS_RegisterResetFunc
 .text.SYS_SetArena1Lo
                0x8002adb8       0x38 /opt/devkitpro/libogc/lib/wii/libogc.a(system.o)
                0x8002adb8                SYS_SetArena1Lo
 .text.SYS_GetArena1Lo
                0x8002adf0       0x38 /opt/devkitpro/libogc/lib/wii/libogc.a(system.o)
                0x8002adf0                SYS_GetArena1Lo
 .text.SYS_GetArena1Hi
                0x8002ae28       0x38 /opt/devkitpro/libogc/lib/wii/libogc.a(system.o)
                0x8002ae28                SYS_GetArena1Hi
 .text.SYS_SetArena2Lo
                0x8002ae60       0x38 /opt/devkitpro/libogc/lib/wii/libogc.a(system.o)
                0x8002ae60                SYS_SetArena2Lo
 .text.SYS_GetArena2Lo
                0x8002ae98       0x38 /opt/devkitpro/libogc/lib/wii/libogc.a(system.o)
                0x8002ae98                SYS_GetArena2Lo
 .text.SYS_SetArena2Hi
                0x8002aed0       0x38 /opt/devkitpro/libogc/lib/wii/libogc.a(system.o)
                0x8002aed0                SYS_SetArena2Hi
 .text.SYS_GetArena2Hi
                0x8002af08       0x38 /opt/devkitpro/libogc/lib/wii/libogc.a(system.o)
                0x8002af08                SYS_GetArena2Hi
 .text.SYS_AllocateFramebuffer
                0x8002af40       0x28 /opt/devkitpro/libogc/lib/wii/libogc.a(system.o)
                0x8002af40                SYS_AllocateFramebuffer
 .text.SYS_CreateAlarm
                0x8002af68       0xf0 /opt/devkitpro/libogc/lib/wii/libogc.a(system.o)
                0x8002af68                SYS_CreateAlarm
 .text.SYS_SetAlarm
                0x8002b058      0x1e0 /opt/devkitpro/libogc/lib/wii/libogc.a(system.o)
                0x8002b058                SYS_SetAlarm
 .text.SYS_SetPeriodicAlarm
                0x8002b238      0x270 /opt/devkitpro/libogc/lib/wii/libogc.a(system.o)
                0x8002b238                SYS_SetPeriodicAlarm
 .text.SYS_RemoveAlarm
                0x8002b4a8      0x10c /opt/devkitpro/libogc/lib/wii/libogc.a(system.o)
                0x8002b4a8                SYS_RemoveAlarm
 .text.SYS_CancelAlarm
                0x8002b5b4       0xbc /opt/devkitpro/libogc/lib/wii/libogc.a(system.o)
                0x8002b5b4                SYS_CancelAlarm
 .text.SYS_GetWirelessID
                0x8002b670       0x94 /opt/devkitpro/libogc/lib/wii/libogc.a(system.o)
                0x8002b670                SYS_GetWirelessID
 .text.SYS_SetWirelessID
                0x8002b704       0x90 /opt/devkitpro/libogc/lib/wii/libogc.a(system.o)
                0x8002b704                SYS_SetWirelessID
 .text.SYS_SetGBSMode
                0x8002b794       0xa8 /opt/devkitpro/libogc/lib/wii/libogc.a(system.o)
                0x8002b794                SYS_SetGBSMode
 .text.__sram_init
                0x8002b83c      0x1b8 /opt/devkitpro/libogc/lib/wii/libogc.a(system.o)
                0x8002b83c                __sram_init
 .text.SYS_Init
                0x8002b9f4      0x5e8 /opt/devkitpro/libogc/lib/wii/libogc.a(system.o)
                0x8002b9f4                SYS_Init
 .text.SYS_GetHollywoodRevision
                0x8002bfdc       0x3c /opt/devkitpro/libogc/lib/wii/libogc.a(system.o)
                0x8002bfdc                SYS_GetHollywoodRevision
 .text.SYS_Time
                0x8002c018       0x78 /opt/devkitpro/libogc/lib/wii/libogc.a(system.o)
                0x8002c018                SYS_Time
 .text.__lwp_cond_init
                0x8002c090       0x14 /opt/devkitpro/libogc/lib/wii/libogc.a(cond.o)
                0x8002c090                __lwp_cond_init
 .text.__AISRCINIT
                0x8002c0a4      0x1d0 /opt/devkitpro/libogc/lib/wii/libogc.a(audio.o)
 .text.__AIDHandler
                0x8002c274       0xd4 /opt/devkitpro/libogc/lib/wii/libogc.a(audio.o)
 .text.AUDIO_Init
                0x8002c348      0x164 /opt/devkitpro/libogc/lib/wii/libogc.a(audio.o)
                0x8002c348                AUDIO_Init
 .text.AUDIO_RegisterDMACallback
                0x8002c4ac       0x40 /opt/devkitpro/libogc/lib/wii/libogc.a(audio.o)
                0x8002c4ac                AUDIO_RegisterDMACallback
 .text.AUDIO_InitDMA
                0x8002c4ec       0x74 /opt/devkitpro/libogc/lib/wii/libogc.a(audio.o)
                0x8002c4ec                AUDIO_InitDMA
 .text.AUDIO_StartDMA
                0x8002c560       0x1c /opt/devkitpro/libogc/lib/wii/libogc.a(audio.o)
                0x8002c560                AUDIO_StartDMA
 .text.AUDIO_StopDMA
                0x8002c57c       0x18 /opt/devkitpro/libogc/lib/wii/libogc.a(audio.o)
                0x8002c57c                AUDIO_StopDMA
 .text.AUDIO_SetDSPSampleRate
                0x8002c594       0xb4 /opt/devkitpro/libogc/lib/wii/libogc.a(audio.o)
                0x8002c594                AUDIO_SetDSPSampleRate
 .text.__decrementer_init
                0x8002c648        0x4 /opt/devkitpro/libogc/lib/wii/libogc.a(decrementer.o)
                0x8002c648                __decrementer_init
 .text.c_decrementer_handler
                0x8002c64c        0xc /opt/devkitpro/libogc/lib/wii/libogc.a(decrementer.o)
                0x8002c64c                c_decrementer_handler
 .text.__lwp_mqbox_init
                0x8002c658       0x14 /opt/devkitpro/libogc/lib/wii/libogc.a(message.o)
                0x8002c658                __lwp_mqbox_init
 .text.__dsp_exectask
                0x8002c66c      0x2ec /opt/devkitpro/libogc/lib/wii/libogc.a(dsp.o)
 .text.__dsp_inthandler
                0x8002c958       0x30 /opt/devkitpro/libogc/lib/wii/libogc.a(dsp.o)
 .text.__dsp_removetask
                0x8002c988       0x74 /opt/devkitpro/libogc/lib/wii/libogc.a(dsp.o)
 .text.__dsp_def_taskcb
                0x8002c9fc      0x468 /opt/devkitpro/libogc/lib/wii/libogc.a(dsp.o)
 .text.DSP_Init
                0x8002ce64       0xf8 /opt/devkitpro/libogc/lib/wii/libogc.a(dsp.o)
                0x8002ce64                DSP_Init
 .text.DSP_CheckMailTo
                0x8002cf5c       0x14 /opt/devkitpro/libogc/lib/wii/libogc.a(dsp.o)
                0x8002cf5c                DSP_CheckMailTo
 .text.DSP_SendMailTo
                0x8002cf70       0x20 /opt/devkitpro/libogc/lib/wii/libogc.a(dsp.o)
                0x8002cf70                DSP_SendMailTo
 .text.DSP_AddTask
                0x8002cf90      0x308 /opt/devkitpro/libogc/lib/wii/libogc.a(dsp.o)
                0x8002cf90                DSP_AddTask
 .text.__si_transfer
                0x8002d298      0x1a4 /opt/devkitpro/libogc/lib/wii/libogc.a(si.o)
 .text.__si_alarmhandler
                0x8002d43c       0xdc /opt/devkitpro/libogc/lib/wii/libogc.a(si.o)
 .text.__si_completetransfer
                0x8002d518      0x1fc /opt/devkitpro/libogc/lib/wii/libogc.a(si.o)
 .text.__si_transfernext
                0x8002d714       0xe0 /opt/devkitpro/libogc/lib/wii/libogc.a(si.o)
 .text.SI_Busy  0x8002d7f4       0x18 /opt/devkitpro/libogc/lib/wii/libogc.a(si.o)
                0x8002d7f4                SI_Busy
 .text.SI_IsChanBusy
                0x8002d80c       0x38 /opt/devkitpro/libogc/lib/wii/libogc.a(si.o)
                0x8002d80c                SI_IsChanBusy
 .text.SI_SetXY
                0x8002d844       0x64 /opt/devkitpro/libogc/lib/wii/libogc.a(si.o)
                0x8002d844                SI_SetXY
 .text.SI_EnablePolling
                0x8002d8a8       0x80 /opt/devkitpro/libogc/lib/wii/libogc.a(si.o)
                0x8002d8a8                SI_EnablePolling
 .text.SI_DisablePolling
                0x8002d928       0x58 /opt/devkitpro/libogc/lib/wii/libogc.a(si.o)
                0x8002d928                SI_DisablePolling
 .text.SI_SetSamplingRate
                0x8002d980       0xd8 /opt/devkitpro/libogc/lib/wii/libogc.a(si.o)
                0x8002d980                SI_SetSamplingRate
 .text.SI_RefreshSamplingRate
                0x8002da58        0x8 /opt/devkitpro/libogc/lib/wii/libogc.a(si.o)
                0x8002da58                SI_RefreshSamplingRate
 .text.SI_GetStatus
                0x8002da60       0x78 /opt/devkitpro/libogc/lib/wii/libogc.a(si.o)
                0x8002da60                SI_GetStatus
 .text.SI_GetResponseRaw
                0x8002dad8       0xe8 /opt/devkitpro/libogc/lib/wii/libogc.a(si.o)
                0x8002dad8                SI_GetResponseRaw
 .text.SI_GetResponse
                0x8002dbc0       0xb8 /opt/devkitpro/libogc/lib/wii/libogc.a(si.o)
                0x8002dbc0                SI_GetResponse
 .text.SI_SetCommand
                0x8002dc78       0x10 /opt/devkitpro/libogc/lib/wii/libogc.a(si.o)
                0x8002dc78                SI_SetCommand
 .text.SI_Transfer
                0x8002dc88      0x26c /opt/devkitpro/libogc/lib/wii/libogc.a(si.o)
                0x8002dc88                SI_Transfer
 .text.__si_gettypecallback
                0x8002def4      0x2c0 /opt/devkitpro/libogc/lib/wii/libogc.a(si.o)
 .text.__si_interrupthandler
                0x8002e1b4      0x268 /opt/devkitpro/libogc/lib/wii/libogc.a(si.o)
 .text.SI_GetType
                0x8002e41c      0x1f4 /opt/devkitpro/libogc/lib/wii/libogc.a(si.o)
                0x8002e41c                SI_GetType
 .text.SI_GetTypeAsync
                0x8002e610      0x138 /opt/devkitpro/libogc/lib/wii/libogc.a(si.o)
                0x8002e610                SI_GetTypeAsync
 .text.SI_EnablePollingInterrupt
                0x8002e748       0x8c /opt/devkitpro/libogc/lib/wii/libogc.a(si.o)
                0x8002e748                SI_EnablePollingInterrupt
 .text.SI_UnregisterPollingHandler
                0x8002e7d4       0xe0 /opt/devkitpro/libogc/lib/wii/libogc.a(si.o)
                0x8002e7d4                SI_UnregisterPollingHandler
 .text.__si_init
                0x8002e8b4       0xe8 /opt/devkitpro/libogc/lib/wii/libogc.a(si.o)
                0x8002e8b4                __si_init
 .text.__ipc_sendrequest
                0x8002e99c      0x104 /opt/devkitpro/libogc/lib/wii/libogc.a(ipc.o)
 .text.__ipc_syncrequest
                0x8002eaa0       0xe4 /opt/devkitpro/libogc/lib/wii/libogc.a(ipc.o)
 .text.__ioctlvfmtCB
                0x8002eb84      0x158 /opt/devkitpro/libogc/lib/wii/libogc.a(ipc.o)
 .text.__ios_ioctlvformat_parse
                0x8002ecdc      0x820 /opt/devkitpro/libogc/lib/wii/libogc.a(ipc.o)
 .text.__ipc_asyncrequest
                0x8002f4fc      0x13c /opt/devkitpro/libogc/lib/wii/libogc.a(ipc.o)
 .text.__ipc_interrupthandler
                0x8002f638      0x34c /opt/devkitpro/libogc/lib/wii/libogc.a(ipc.o)
 .text.iosCreateHeap
                0x8002f984      0x130 /opt/devkitpro/libogc/lib/wii/libogc.a(ipc.o)
                0x8002f984                iosCreateHeap
 .text.iosAlloc
                0x8002fab4       0x30 /opt/devkitpro/libogc/lib/wii/libogc.a(ipc.o)
                0x8002fab4                iosAlloc
 .text.iosFree  0x8002fae4       0x28 /opt/devkitpro/libogc/lib/wii/libogc.a(ipc.o)
                0x8002fae4                iosFree
 .text.__IPC_ClntInit
                0x8002fb0c       0xc8 /opt/devkitpro/libogc/lib/wii/libogc.a(ipc.o)
                0x8002fb0c                __IPC_ClntInit
 .text.IOS_Open
                0x8002fbd4      0x110 /opt/devkitpro/libogc/lib/wii/libogc.a(ipc.o)
                0x8002fbd4                IOS_Open
 .text.IOS_Close
                0x8002fce4       0xf0 /opt/devkitpro/libogc/lib/wii/libogc.a(ipc.o)
                0x8002fce4                IOS_Close
 .text.IOS_CloseAsync
                0x8002fdd4       0xb4 /opt/devkitpro/libogc/lib/wii/libogc.a(ipc.o)
                0x8002fdd4                IOS_CloseAsync
 .text.IOS_Read
                0x8002fe88      0x10c /opt/devkitpro/libogc/lib/wii/libogc.a(ipc.o)
                0x8002fe88                IOS_Read
 .text.IOS_Write
                0x8002ff94      0x10c /opt/devkitpro/libogc/lib/wii/libogc.a(ipc.o)
                0x8002ff94                IOS_Write
 .text.IOS_Ioctl
                0x800300a0      0x158 /opt/devkitpro/libogc/lib/wii/libogc.a(ipc.o)
                0x800300a0                IOS_Ioctl
 .text.IOS_IoctlAsync
                0x800301f8      0x148 /opt/devkitpro/libogc/lib/wii/libogc.a(ipc.o)
                0x800301f8                IOS_IoctlAsync
 .text.IOS_Ioctlv
                0x80030340      0x1f0 /opt/devkitpro/libogc/lib/wii/libogc.a(ipc.o)
                0x80030340                IOS_Ioctlv
 .text.IOS_IoctlvAsync
                0x80030530      0x1d4 /opt/devkitpro/libogc/lib/wii/libogc.a(ipc.o)
                0x80030530                IOS_IoctlvAsync
 .text.IOS_IoctlvFormat
                0x80030704      0x16c /opt/devkitpro/libogc/lib/wii/libogc.a(ipc.o)
                0x80030704                IOS_IoctlvFormat
 .text.IOS_IoctlvReboot
                0x80030870      0x1f4 /opt/devkitpro/libogc/lib/wii/libogc.a(ipc.o)
                0x80030870                IOS_IoctlvReboot
 .text.gettick  0x80030a64        0x8 /opt/devkitpro/libogc/lib/wii/libogc.a(timesupp.o)
                0x80030a64                gettick
 .text.gettime  0x80030a6c       0x18 /opt/devkitpro/libogc/lib/wii/libogc.a(timesupp.o)
                0x80030a6c                gettime
 .text.settime  0x80030a84       0x14 /opt/devkitpro/libogc/lib/wii/libogc.a(timesupp.o)
                0x80030a84                settime
 .text.diff_usec
                0x80030a98       0x88 /opt/devkitpro/libogc/lib/wii/libogc.a(timesupp.o)
                0x80030a98                diff_usec
 .text.__timesystem_init
                0x80030b20       0x1c /opt/devkitpro/libogc/lib/wii/libogc.a(timesupp.o)
                0x80030b20                __timesystem_init
 .text.udelay   0x80030b3c       0xac /opt/devkitpro/libogc/lib/wii/libogc.a(timesupp.o)
                0x80030b3c                udelay
 .text.__libogc_nanosleep
                0x80030be8      0x144 /opt/devkitpro/libogc/lib/wii/libogc.a(timesupp.o)
                0x80030be8                __libogc_nanosleep
 .text.__syscall_lock_init
                0x80030d2c       0x6c /opt/devkitpro/libogc/lib/wii/libogc.a(lock_supp.o)
                0x80030d2c                __syscall_lock_init
 .text.__syscall_lock_init_recursive
                0x80030d98       0x6c /opt/devkitpro/libogc/lib/wii/libogc.a(lock_supp.o)
                0x80030d98                __syscall_lock_init_recursive
 .text.__syscall_lock_close
                0x80030e04       0x68 /opt/devkitpro/libogc/lib/wii/libogc.a(lock_supp.o)
                0x80030e04                __syscall_lock_close
 .text.__syscall_lock_acquire
                0x80030e6c       0x18 /opt/devkitpro/libogc/lib/wii/libogc.a(lock_supp.o)
                0x80030e6c                __syscall_lock_acquire
 .text.__syscall_lock_release
                0x80030e84       0x18 /opt/devkitpro/libogc/lib/wii/libogc.a(lock_supp.o)
                0x80030e84                __syscall_lock_release
 .text.__usbgecko_exi_unlock
                0x80030e9c       0x34 /opt/devkitpro/libogc/lib/wii/libogc.a(usbgecko.o)
 .text.usb_isgeckoalive
                0x80030ed0      0x1bc /opt/devkitpro/libogc/lib/wii/libogc.a(usbgecko.o)
                0x80030ed0                usb_isgeckoalive
 .text.usb_sendbuffer_ex
                0x8003108c      0x214 /opt/devkitpro/libogc/lib/wii/libogc.a(usbgecko.o)
                0x8003108c                usb_sendbuffer_ex
 .text.usb_sendbuffer
                0x800312a0        0x8 /opt/devkitpro/libogc/lib/wii/libogc.a(usbgecko.o)
                0x800312a0                usb_sendbuffer
 .text.usb_sendbuffer_safe_ex
                0x800312a8      0x2a8 /opt/devkitpro/libogc/lib/wii/libogc.a(usbgecko.o)
                0x800312a8                usb_sendbuffer_safe_ex
 .text.usb_sendbuffer_safe
                0x80031550        0x8 /opt/devkitpro/libogc/lib/wii/libogc.a(usbgecko.o)
                0x80031550                usb_sendbuffer_safe
 .text._sbrk_r  0x80031558      0x28c /opt/devkitpro/libogc/lib/wii/libogc.a(sbrk.o)
                0x80031558                _sbrk_r
 .text.__memlock_init
                0x800317e4       0x7c /opt/devkitpro/libogc/lib/wii/libogc.a(malloc_lock.o)
                0x800317e4                __memlock_init
 .text.__libogc_malloc_lock
                0x80031860      0x1fc /opt/devkitpro/libogc/lib/wii/libogc.a(malloc_lock.o)