Archive member included to satisfy reference by file (symbol)

/opt/devkitpro/libogc/lib/wii/libwiiuse.a(wpad.o)
                              template.o (WPAD_Init)
/opt/devkitpro/libogc/lib/wii/libwiiuse.a(motion_plus.o)
                              /opt/devkitpro/libogc/lib/wii/libwiiuse.a(wpad.o) (wiiuse_set_motion_plus)
/opt/devkitpro/libogc/lib/wii/libwiiuse.a(dynamics.o)
                              /opt/devkitpro/libogc/lib/wii/libwiiuse.a(wpad.o) (calculate_gforce)
/opt/devkitpro/libogc/lib/wii/libwiiuse.a(io.o)
                              /opt/devkitpro/libogc/lib/wii/libwiiuse.a(motion_plus.o) (wiiuse_disable_expansion)
/opt/devkitpro/libogc/lib/wii/libwiiuse.a(io_wii.o)
                              /opt/devkitpro/libogc/lib/wii/libwiiuse.a(wpad.o) (__wiiuse_sensorbar_enable)
/opt/devkitpro/libogc/lib/wii/libwiiuse.a(ir.o)
                              /opt/devkitpro/libogc/lib/wii/libwiiuse.a(motion_plus.o) (wiiuse_set_ir_mode)
/opt/devkitpro/libogc/lib/wii/libwiiuse.a(nunchuk.o)
                              /opt/devkitpro/libogc/lib/wii/libwiiuse.a(io.o) (nunchuk_handshake)
/opt/devkitpro/libogc/lib/wii/libwiiuse.a(wiiboard.o)
                              /opt/devkitpro/libogc/lib/wii/libwiiuse.a(io.o) (wii_board_handshake)
/opt/devkitpro/libogc/lib/wii/libwiiuse.a(wiiuse.o)
                              /opt/devkitpro/libogc/lib/wii/libwiiuse.a(wpad.o) (wiiuse_init)
/opt/devkitpro/libogc/lib/wii/libwiiuse.a(speaker.o)
                              /opt/devkitpro/libogc/lib/wii/libwiiuse.a(wpad.o) (wencdata)
/opt/devkitpro/libogc/lib/wii/libwiiuse.a(classic.o)
                              /opt/devkitpro/libogc/lib/wii/libwiiuse.a(io.o) (classic_ctrl_handshake)
/opt/devkitpro/libogc/lib/wii/libwiiuse.a(events.o)
                              /opt/devkitpro/libogc/lib/wii/libwiiuse.a(io_wii.o) (parse_event)
/opt/devkitpro/libogc/lib/wii/libwiiuse.a(guitar_hero_3.o)
                              /opt/devkitpro/libogc/lib/wii/libwiiuse.a(io.o) (guitar_hero_3_handshake)
/opt/devkitpro/libogc/lib/wii/libbte.a(bte.o)
                              /opt/devkitpro/libogc/lib/wii/libwiiuse.a(wpad.o) (BTE_Init)
/opt/devkitpro/libogc/lib/wii/libbte.a(hci.o)
                              /opt/devkitpro/libogc/lib/wii/libbte.a(bte.o) (hci_init)
/opt/devkitpro/libogc/lib/wii/libbte.a(l2cap.o)
                              /opt/devkitpro/libogc/lib/wii/libbte.a(bte.o) (l2cap_init)
/opt/devkitpro/libogc/lib/wii/libbte.a(btmemb.o)
                              /opt/devkitpro/libogc/lib/wii/libbte.a(bte.o) (btmemb_init)
/opt/devkitpro/libogc/lib/wii/libbte.a(btmemr.o)
                              /opt/devkitpro/libogc/lib/wii/libbte.a(hci.o) (btmemr_init)
/opt/devkitpro/libogc/lib/wii/libbte.a(btpbuf.o)
                              /opt/devkitpro/libogc/lib/wii/libbte.a(hci.o) (btpbuf_init)
/opt/devkitpro/libogc/lib/wii/libbte.a(physbusif.o)
                              /opt/devkitpro/libogc/lib/wii/libbte.a(bte.o) (physbusif_init)
/opt/devkitpro/portlibs/ppc/lib/libvorbisidec.a(vorbisfile.o)
                              oggplayer.o (ov_clear)
/opt/devkitpro/portlibs/ppc/lib/libvorbisidec.a(block.o)
                              /opt/devkitpro/portlibs/ppc/lib/libvorbisidec.a(vorbisfile.o) (vorbis_block_init)
/opt/devkitpro/portlibs/ppc/lib/libvorbisidec.a(window.o)
                              /opt/devkitpro/portlibs/ppc/lib/libvorbisidec.a(block.o) (_vorbis_window)
/opt/devkitpro/portlibs/ppc/lib/libvorbisidec.a(synthesis.o)
                              /opt/devkitpro/portlibs/ppc/lib/libvorbisidec.a(vorbisfile.o) (vorbis_synthesis)
/opt/devkitpro/portlibs/ppc/lib/libvorbisidec.a(info.o)
                              /opt/devkitpro/portlibs/ppc/lib/libvorbisidec.a(vorbisfile.o) (vorbis_comment_init)
/opt/devkitpro/portlibs/ppc/lib/libvorbisidec.a(registry.o)
                              /opt/devkitpro/portlibs/ppc/lib/libvorbisidec.a(block.o) (_mapping_P)
/opt/devkitpro/portlibs/ppc/lib/libvorbisidec.a(codebook.o)
                              /opt/devkitpro/portlibs/ppc/lib/libvorbisidec.a(info.o) (vorbis_staticbook_unpack)
/opt/devkitpro/portlibs/ppc/lib/libvorbisidec.a(sharedbook.o)
                              /opt/devkitpro/portlibs/ppc/lib/libvorbisidec.a(codebook.o) (_ilog)
/opt/devkitpro/portlibs/ppc/lib/libvorbisidec.a(floor1.o)
                              /opt/devkitpro/portlibs/ppc/lib/libvorbisidec.a(registry.o) (floor1_exportbundle)
/opt/devkitpro/portlibs/ppc/lib/libvorbisidec.a(floor0.o)
                              /opt/devkitpro/portlibs/ppc/lib/libvorbisidec.a(registry.o) (floor0_exportbundle)
/opt/devkitpro/portlibs/ppc/lib/libvorbisidec.a(res012.o)
                              /opt/devkitpro/portlibs/ppc/lib/libvorbisidec.a(registry.o) (residue2_exportbundle)
/opt/devkitpro/portlibs/ppc/lib/libvorbisidec.a(mapping0.o)
                              /opt/devkitpro/portlibs/ppc/lib/libvorbisidec.a(registry.o) (mapping0_exportbundle)
[...]
Memory Configuration

Name             Origin             Length             Attributes
*default*        0x00000000         0xffffffff

Linker script and memory map

                0x00003400                        . = 0x3400

.stub
 *(.stub)
                0x80004000                        . = 0x80004000

.init           0x80004000      0x194
 *crt0.o(*.init)
 .init          0x80004000      0x170 /opt/devkitpro/libogc/lib/wii/libogc.a(ogc_crt0.o)
                0x80004000                _start
                0x80004140                _memset
 *(.init)
 .init          0x80004170        0xc /opt/devkitpro/devkitPPC/bin/../lib/gcc/powerpc-eabi/13.1.0/ecrti.o
                0x80004170                __init
 .init          0x8000417c        0x4 /opt/devkitpro/devkitPPC/bin/../lib/gcc/powerpc-eabi/13.1.0/crtbegin.o
 .init          0x80004180        0x4 /opt/devkitpro/devkitPPC/bin/../lib/gcc/powerpc-eabi/13.1.0/crtend.o
 .init          0x80004184       0x10 /opt/devkitpro/devkitPPC/bin/../lib/gcc/powerpc-eabi/13.1.0/ecrtn.o

.rela.dyn       0x80004194        0x0
 .rela.iplt     0x80004194        0x0 /opt/devkitpro/devkitPPC/bin/../lib/gcc/powerpc-eabi/13.1.0/crtbegin.o

.plt
 *(.plt)

.interp
 *(.interp)

.hash
 *(.hash)

.dynsym
 *(.dynsym)

.dynstr
 *(.dynstr)

.gnu.version
 *(.gnu.version)

.gnu.version_d
 *(.gnu.version_d)

.gnu.version_r
 *(.gnu.version_r)

.rel.init
 *(.rel.init)

.rela.init
 *(.rela.init)

.rel.text
 *(.rel.text .rel.text.* .rel.gnu.linkonce.t.*)

.rela.text      0x80004194        0x0
 *(.rela.text .rela.text.* .rela.gnu.linkonce.t.*)
 .rela.text.__do_global_dtors_aux
                0x80004194        0x0 /opt/devkitpro/devkitPPC/bin/../lib/gcc/powerpc-eabi/13.1.0/crtbegin.o
 .rela.text.frame_dummy
                0x80004194        0x0 /opt/devkitpro/devkitPPC/bin/../lib/gcc/powerpc-eabi/13.1.0/crtbegin.o
 .rela.text.unlikely.abort
                0x80004194        0x0 /opt/devkitpro/devkitPPC/bin/../lib/gcc/powerpc-eabi/13.1.0/crtbegin.o
 .rela.text.__assert_func
                0x80004194        0x0 /opt/devkitpro/devkitPPC/bin/../lib/gcc/powerpc-eabi/13.1.0/crtbegin.o

.rel.fini
 *(.rel.fini)

.rela.fini
 *(.rela.fini)

.rel.rodata
 *(.rel.rodata .rel.rodata.* .rel.gnu.linkonce.r.*)

.rela.rodata
 *(.rela.rodata .rela.rodata.* .rela.gnu.linkonce.r.*)

.rel.data
 *(.rel.data .rel.data.* .rel.gnu.linkonce.d.*)

.rela.data
 *(.rela.data .rela.data.* .rela.gnu.linkonce.d.*)

.rel.tdata
 *(.rel.tdata .rel.tdata.* .rel.gnu.linkonce.td.*)

.rela.tdata
 *(.rela.tdata .rela.tdata.* .rela.gnu.linkonce.td.*)

.rel.tbss
 *(.rel.tbss .rel.tbss.* .rel.gnu.linkonce.tb.*)

.rela.tbss
 *(.rela.tbss .rela.tbss.* .rela.gnu.linkonce.tb.*)

.rel.ctors
 *(.rel.ctors)

.rela.ctors
 *(.rela.ctors)

.rel.dtors
 *(.rel.dtors)

.rela.dtors
 *(.rela.dtors)

.rel.got
 *(.rel.got)

.rela.got
 *(.rela.got)

.rela.got1
 *(.rela.got1)

.rela.got2
 *(.rela.got2)

.rel.sdata
 *(.rel.sdata .rel.sdata.* .rel.gnu.linkonce.s.*)

.rela.sdata
 *(.rela.sdata .rela.sdata.* .rela.gnu.linkonce.s.*)

.rel.sbss
 *(.rel.sbss .rel.sbss.* .rel.gnu.linkonce.sb.*)

.rela.sbss
 *(.rela.sbss .rela.sbss.* .rel.gnu.linkonce.sb.*)

.rel.sdata2
 *(.rel.sdata2 .rel.sdata2.* .rel.gnu.linkonce.s2.*)

.rela.sdata2
 *(.rela.sdata2 .rela.sdata2.* .rela.gnu.linkonce.s2.*)

.rel.sbss2
 *(.rel.sbss2 .rel.sbss2.* .rel.gnu.linkonce.sb2.*)

.rela.sbss2
 *(.rela.sbss2 .rela.sbss2.* .rela.gnu.linkonce.sb2.*)

.rel.bss
 *(.rel.bss .rel.bss.* .rel.gnu.linkonce.b.*)

.rela.bss
 *(.rela.bss .rela.bss.* .rela.gnu.linkonce.b.*)

.rel.plt
 *(.rel.plt)

.rela.plt
 *(.rela.plt)

.text           0x800041a0    0x4aaa0
 *(.text)
 .text          0x800041a0      0x44c /opt/devkitpro/libogc/lib/wii/libogc.a(lwp_handler.o)
                0x800041a0                _cpu_context_save_fp
                0x800042e0                _cpu_context_restore_fp
                0x80004420                _cpu_context_switch
                0x80004500                _cpu_context_save
                0x80004580                _cpu_context_restore
 .text          0x800045ec      0x4f4 /opt/devkitpro/libogc/lib/wii/libogc.a(cache_asm.o)
                0x800045ec                DCFlashInvalidate
                0x80004600                DCEnable
                0x80004614                DCDisable
                0x80004628                DCFreeze
                0x8000463c                DCUnfreeze
                0x80004650                DCTouchLoad
                0x80004658                DCBlockZero
                0x80004660                DCBlockStore
                0x80004668                DCBlockFlush
                0x80004670                DCBlockInvalidate
                0x80004678                DCInvalidateRange
                0x800046a8                DCFlushRange
                0x800046dc                DCStoreRange
                0x80004710                DCFlushRangeNoSync
                0x80004740                DCStoreRangeNoSync
                0x80004770                DCZeroRange
                0x800047a0                DCTouchRange
                0x800047d0                ICInvalidateRange
                0x80004808                ICFlashInvalidate
                0x8000481c                ICEnable
                0x80004830                ICDisable
                0x80004844                ICFreeze
                0x80004858                ICUnfreeze
                0x8000486c                ICBlockInvalidate
                0x80004874                ICSync
                0x8000487c                L2Init
                0x800048c4                L2Enable
                0x800048e0                L2Disable
                0x800048f8                L2GlobalInvalidate
                0x80004950                __LCEnable
                0x80004a1c                LCDisable
                0x80004a44                LCAllocOneTag
                0x80004a58                LCAllocTags
                0x80004a98                LCLoadBlocks
                0x80004abc                LCStoreBlocks
 .text          0x80004ae0      0x4a0 /opt/devkitpro/libogc/lib/wii/libogc.a(system_asm.o)
                0x80004ae0                __realmode
                0x80004af8                __configBATS
                0x80004c28                __InitFPRS
                0x80004d54                __InitPS
                0x80004db0                __InitCache
                0x80004e08                __InitSystem
                0x80004e90                __flush_cache
                0x80004ec4                __reset
                0x80004f34                __InitBATS
                0x80004f50                SYS_SwitchFiber
 .text          0x80004f80      0x1ac /opt/devkitpro/libogc/lib/wii/libogc.a(irq_handler.o)
                0x80004f80                irq_exceptionhandler
 .text          0x8000512c      0x1ac /opt/devkitpro/libogc/lib/wii/libogc.a(decrementer_handler.o)
                0x8000512c                dec_exceptionhandler
 .text          0x800052d8      0x35c /opt/devkitpro/libogc/lib/wii/libogc.a(exception_handler.o)
                0x800052d8                exceptionhandler_start
                0x80005354                exceptionhandler_patch
                0x80005388                exceptionhandler_end
                0x8000538c                default_exceptionhandler
                0x800054bc                fpu_exceptionhandler
                0x80005604                systemcallhandler_start
                0x80005630                systemcallhandler_end
 .text          0x80005634       0x48 /opt/devkitpro/devkitPPC/bin/../lib/gcc/powerpc-eabi/13.1.0/libgcc.a(eabi.o)
                0x80005634                __eabi
 .text          0x8000567c       0x58 /opt/devkitpro/devkitPPC/bin/../lib/gcc/powerpc-eabi/13.1.0/libgcc.a(crtresxfpr.o)
                0x8000567c                _restfpr_14_x
                0x80005680                _restfpr_15_x
                0x80005684                _restfpr_16_x
                0x80005688                _restfpr_17_x
                0x8000568c                _restfpr_18_x
                0x80005690                _restfpr_19_x
                0x80005694                _restfpr_20_x
                0x80005698                _restfpr_21_x
                0x8000569c                _restfpr_22_x
                0x800056a0                _restfpr_23_x
                0x800056a4                _restfpr_24_x
                0x800056a8                _restfpr_25_x
                0x800056ac                _restfpr_26_x
                0x800056b0                _restfpr_27_x
                0x800056b4                _restfpr_28_x
                0x800056b8                _restfpr_29_x
                0x800056bc                _restfpr_30_x
                0x800056c0                _restfpr_31_x
 .text          0x800056d4       0x58 /opt/devkitpro/devkitPPC/bin/../lib/gcc/powerpc-eabi/13.1.0/libgcc.a(crtresxgpr.o)
                0x800056d4                _restgpr_14_x
                0x800056d8                _restgpr_15_x
                0x800056dc                _restgpr_16_x
                0x800056e0                _restgpr_17_x
                0x800056e4                _restgpr_18_x
                0x800056e8                _restgpr_19_x
                0x800056ec                _restgpr_20_x
                0x800056f0                _restgpr_21_x
                0x800056f4                _restgpr_22_x
                0x800056f8                _restgpr_23_x
                0x800056fc                _restgpr_24_x
                0x80005700                _restgpr_25_x
                0x80005704                _restgpr_26_x
                0x80005708                _restgpr_27_x
                0x8000570c                _restgpr_28_x
                0x80005710                _restgpr_29_x
                0x80005714                _restgpr_30_x
                0x80005718                _restgpr_31_x
 *(.text.*)
 .text.__do_global_dtors_aux
                0x8000572c       0xcc /opt/devkitpro/devkitPPC/bin/../lib/gcc/powerpc-eabi/13.1.0/crtbegin.o
 .text.frame_dummy
                0x800057f8       0x24 /opt/devkitpro/devkitPPC/bin/../lib/gcc/powerpc-eabi/13.1.0/crtbegin.o
 .text.__crtmain
                0x8000581c       0x44 /opt/devkitpro/devkitPPC/bin/../lib/gcc/powerpc-eabi/13.1.0/../../../../powerpc-eabi/lib/crtmain.o
                0x80005820                __crtmain
 .text.ogg_player_thread
                0x80005860      0x2b4 oggplayer.o
 .text.ogg_add_callback
                0x80005b14       0xf8 oggplayer.o
 .text.f_tell   0x80005c0c       0x58 oggplayer.o
 .text.f_seek   0x80005c64      0x164 oggplayer.o
 .text.f_close  0x80005dc8       0x48 oggplayer.o
 .text.f_read   0x80005e10      0x134 oggplayer.o
 .text.StopOgg  0x80005f44       0x98 oggplayer.o
                0x80005f44                StopOgg
 .text.PlayOgg  0x80005fdc      0x210 oggplayer.o
                0x80005fdc                PlayOgg
 .text.refresh  0x800061ec       0xa0 template.o
                0x800061ec                refresh
 .text.startup.main
                0x8000628c      0x2b8 template.o
                0x8000628c                main
 .text.__wpad_assign_slot
                0x80006544      0x254 /opt/devkitpro/libogc/lib/wii/libwiiuse.a(wpad.o)
                0x80006544                __wpad_assign_slot
 .text.__wpad_def_powcb
                0x80006798        0x4 /opt/devkitpro/libogc/lib/wii/libwiiuse.a(wpad.o)
 .text.__readlinkkey_finished
                0x8000679c       0x34 /opt/devkitpro/libogc/lib/wii/libwiiuse.a(wpad.o)
 .text.__wpad_patch_finished
                0x800067d0       0x2c /opt/devkitpro/libogc/lib/wii/libwiiuse.a(wpad.o)
 .text.__wpad_setfmt
                0x800067fc      0x14c /opt/devkitpro/libogc/lib/wii/libwiiuse.a(wpad.o)
 .text.__wpad_eventCB
                0x80006948      0xad4 /opt/devkitpro/libogc/lib/wii/libwiiuse.a(wpad.o)
 .text.__wpad_disconnectCB
                0x8000741c       0xd4 /opt/devkitpro/libogc/lib/wii/libwiiuse.a(wpad.o)
                0x8000741c                __wpad_disconnectCB
 .text.__wpad_timeouthandler
                0x800074f0       0xa8 /opt/devkitpro/libogc/lib/wii/libwiiuse.a(wpad.o)
 .text.__initcore_finished
                0x80007598       0x48 /opt/devkitpro/libogc/lib/wii/libwiiuse.a(wpad.o)
 .text.__wpad_init_finished
                0x800075e0      0x194 /opt/devkitpro/libogc/lib/wii/libwiiuse.a(wpad.o)
 .text.WPAD_ReadEvent
                0x80007774      0x68c /opt/devkitpro/libogc/lib/wii/libwiiuse.a(wpad.o)
                0x80007774                WPAD_ReadEvent
 .text.WPAD_ReadPending
                0x80007e00      0x1a0 /opt/devkitpro/libogc/lib/wii/libwiiuse.a(wpad.o)
                0x80007e00                WPAD_ReadPending
 .text.WPAD_Shutdown
                0x80007fa0      0x114 /opt/devkitpro/libogc/lib/wii/libwiiuse.a(wpad.o)
                0x80007fa0                WPAD_Shutdown
 .text.WPAD_Init
                0x800080b4      0x2c4 /opt/devkitpro/libogc/lib/wii/libwiiuse.a(wpad.o)
                0x800080b4                WPAD_Init
 .text.__wpad_onreset
                0x80008378       0x34 /opt/devkitpro/libogc/lib/wii/libwiiuse.a(wpad.o)
 .text.WPAD_ScanPads
                0x800083ac       0x90 /opt/devkitpro/libogc/lib/wii/libwiiuse.a(wpad.o)
                0x800083ac                WPAD_ScanPads
 .text.WPAD_ButtonsDown
                0x8000843c       0x28 /opt/devkitpro/libogc/lib/wii/libwiiuse.a(wpad.o)
                0x8000843c                WPAD_ButtonsDown
 .text.motion_plus_disconnected
                0x80008464       0x10 /opt/devkitpro/libogc/lib/wii/libwiiuse.a(motion_plus.o)
                0x80008464                motion_plus_disconnected
 .text.motion_plus_event
                0x80008474       0x64 /opt/devkitpro/libogc/lib/wii/libwiiuse.a(motion_plus.o)
                0x80008474                motion_plus_event
 .text.calculate_gforce
                0x800084d8      0x114 /opt/devkitpro/libogc/lib/wii/libwiiuse.a(dynamics.o)
                0x800084d8                calculate_gforce
 .text.calc_joystick_state
                0x800085ec      0x210 /opt/devkitpro/libogc/lib/wii/libwiiuse.a(dynamics.o)
                0x800085ec                calc_joystick_state
 .text.apply_smoothing
                0x800087fc      0x140 /opt/devkitpro/libogc/lib/wii/libwiiuse.a(dynamics.o)
                0x800087fc                apply_smoothing
 .text.calculate_orientation
                0x8000893c      0x340 /opt/devkitpro/libogc/lib/wii/libwiiuse.a(dynamics.o)
                0x8000893c                calculate_orientation
 .text.calc_balanceboard_state
                0x80008c7c      0x3a4 /opt/devkitpro/libogc/lib/wii/libwiiuse.a(dynamics.o)
                0x80008c7c                calc_balanceboard_state
 .text.wiiuse_handshake
                0x80009020      0x27c /opt/devkitpro/libogc/lib/wii/libwiiuse.a(io.o)
                0x80009020                wiiuse_handshake
 .text.wiiuse_handshake_expansion
                0x8000929c      0x1f0 /opt/devkitpro/libogc/lib/wii/libwiiuse.a(io.o)
                0x8000929c                wiiuse_handshake_expansion
 .text.wiiuse_handshake_expansion_start
                0x8000948c       0x5c /opt/devkitpro/libogc/lib/wii/libwiiuse.a(io.o)
                0x8000948c                wiiuse_handshake_expansion_start
 .text.wiiuse_disable_expansion
                0x800094e8      0x1b0 /opt/devkitpro/libogc/lib/wii/libwiiuse.a(io.o)
                0x800094e8                wiiuse_disable_expansion
 .text.__wiiuse_connected
                0x80009698       0x9c /opt/devkitpro/libogc/lib/wii/libwiiuse.a(io_wii.o)
 .text.__wiiuse_disconnected
                0x80009734       0xb4 /opt/devkitpro/libogc/lib/wii/libwiiuse.a(io_wii.o)
 .text.__wiiuse_receive
                0x800097e8       0xd0 /opt/devkitpro/libogc/lib/wii/libwiiuse.a(io_wii.o)
 .text.__wiiuse_sensorbar_enable
                0x800098b8       0x54 /opt/devkitpro/libogc/lib/wii/libwiiuse.a(io_wii.o)
                0x800098b8                __wiiuse_sensorbar_enable
 .text.wiiuse_register
                0x8000990c       0xf0 /opt/devkitpro/libogc/lib/wii/libwiiuse.a(io_wii.o)
                0x8000990c                wiiuse_register
 .text.wiiuse_disconnect
                0x800099fc       0x24 /opt/devkitpro/libogc/lib/wii/libwiiuse.a(io_wii.o)
                0x800099fc                wiiuse_disconnect
 .text.wiiuse_init_cmd_queue
                0x80009a20       0x9c /opt/devkitpro/libogc/lib/wii/libwiiuse.a(io_wii.o)
                0x80009a20                wiiuse_init_cmd_queue
 .text.wiiuse_io_write
                0x80009abc       0x1c /opt/devkitpro/libogc/lib/wii/libwiiuse.a(io_wii.o)
                0x80009abc                wiiuse_io_write
 .text.rotate_dots
                0x80009ad8      0x13c /opt/devkitpro/libogc/lib/wii/libwiiuse.a(ir.o)
 .text.get_ir_sens.constprop.0.isra.0
                0x80009c14       0xdc /opt/devkitpro/libogc/lib/wii/libwiiuse.a(ir.o)
 .text.wiiuse_set_ir_mode
                0x80009cf0       0x5c /opt/devkitpro/libogc/lib/wii/libwiiuse.a(ir.o)
                0x80009cf0                wiiuse_set_ir_mode
 .text.wiiuse_set_ir
                0x80009d4c      0x204 /opt/devkitpro/libogc/lib/wii/libwiiuse.a(ir.o)
                0x80009d4c                wiiuse_set_ir
 .text.wiiuse_set_ir_position
                0x80009f50       0x80 /opt/devkitpro/libogc/lib/wii/libwiiuse.a(ir.o)
                0x80009f50                wiiuse_set_ir_position
 .text.wiiuse_set_aspect_ratio
                0x80009fd0       0xac /opt/devkitpro/libogc/lib/wii/libwiiuse.a(ir.o)
                0x80009fd0                wiiuse_set_aspect_ratio
 .text.wiiuse_set_ir_sensitivity
                0x8000a07c       0xe4 /opt/devkitpro/libogc/lib/wii/libwiiuse.a(ir.o)
                0x8000a07c                wiiuse_set_ir_sensitivity
 .text.calculate_basic_ir
                0x8000a160       0xe8 /opt/devkitpro/libogc/lib/wii/libwiiuse.a(ir.o)
                0x8000a160                calculate_basic_ir
 .text.calculate_extended_ir
                0x8000a248       0x64 /opt/devkitpro/libogc/lib/wii/libwiiuse.a(ir.o)
                0x8000a248                calculate_extended_ir
 .text.find_sensorbar
                0x8000a2ac      0xa00 /opt/devkitpro/libogc/lib/wii/libwiiuse.a(ir.o)
                0x8000a2ac                find_sensorbar
 .text.apply_ir_smoothing
                0x8000acac      0x124 /opt/devkitpro/libogc/lib/wii/libwiiuse.a(ir.o)
                0x8000acac                apply_ir_smoothing
 .text.interpret_ir_data
                0x8000add0      0x3c8 /opt/devkitpro/libogc/lib/wii/libwiiuse.a(ir.o)
                0x8000add0                interpret_ir_data
 .text.nunchuk_handshake
                0x8000b198      0x31c /opt/devkitpro/libogc/lib/wii/libwiiuse.a(nunchuk.o)
                0x8000b198                nunchuk_handshake
 .text.nunchuk_disconnected
                0x8000b4b4        0xc /opt/devkitpro/libogc/lib/wii/libwiiuse.a(nunchuk.o)
                0x8000b4b4                nunchuk_disconnected
 .text.nunchuk_event
                0x8000b4c0       0xe8 /opt/devkitpro/libogc/lib/wii/libwiiuse.a(nunchuk.o)
                0x8000b4c0                nunchuk_event
 .text.wii_board_handshake
                0x8000b5a8      0x284 /opt/devkitpro/libogc/lib/wii/libwiiuse.a(wiiboard.o)
                0x8000b5a8                wii_board_handshake
 .text.wii_board_disconnected
                0x8000b82c        0xc /opt/devkitpro/libogc/lib/wii/libwiiuse.a(wiiboard.o)
                0x8000b82c                wii_board_disconnected
 .text.wii_board_event
                0x8000b838       0x24 /opt/devkitpro/libogc/lib/wii/libwiiuse.a(wiiboard.o)
                0x8000b838                wii_board_event
 .text.wiiuse_send_next_command
                0x8000b85c       0x58 /opt/devkitpro/libogc/lib/wii/libwiiuse.a(wiiuse.o)
                0x8000b85c                wiiuse_send_next_command
 .text.wiiuse_init
                0x8000b8b4      0x208 /opt/devkitpro/libogc/lib/wii/libwiiuse.a(wiiuse.o)
                0x8000b8b4                wiiuse_init
 .text.wiiuse_set_flags
                0x8000babc       0x28 /opt/devkitpro/libogc/lib/wii/libwiiuse.a(wiiuse.o)
                0x8000babc                wiiuse_set_flags
 .text.wiiuse_read_data
                0x8000bae4      0x154 /opt/devkitpro/libogc/lib/wii/libwiiuse.a(wiiuse.o)
                0x8000bae4                wiiuse_read_data
 .text.wiiuse_write_data
                0x8000bc38      0x18c /opt/devkitpro/libogc/lib/wii/libwiiuse.a(wiiuse.o)
                0x8000bc38                wiiuse_write_data
 .text.wiiuse_sendcmd
                0x8000bdc4      0x144 /opt/devkitpro/libogc/lib/wii/libwiiuse.a(wiiuse.o)
                0x8000bdc4                wiiuse_sendcmd
 .text.wiiuse_set_leds
                0x8000bf08       0x50 /opt/devkitpro/libogc/lib/wii/libwiiuse.a(wiiuse.o)
                0x8000bf08                wiiuse_set_leds
 .text.wiiuse_set_report_type
                0x8000bf58       0xb0 /opt/devkitpro/libogc/lib/wii/libwiiuse.a(wiiuse.o)
                0x8000bf58                wiiuse_set_report_type
 .text.wiiuse_status
                0x8000c008       0x4c /opt/devkitpro/libogc/lib/wii/libwiiuse.a(wiiuse.o)
                0x8000c008                wiiuse_status
 .text.wiiuse_motion_sensing
                0x8000c054       0x84 /opt/devkitpro/libogc/lib/wii/libwiiuse.a(wiiuse.o)
                0x8000c054                wiiuse_motion_sensing
 .text.wiiuse_set_speaker
                0x8000c0d8      0x24c /opt/devkitpro/libogc/lib/wii/libwiiuse.a(speaker.o)
                0x8000c0d8                wiiuse_set_speaker
 .text.classic_ctrl_handshake
                0x8000c324      0x410 /opt/devkitpro/libogc/lib/wii/libwiiuse.a(classic.o)
                0x8000c324                classic_ctrl_handshake
 .text.classic_ctrl_disconnected
                0x8000c734        0xc /opt/devkitpro/libogc/lib/wii/libwiiuse.a(classic.o)
                0x8000c734                classic_ctrl_disconnected
 .text.classic_ctrl_event
                0x8000c740      0x15c /opt/devkitpro/libogc/lib/wii/libwiiuse.a(classic.o)
                0x8000c740                classic_ctrl_event
 .text.handle_expansion
                0x8000c89c       0x54 /opt/devkitpro/libogc/lib/wii/libwiiuse.a(events.o)
 .text.parse_event
                0x8000c8f0      0x730 /opt/devkitpro/libogc/lib/wii/libwiiuse.a(events.o)
                0x8000c8f0                parse_event
 .text.guitar_hero_3_handshake
                0x8000d020       0x5c /opt/devkitpro/libogc/lib/wii/libwiiuse.a(guitar_hero_3.o)
                0x8000d020                guitar_hero_3_handshake
 .text.guitar_hero_3_disconnected
                0x8000d07c        0xc /opt/devkitpro/libogc/lib/wii/libwiiuse.a(guitar_hero_3.o)
                0x8000d07c                guitar_hero_3_disconnected
 .text.guitar_hero_3_event
                0x8000d088       0x60 /opt/devkitpro/libogc/lib/wii/libwiiuse.a(guitar_hero_3.o)
                0x8000d088                guitar_hero_3_event
 .text.acl_wlp_completed
                0x8000d0e8        0x8 /opt/devkitpro/libogc/lib/wii/libbte.a(bte.o)
                0x8000d0e8                acl_wlp_completed
 .text.bt_alarmhandler
                0x8000d0f0       0x58 /opt/devkitpro/libogc/lib/wii/libbte.a(bte.o)
 .text.__bte_send_pending_request
                0x8000d148      0x108 /opt/devkitpro/libogc/lib/wii/libbte.a(bte.o)
 .text.acl_conn_complete
                0x8000d250       0x2c /opt/devkitpro/libogc/lib/wii/libbte.a(bte.o)
                0x8000d250                acl_conn_complete
 .text.l2cap_accepted
                0x8000d27c      0x134 /opt/devkitpro/libogc/lib/wii/libbte.a(bte.o)
                0x8000d27c                l2cap_accepted
 .text.l2cap_disconnect_cfm
                0x8000d3b0      0x19c /opt/devkitpro/libogc/lib/wii/libbte.a(bte.o)
                0x8000d3b0                l2cap_disconnect_cfm
 .text.bte_process_input
                0x8000d54c      0x128 /opt/devkitpro/libogc/lib/wii/libbte.a(bte.o)
 .text.l2cap_disconnected_ind
                0x8000d674      0x1a4 /opt/devkitpro/libogc/lib/wii/libbte.a(bte.o)
                0x8000d674                l2cap_disconnected_ind
 .text.__bte_shutdown_finished
                0x8000d818       0xe0 /opt/devkitpro/libogc/lib/wii/libbte.a(bte.o)
 .text.bte_hci_apply_patch_complete
                0x8000d8f8      0x164 /opt/devkitpro/libogc/lib/wii/libbte.a(bte.o)
                0x8000d8f8                bte_hci_apply_patch_complete
 .text.bte_hci_patch_complete
                0x8000da5c      0x380 /opt/devkitpro/libogc/lib/wii/libbte.a(bte.o)
                0x8000da5c                bte_hci_patch_complete
 .text.bte_hci_initcore_complete
                0x8000dddc      0x280 /opt/devkitpro/libogc/lib/wii/libbte.a(bte.o)
                0x8000dddc                bte_hci_initcore_complete
 .text.bte_read_stored_link_key_complete
                0x8000e05c      0x27c /opt/devkitpro/libogc/lib/wii/libbte.a(bte.o)
                0x8000e05c                bte_read_stored_link_key_complete
 .text.bte_hci_initcore_complete2
                0x8000e2d8      0x22c /opt/devkitpro/libogc/lib/wii/libbte.a(bte.o)
 .text.bte_hci_initsub_complete
                0x8000e504      0x280 /opt/devkitpro/libogc/lib/wii/libbte.a(bte.o)
                0x8000e504                bte_hci_initsub_complete
 .text.BTE_Init
                0x8000e784      0x138 /opt/devkitpro/libogc/lib/wii/libbte.a(bte.o)
                0x8000e784                BTE_Init
 .text.BTE_Shutdown
                0x8000e8bc      0x100 /opt/devkitpro/libogc/lib/wii/libbte.a(bte.o)
                0x8000e8bc                BTE_Shutdown
 .text.BTE_InitCore
                0x8000e9bc       0x8c /opt/devkitpro/libogc/lib/wii/libbte.a(bte.o)
                0x8000e9bc                BTE_InitCore
 .text.BTE_ApplyPatch
                0x8000ea48       0xa4 /opt/devkitpro/libogc/lib/wii/libbte.a(bte.o)
                0x8000ea48                BTE_ApplyPatch
 .text.BTE_InitSub
                0x8000eaec       0x90 /opt/devkitpro/libogc/lib/wii/libbte.a(bte.o)
                0x8000eaec                BTE_InitSub
 .text.BTE_ReadStoredLinkKey
                0x8000eb7c       0x90 /opt/devkitpro/libogc/lib/wii/libbte.a(bte.o)
                0x8000eb7c                BTE_ReadStoredLinkKey
 .text.BTE_SetDisconnectCallback
                0x8000ec0c        0x4 /opt/devkitpro/libogc/lib/wii/libbte.a(bte.o)
                0x8000ec0c                BTE_SetDisconnectCallback
 .text.bte_new  0x8000ec10       0x54 /opt/devkitpro/libogc/lib/wii/libbte.a(bte.o)
                0x8000ec10                bte_new
 .text.bte_registerdeviceasync
                0x8000ec64      0x158 /opt/devkitpro/libogc/lib/wii/libbte.a(bte.o)
                0x8000ec64                bte_registerdeviceasync
 .text.bte_disconnect
                0x8000edbc       0xd8 /opt/devkitpro/libogc/lib/wii/libbte.a(bte.o)
                0x8000edbc                bte_disconnect
 .text.bte_senddata
                0x8000ee94      0x104 /opt/devkitpro/libogc/lib/wii/libbte.a(bte.o)
                0x8000ee94                bte_senddata
 .text.bte_arg  0x8000ef98       0x38 /opt/devkitpro/libogc/lib/wii/libbte.a(bte.o)
                0x8000ef98                bte_arg
 .text.bte_received
                0x8000efd0       0x38 /opt/devkitpro/libogc/lib/wii/libbte.a(bte.o)
                0x8000efd0                bte_received
 .text.bte_disconnected
                0x8000f008       0x38 /opt/devkitpro/libogc/lib/wii/libbte.a(bte.o)
                0x8000f008                bte_disconnected
 .text.hci_get_link
                0x8000f040       0x84 /opt/devkitpro/libogc/lib/wii/libbte.a(hci.o)
 .text.hci_init
                0x8000f0c4       0x80 /opt/devkitpro/libogc/lib/wii/libbte.a(hci.o)
                0x8000f0c4                hci_init
 .text.hci_close
                0x8000f144       0xd0 /opt/devkitpro/libogc/lib/wii/libbte.a(hci.o)
                0x8000f144                hci_close
 .text.hci_reset_all
                0x8000f214       0xb8 /opt/devkitpro/libogc/lib/wii/libbte.a(hci.o)
                0x8000f214                hci_reset_all
 .text.hci_arg  0x8000f2cc        0xc /opt/devkitpro/libogc/lib/wii/libbte.a(hci.o)
                0x8000f2cc                hci_arg
 .text.hci_cmd_complete
                0x8000f2d8        0xc /opt/devkitpro/libogc/lib/wii/libbte.a(hci.o)
                0x8000f2d8                hci_cmd_complete
 .text.hci_connection_complete
                0x8000f2e4        0xc /opt/devkitpro/libogc/lib/wii/libbte.a(hci.o)
                0x8000f2e4                hci_connection_complete
 .text.hci_wlp_complete
                0x8000f2f0        0xc /opt/devkitpro/libogc/lib/wii/libbte.a(hci.o)
                0x8000f2f0                hci_wlp_complete
 .text.hci_reset
                0x8000f2fc       0xac /opt/devkitpro/libogc/lib/wii/libbte.a(hci.o)
                0x8000f2fc                hci_reset
 .text.hci_read_buffer_size
                0x8000f3a8       0xac /opt/devkitpro/libogc/lib/wii/libbte.a(hci.o)
                0x8000f3a8                hci_read_buffer_size
 .text.hci_read_bd_addr
                0x8000f454       0xac /opt/devkitpro/libogc/lib/wii/libbte.a(hci.o)
                0x8000f454                hci_read_bd_addr
 .text.hci_read_local_version
                0x8000f500       0xa8 /opt/devkitpro/libogc/lib/wii/libbte.a(hci.o)
                0x8000f500                hci_read_local_version
 .text.hci_read_local_features
                0x8000f5a8       0xac /opt/devkitpro/libogc/lib/wii/libbte.a(hci.o)
                0x8000f5a8                hci_read_local_features
 .text.hci_read_stored_link_key
                0x8000f654      0x100 /opt/devkitpro/libogc/lib/wii/libbte.a(hci.o)
                0x8000f654                hci_read_stored_link_key
 .text.hci_write_page_timeout
                0x8000f754       0xd0 /opt/devkitpro/libogc/lib/wii/libbte.a(hci.o)
                0x8000f754                hci_write_page_timeout
 .text.hci_write_scan_enable
                0x8000f824       0xbc /opt/devkitpro/libogc/lib/wii/libbte.a(hci.o)
                0x8000f824                hci_write_scan_enable
 .text.hci_accecpt_conn_request
                0x8000f8e0       0xe0 /opt/devkitpro/libogc/lib/wii/libbte.a(hci.o)
                0x8000f8e0                hci_accecpt_conn_request
 .text.hci_write_local_name
                0x8000f9c0       0xd8 /opt/devkitpro/libogc/lib/wii/libbte.a(hci.o)
                0x8000f9c0                hci_write_local_name
 .text.hci_write_pin_type
                0x8000fa98       0xbc /opt/devkitpro/libogc/lib/wii/libbte.a(hci.o)
                0x8000fa98                hci_write_pin_type
 .text.hci_write_inquiry_mode
                0x8000fb54       0xbc /opt/devkitpro/libogc/lib/wii/libbte.a(hci.o)
                0x8000fb54                hci_write_inquiry_mode
 .text.hci_write_page_scan_type
                0x8000fc10       0xbc /opt/devkitpro/libogc/lib/wii/libbte.a(hci.o)
                0x8000fc10                hci_write_page_scan_type
 .text.hci_write_inquiry_scan_type
                0x8000fccc       0xbc /opt/devkitpro/libogc/lib/wii/libbte.a(hci.o)
                0x8000fccc                hci_write_inquiry_scan_type
 .text.hci_vendor_specific_command
                0x8000fd88       0xe8 /opt/devkitpro/libogc/lib/wii/libbte.a(hci.o)
                0x8000fd88                hci_vendor_specific_command
 .text.hci_write_link_policy_settings
                0x8000fe70      0x104 /opt/devkitpro/libogc/lib/wii/libbte.a(hci.o)
                0x8000fe70                hci_write_link_policy_settings
 .text.hci_pin_code_request_neg_reply
                0x8000ff74       0xcc /opt/devkitpro/libogc/lib/wii/libbte.a(hci.o)
                0x8000ff74                hci_pin_code_request_neg_reply
 .text.hci_link_key_req_neg_reply
                0x80010040       0xcc /opt/devkitpro/libogc/lib/wii/libbte.a(hci.o)
                0x80010040                hci_link_key_req_neg_reply
 .text.hci_disconnect
                0x8001010c       0xfc /opt/devkitpro/libogc/lib/wii/libbte.a(hci.o)
                0x8001010c                hci_disconnect
 .text.hci_write_cod
                0x80010208       0xcc /opt/devkitpro/libogc/lib/wii/libbte.a(hci.o)
                0x80010208                hci_write_cod
 .text.hci_host_buffer_size
                0x800102d4      0x10c /opt/devkitpro/libogc/lib/wii/libbte.a(hci.o)
                0x800102d4                hci_host_buffer_size
 .text.hci_host_num_comp_packets
                0x800103e0      0x108 /opt/devkitpro/libogc/lib/wii/libbte.a(hci.o)
                0x800103e0                hci_host_num_comp_packets
 .text.lp_pdu_maxsize
                0x800104e8        0xc /opt/devkitpro/libogc/lib/wii/libbte.a(hci.o)
                0x800104e8                lp_pdu_maxsize
 .text.lp_acl_write
                0x800104f4      0x158 /opt/devkitpro/libogc/lib/wii/libbte.a(hci.o)
                0x800104f4                lp_acl_write
 .text.lp_write_flush_timeout
                0x8001064c      0x104 /opt/devkitpro/libogc/lib/wii/libbte.a(hci.o)
                0x8001064c                lp_write_flush_timeout
 .text.hci_event_handler
                0x80010750      0xc7c /opt/devkitpro/libogc/lib/wii/libbte.a(hci.o)
                0x80010750                hci_event_handler
 .text.hci_acldata_handler
                0x800113cc      0x11c /opt/devkitpro/libogc/lib/wii/libbte.a(hci.o)
                0x800113cc                hci_acldata_handler
 .text.l2cap_init
                0x800114e8       0x60 /opt/devkitpro/libogc/lib/wii/libbte.a(l2cap.o)
                0x800114e8                l2cap_init
 .text.l2cap_write
                0x80011548      0x1a0 /opt/devkitpro/libogc/lib/wii/libbte.a(l2cap.o)
                0x80011548                l2cap_write
 .text.l2cap_new
                0x800116e8       0x60 /opt/devkitpro/libogc/lib/wii/libbte.a(l2cap.o)
                0x800116e8                l2cap_new
 .text.l2cap_close
                0x80011748      0x1d4 /opt/devkitpro/libogc/lib/wii/libbte.a(l2cap.o)
                0x80011748                l2cap_close
 .text.l2cap_reset_all
                0x8001191c      0x154 /opt/devkitpro/libogc/lib/wii/libbte.a(l2cap.o)
                0x8001191c                l2cap_reset_all
 .text.l2cap_signal
                0x80011a70      0x204 /opt/devkitpro/libogc/lib/wii/libbte.a(l2cap.o)
                0x80011a70                l2cap_signal
 .text.l2ca_config_req
                0x80011c74      0x158 /opt/devkitpro/libogc/lib/wii/libbte.a(l2cap.o)
                0x80011c74                l2ca_config_req
 .text.l2ca_disconnect_req
                0x80011dcc       0xcc /opt/devkitpro/libogc/lib/wii/libbte.a(l2cap.o)
                0x80011dcc                l2ca_disconnect_req
 .text.l2cap_tmr
                0x80011e98      0x260 /opt/devkitpro/libogc/lib/wii/libbte.a(l2cap.o)
                0x80011e98                l2cap_tmr
 .text.l2cap_process_sig
                0x800120f8     0x1334 /opt/devkitpro/libogc/lib/wii/libbte.a(l2cap.o)
                0x800120f8                l2cap_process_sig
 .text.l2cap_input
                0x8001342c      0x578 /opt/devkitpro/libogc/lib/wii/libbte.a(l2cap.o)
                0x8001342c                l2cap_input
 .text.l2ca_datawrite
                0x800139a4      0x128 /opt/devkitpro/libogc/lib/wii/libbte.a(l2cap.o)
                0x800139a4                l2ca_datawrite
 .text.lp_connect_cfm
                0x80013acc      0x184 /opt/devkitpro/libogc/lib/wii/libbte.a(l2cap.o)
                0x80013acc                lp_connect_cfm
 .text.lp_connect_ind
                0x80013c50        0x4 /opt/devkitpro/libogc/lib/wii/libbte.a(l2cap.o)
                0x80013c50                lp_connect_ind
 .text.lp_disconnect_ind
                0x80013c54      0x124 /opt/devkitpro/libogc/lib/wii/libbte.a(l2cap.o)
                0x80013c54                lp_disconnect_ind
 .text.l2cap_disconnect_bb
                0x80013d78       0x10 /opt/devkitpro/libogc/lib/wii/libbte.a(l2cap.o)
                0x80013d78                l2cap_disconnect_bb
 .text.l2cap_arg
                0x80013d88        0x8 /opt/devkitpro/libogc/lib/wii/libbte.a(l2cap.o)
                0x80013d88                l2cap_arg
 .text.l2cap_connect_ind
                0x80013d90      0x104 /opt/devkitpro/libogc/lib/wii/libbte.a(l2cap.o)
                0x80013d90                l2cap_connect_ind
 .text.l2cap_disconnect_ind
                0x80013e94        0x8 /opt/devkitpro/libogc/lib/wii/libbte.a(l2cap.o)
                0x80013e94                l2cap_disconnect_ind
 .text.l2cap_recv
                0x80013e9c        0x8 /opt/devkitpro/libogc/lib/wii/libbte.a(l2cap.o)
                0x80013e9c                l2cap_recv
 .text.btmemb_init
                0x80013ea4       0x24 /opt/devkitpro/libogc/lib/wii/libbte.a(btmemb.o)
                0x80013ea4                btmemb_init
 .text.btmemb_alloc
                0x80013ec8       0x98 /opt/devkitpro/libogc/lib/wii/libbte.a(btmemb.o)
                0x80013ec8                btmemb_alloc
 .text.btmemb_free
                0x80013f60      0x114 /opt/devkitpro/libogc/lib/wii/libbte.a(btmemb.o)
                0x80013f60                btmemb_free
 .text.plug_holes
                0x80014074       0xac /opt/devkitpro/libogc/lib/wii/libbte.a(btmemr.o)
 .text.btmemr_init
                0x80014120       0xa4 /opt/devkitpro/libogc/lib/wii/libbte.a(btmemr.o)
                0x80014120                btmemr_init
 .text.btmemr_malloc
                0x800141c4      0x17c /opt/devkitpro/libogc/lib/wii/libbte.a(btmemr.o)
                0x800141c4                btmemr_malloc
 .text.btmemr_free
                0x80014340       0x98 /opt/devkitpro/libogc/lib/wii/libbte.a(btmemr.o)
                0x80014340                btmemr_free
 .text.btmemr_realloc
                0x800143d8      0x108 /opt/devkitpro/libogc/lib/wii/libbte.a(btmemr.o)
                0x800143d8                btmemr_realloc
 .text.btpbuf_init
                0x800144e0       0x28 /opt/devkitpro/libogc/lib/wii/libbte.a(btpbuf.o)
                0x800144e0                btpbuf_init
 .text.btpbuf_free
                0x80014508      0x11c /opt/devkitpro/libogc/lib/wii/libbte.a(btpbuf.o)
                0x80014508                btpbuf_free
 .text.btpbuf_alloc
                0x80014624      0x250 /opt/devkitpro/libogc/lib/wii/libbte.a(btpbuf.o)
                0x80014624                btpbuf_alloc
 .text.btpbuf_realloc
                0x80014874      0x110 /opt/devkitpro/libogc/lib/wii/libbte.a(btpbuf.o)
                0x80014874                btpbuf_realloc
 .text.btpbuf_header
                0x80014984       0x84 /opt/devkitpro/libogc/lib/wii/libbte.a(btpbuf.o)
                0x80014984                btpbuf_header
 .text.btpbuf_ref
                0x80014a08       0x48 /opt/devkitpro/libogc/lib/wii/libbte.a(btpbuf.o)
                0x80014a08                btpbuf_ref
 .text.btpbuf_chain
                0x80014a50       0x9c /opt/devkitpro/libogc/lib/wii/libbte.a(btpbuf.o)
                0x80014a50                btpbuf_chain
 .text.btpbuf_dechain
                0x80014aec       0x7c /opt/devkitpro/libogc/lib/wii/libbte.a(btpbuf.o)
                0x80014aec                btpbuf_dechain
 .text.btpbuf_take
                0x80014b68      0x13c /opt/devkitpro/libogc/lib/wii/libbte.a(btpbuf.o)
                0x80014b68                btpbuf_take
 .text.__usb_closeCB
                0x80014ca4       0x10 /opt/devkitpro/libogc/lib/wii/libbte.a(physbusif.o)
 .text.__writebulkmsgCB
                0x80014cb4       0x3c /opt/devkitpro/libogc/lib/wii/libbte.a(physbusif.o)
 .text.__writectrlmsgCB
                0x80014cf0       0x3c /opt/devkitpro/libogc/lib/wii/libbte.a(physbusif.o)
 .text.__issue_intrread.part.0
                0x80014d2c       0x80 /opt/devkitpro/libogc/lib/wii/libbte.a(physbusif.o)
 .text.__readintrdataCB
                0x80014dac      0x148 /opt/devkitpro/libogc/lib/wii/libbte.a(physbusif.o)
 .text.__issue_bulkread.part.0
                0x80014ef4       0x80 /opt/devkitpro/libogc/lib/wii/libbte.a(physbusif.o)
 .text.__readbulkdataCB
                0x80014f74      0x148 /opt/devkitpro/libogc/lib/wii/libbte.a(physbusif.o)
 .text.physbusif_init
                0x800150bc      0x1ec /opt/devkitpro/libogc/lib/wii/libbte.a(physbusif.o)
                0x800150bc                physbusif_init
 .text.physbusif_close
                0x800152a8       0x20 /opt/devkitpro/libogc/lib/wii/libbte.a(physbusif.o)
                0x800152a8                physbusif_close
 .text.physbusif_shutdown
                0x800152c8       0x24 /opt/devkitpro/libogc/lib/wii/libbte.a(physbusif.o)
                0x800152c8                physbusif_shutdown
 .text.physbusif_reset_all
                0x800152ec        0x4 /opt/devkitpro/libogc/lib/wii/libbte.a(physbusif.o)
                0x800152ec                physbusif_reset_all
 .text.physbusif_output
                0x800152f0      0x1c4 /opt/devkitpro/libogc/lib/wii/libbte.a(physbusif.o)
                0x800152f0                physbusif_output
 .text._get_next_page
                0x800154b4      0x248 /opt/devkitpro/portlibs/ppc/lib/libvorbisidec.a(vorbisfile.o)
 .text._initial_pcmoffset
                0x800156fc      0x148 /opt/devkitpro/portlibs/ppc/lib/libvorbisidec.a(vorbisfile.o)
 .text._seek_helper
                0x80015844       0xbc /opt/devkitpro/portlibs/ppc/lib/libvorbisidec.a(vorbisfile.o)
 .text._make_decode_ready
                0x80015900       0xc8 /opt/devkitpro/portlibs/ppc/lib/libvorbisidec.a(vorbisfile.o)
 .text._get_prev_page_serial
                0x800159c8      0x284 /opt/devkitpro/portlibs/ppc/lib/libvorbisidec.a(vorbisfile.o)
 .text._fetch_headers
                0x80015c4c      0x3e0 /opt/devkitpro/portlibs/ppc/lib/libvorbisidec.a(vorbisfile.o)
 .text._bisect_forward_serialno
                0x8001602c      0x5b8 /opt/devkitpro/portlibs/ppc/lib/libvorbisidec.a(vorbisfile.o)
 .text._fetch_and_process_packet.constprop.10
                0x800165e4      0x40c /opt/devkitpro/portlibs/ppc/lib/libvorbisidec.a(vorbisfile.o)
 .text.ov_clear
                0x800169f0      0x124 /opt/devkitpro/portlibs/ppc/lib/libvorbisidec.a(vorbisfile.o)
                0x800169f0                ov_clear
 .text._ov_open1
                0x80016b14      0x2a8 /opt/devkitpro/portlibs/ppc/lib/libvorbisidec.a(vorbisfile.o)
 .text.ov_pcm_total
                0x80016dbc       0x54 /opt/devkitpro/portlibs/ppc/lib/libvorbisidec.a(vorbisfile.o)
                0x80016dbc                ov_pcm_total
 .text.ov_pcm_total.part.3
                0x80016e10       0xac /opt/devkitpro/portlibs/ppc/lib/libvorbisidec.a(vorbisfile.o)
 .text.ov_time_total
                0x80016ebc       0x98 /opt/devkitpro/portlibs/ppc/lib/libvorbisidec.a(vorbisfile.o)
                0x80016ebc                ov_time_total
 .text.ov_time_total.part.4
                0x80016f54       0xac /opt/devkitpro/portlibs/ppc/lib/libvorbisidec.a(vorbisfile.o)
 .text.ov_raw_seek
                0x80017000      0x538 /opt/devkitpro/portlibs/ppc/lib/libvorbisidec.a(vorbisfile.o)
                0x80017000                ov_raw_seek
 .text._open_seekable2
                0x80017538      0x268 /opt/devkitpro/portlibs/ppc/lib/libvorbisidec.a(vorbisfile.o)
 .text.ov_open_callbacks
                0x800177a0       0xbc /opt/devkitpro/portlibs/ppc/lib/libvorbisidec.a(vorbisfile.o)
                0x800177a0                ov_open_callbacks
 .text.ov_pcm_seek_page
                0x8001785c      0xce0 /opt/devkitpro/portlibs/ppc/lib/libvorbisidec.a(vorbisfile.o)
                0x8001785c                ov_pcm_seek_page
 .text.ov_pcm_seek
                0x8001853c      0x488 /opt/devkitpro/portlibs/ppc/lib/libvorbisidec.a(vorbisfile.o)
                0x8001853c                ov_pcm_seek
 .text.ov_time_seek
                0x800189c4      0x1d0 /opt/devkitpro/portlibs/ppc/lib/libvorbisidec.a(vorbisfile.o)
                0x800189c4                ov_time_seek
 .text.ov_info  0x80018b94       0x60 /opt/devkitpro/portlibs/ppc/lib/libvorbisidec.a(vorbisfile.o)
                0x80018b94                ov_info
 .text.ov_read  0x80018bf4      0x1e8 /opt/devkitpro/portlibs/ppc/lib/libvorbisidec.a(vorbisfile.o)
                0x80018bf4                ov_read
 .text.vorbis_block_init
                0x80018ddc       0x40 /opt/devkitpro/portlibs/ppc/lib/libvorbisidec.a(block.o)
                0x80018ddc                vorbis_block_init
 .text._vorbis_block_alloc
                0x80018e1c       0xc4 /opt/devkitpro/portlibs/ppc/lib/libvorbisidec.a(block.o)
                0x80018e1c                _vorbis_block_alloc
 .text._vorbis_block_ripcord
                0x80018ee0       0xcc /opt/devkitpro/portlibs/ppc/lib/libvorbisidec.a(block.o)
                0x80018ee0                _vorbis_block_ripcord
 .text.vorbis_block_clear
                0x80018fac       0x50 /opt/devkitpro/portlibs/ppc/lib/libvorbisidec.a(block.o)
                0x80018fac                vorbis_block_clear
 .text.vorbis_synthesis_restart
                0x80018ffc       0x74 /opt/devkitpro/portlibs/ppc/lib/libvorbisidec.a(block.o)
                0x80018ffc                vorbis_synthesis_restart
 .text.vorbis_dsp_clear
                0x80019070      0x19c /opt/devkitpro/portlibs/ppc/lib/libvorbisidec.a(block.o)
                0x80019070                vorbis_dsp_clear
 .text.vorbis_synthesis_init
                0x8001920c      0x348 /opt/devkitpro/portlibs/ppc/lib/libvorbisidec.a(block.o)
                0x8001920c                vorbis_synthesis_init
 .text.vorbis_synthesis_blockin
                0x80019554      0x738 /opt/devkitpro/portlibs/ppc/lib/libvorbisidec.a(block.o)
                0x80019554                vorbis_synthesis_blockin
 .text.vorbis_synthesis_pcmout
                0x80019c8c       0x84 /opt/devkitpro/portlibs/ppc/lib/libvorbisidec.a(block.o)
                0x80019c8c                vorbis_synthesis_pcmout
 .text.vorbis_synthesis_read
                0x80019d10       0x30 /opt/devkitpro/portlibs/ppc/lib/libvorbisidec.a(block.o)
                0x80019d10                vorbis_synthesis_read
 .text._vorbis_window
                0x80019d40       0xc8 /opt/devkitpro/portlibs/ppc/lib/libvorbisidec.a(window.o)
                0x80019d40                _vorbis_window
 .text._vorbis_apply_window
                0x80019e08      0x1ac /opt/devkitpro/portlibs/ppc/lib/libvorbisidec.a(window.o)
                0x80019e08                _vorbis_apply_window
 .text._vorbis_synthesis1
                0x80019fb4      0x2a4 /opt/devkitpro/portlibs/ppc/lib/libvorbisidec.a(synthesis.o)
 .text.vorbis_synthesis
                0x8001a258        0x8 /opt/devkitpro/portlibs/ppc/lib/libvorbisidec.a(synthesis.o)
                0x8001a258                vorbis_synthesis
 .text.vorbis_synthesis_trackonly
                0x8001a260        0x8 /opt/devkitpro/portlibs/ppc/lib/libvorbisidec.a(synthesis.o)
                0x8001a260                vorbis_synthesis_trackonly
 .text.vorbis_packet_blocksize
                0x8001a268       0xa8 /opt/devkitpro/portlibs/ppc/lib/libvorbisidec.a(synthesis.o)
                0x8001a268                vorbis_packet_blocksize
 .text.vorbis_comment_init
                0x8001a310       0x18 /opt/devkitpro/portlibs/ppc/lib/libvorbisidec.a(info.o)
                0x8001a310                vorbis_comment_init
 .text.vorbis_comment_clear
                0x8001a328       0xb4 /opt/devkitpro/portlibs/ppc/lib/libvorbisidec.a(info.o)
                0x8001a328                vorbis_comment_clear
 .text.vorbis_info_blocksize
                0x8001a3dc       0x20 /opt/devkitpro/portlibs/ppc/lib/libvorbisidec.a(info.o)
                0x8001a3dc                vorbis_info_blocksize
 .text.vorbis_info_init
                0x8001a3fc       0x58 /opt/devkitpro/portlibs/ppc/lib/libvorbisidec.a(info.o)
                0x8001a3fc                vorbis_info_init
 .text.vorbis_info_clear
                0x8001a454      0x210 /opt/devkitpro/portlibs/ppc/lib/libvorbisidec.a(info.o)
                0x8001a454                vorbis_info_clear
 .text.vorbis_synthesis_idheader
                0x8001a664       0xd4 /opt/devkitpro/portlibs/ppc/lib/libvorbisidec.a(info.o)
                0x8001a664                vorbis_synthesis_idheader
 .text.vorbis_synthesis_headerin
                0x8001a738      0x740 /opt/devkitpro/portlibs/ppc/lib/libvorbisidec.a(info.o)
                0x8001a738                vorbis_synthesis_headerin
 .text.bitreverse
                0x8001ae78       0x80 /opt/devkitpro/portlibs/ppc/lib/libvorbisidec.a(codebook.o)
 .text.vorbis_staticbook_unpack
                0x8001aef8      0x4b0 /opt/devkitpro/portlibs/ppc/lib/libvorbisidec.a(codebook.o)
                0x8001aef8                vorbis_staticbook_unpack
 .text.vorbis_book_decode
                0x8001b3a8      0x1e0 /opt/devkitpro/portlibs/ppc/lib/libvorbisidec.a(codebook.o)
                0x8001b3a8                vorbis_book_decode
 .text.vorbis_book_decodevs_add
                0x8001b588      0x4ac /opt/devkitpro/portlibs/ppc/lib/libvorbisidec.a(codebook.o)
                0x8001b588                vorbis_book_decodevs_add
 .text.vorbis_book_decodev_add
                0x8001ba34      0x454 /opt/devkitpro/portlibs/ppc/lib/libvorbisidec.a(codebook.o)
                0x8001ba34                vorbis_book_decodev_add
 .text.vorbis_book_decodev_set
                0x8001be88      0x4cc /opt/devkitpro/portlibs/ppc/lib/libvorbisidec.a(codebook.o)
                0x8001be88                vorbis_book_decodev_set
 .text.vorbis_book_decodevv_add
                0x8001c354      0x44c /opt/devkitpro/portlibs/ppc/lib/libvorbisidec.a(codebook.o)
                0x8001c354                vorbis_book_decodevv_add
 .text.bitreverse
                0x8001c7a0       0x80 /opt/devkitpro/portlibs/ppc/lib/libvorbisidec.a(sharedbook.o)
 .text.sort32a  0x8001c820       0x24 /opt/devkitpro/portlibs/ppc/lib/libvorbisidec.a(sharedbook.o)
 .text._ilog    0x8001c844       0x28 /opt/devkitpro/portlibs/ppc/lib/libvorbisidec.a(sharedbook.o)
                0x8001c844                _ilog
 .text._make_words
                0x8001c86c      0x32c /opt/devkitpro/portlibs/ppc/lib/libvorbisidec.a(sharedbook.o)
                0x8001c86c                _make_words
 .text._book_maptype1_quantvals
                0x8001cb98       0xb0 /opt/devkitpro/portlibs/ppc/lib/libvorbisidec.a(sharedbook.o)
                0x8001cb98                _book_maptype1_quantvals
 .text._book_unquantize.part.1
                0x8001cc48      0x7a0 /opt/devkitpro/portlibs/ppc/lib/libvorbisidec.a(sharedbook.o)
 .text.vorbis_staticbook_destroy
                0x8001d3e8       0x4c /opt/devkitpro/portlibs/ppc/lib/libvorbisidec.a(sharedbook.o)
                0x8001d3e8                vorbis_staticbook_destroy
 .text.vorbis_book_clear
                0x8001d434       0x84 /opt/devkitpro/portlibs/ppc/lib/libvorbisidec.a(sharedbook.o)
                0x8001d434                vorbis_book_clear
 .text.vorbis_book_init_decode
                0x8001d4b8      0x54c /opt/devkitpro/portlibs/ppc/lib/libvorbisidec.a(sharedbook.o)
                0x8001d4b8                vorbis_book_init_decode
 .text.icomp    0x8001da04       0x18 /opt/devkitpro/portlibs/ppc/lib/libvorbisidec.a(floor1.o)
 .text.floor1_inverse2
                0x8001da1c      0x2e4 /opt/devkitpro/portlibs/ppc/lib/libvorbisidec.a(floor1.o)
 .text.floor1_inverse1
                0x8001dd00      0x3b4 /opt/devkitpro/portlibs/ppc/lib/libvorbisidec.a(floor1.o)
 .text.floor1_free_look
                0x8001e0b4        0xc /opt/devkitpro/portlibs/ppc/lib/libvorbisidec.a(floor1.o)
 .text.floor1_free_info
                0x8001e0c0        0xc /opt/devkitpro/portlibs/ppc/lib/libvorbisidec.a(floor1.o)
 .text.floor1_look
                0x8001e0cc      0x260 /opt/devkitpro/portlibs/ppc/lib/libvorbisidec.a(floor1.o)
 .text.floor1_unpack
                0x8001e32c      0x400 /opt/devkitpro/portlibs/ppc/lib/libvorbisidec.a(floor1.o)
 .text.floor0_inverse1
                0x8001e72c      0x224 /opt/devkitpro/portlibs/ppc/lib/libvorbisidec.a(floor0.o)
 .text.floor0_free_info
                0x8001e950        0xc /opt/devkitpro/portlibs/ppc/lib/libvorbisidec.a(floor0.o)
 .text.floor0_unpack
                0x8001e95c      0x184 /opt/devkitpro/portlibs/ppc/lib/libvorbisidec.a(floor0.o)
 .text.floor0_free_look
                0x8001eae0       0x5c /opt/devkitpro/portlibs/ppc/lib/libvorbisidec.a(floor0.o)
 .text.floor0_look
                0x8001eb3c      0x288 /opt/devkitpro/portlibs/ppc/lib/libvorbisidec.a(floor0.o)
 .text.vorbis_lsp_to_curve
                0x8001edc4      0x5d4 /opt/devkitpro/portlibs/ppc/lib/libvorbisidec.a(floor0.o)
                0x8001edc4                vorbis_lsp_to_curve
 .text.floor0_inverse2
                0x8001f398       0x80 /opt/devkitpro/portlibs/ppc/lib/libvorbisidec.a(floor0.o)
 .text.res0_free_info
                0x8001f418        0xc /opt/devkitpro/portlibs/ppc/lib/libvorbisidec.a(res012.o)
                0x8001f418                res0_free_info
 .text.res0_unpack
                0x8001f424      0x284 /opt/devkitpro/portlibs/ppc/lib/libvorbisidec.a(res012.o)
                0x8001f424                res0_unpack
 .text.res0_look
                0x8001f6a8      0x290 /opt/devkitpro/portlibs/ppc/lib/libvorbisidec.a(res012.o)
                0x8001f6a8                res0_look
 .text._01inverse
                0x8001f938      0x360 /opt/devkitpro/portlibs/ppc/lib/libvorbisidec.a(res012.o)
 .text.res0_inverse
                0x8001fc98       0x68 /opt/devkitpro/portlibs/ppc/lib/libvorbisidec.a(res012.o)
                0x8001fc98                res0_inverse
 .text.res1_inverse
                0x8001fd00       0x68 /opt/devkitpro/portlibs/ppc/lib/libvorbisidec.a(res012.o)
                0x8001fd00                res1_inverse
 .text.res2_inverse
                0x8001fd68      0x308 /opt/devkitpro/portlibs/ppc/lib/libvorbisidec.a(res012.o)
                0x8001fd68                res2_inverse
 .text.res0_free_look
                0x80020070       0xc0 /opt/devkitpro/portlibs/ppc/lib/libvorbisidec.a(res012.o)
                0x80020070                res0_free_look
 .text.mapping0_inverse
                0x80020130      0x538 /opt/devkitpro/portlibs/ppc/lib/libvorbisidec.a(mapping0.o)
 .text.mapping0_free_info
                0x80020668        0xc /opt/devkitpro/portlibs/ppc/lib/libvorbisidec.a(mapping0.o)
 .text.mapping0_look
                0x80020674      0x1bc /opt/devkitpro/portlibs/ppc/lib/libvorbisidec.a(mapping0.o)
 .text.mapping0_unpack
                0x80020830      0x2b8 /opt/devkitpro/portlibs/ppc/lib/libvorbisidec.a(mapping0.o)
 .text.mapping0_free_look
                0x80020ae8       0xd0 /opt/devkitpro/portlibs/ppc/lib/libvorbisidec.a(mapping0.o)
 .text.mdct_backward
                0x80020bb8     0x18dc /opt/devkitpro/portlibs/ppc/lib/libvorbisidec.a(mdct.o)
                0x80020bb8                mdct_backward
 .text._os_update_crc
                0x80022494      0x15c /opt/devkitpro/portlibs/ppc/lib/libogg.a(framing.o)
 .text._packetout
                0x800225f0      0x1b4 /opt/devkitpro/portlibs/ppc/lib/libogg.a(framing.o)
 .text.ogg_page_continued
                0x800227a4       0x10 /opt/devkitpro/portlibs/ppc/lib/libogg.a(framing.o)
                0x800227a4                ogg_page_continued
 .text.ogg_page_bos
                0x800227b4       0x10 /opt/devkitpro/portlibs/ppc/lib/libogg.a(framing.o)
                0x800227b4                ogg_page_bos
 .text.ogg_page_eos
                0x800227c4       0x10 /opt/devkitpro/portlibs/ppc/lib/libogg.a(framing.o)
                0x800227c4                ogg_page_eos
 .text.ogg_page_granulepos
                0x800227d4       0x18 /opt/devkitpro/portlibs/ppc/lib/libogg.a(framing.o)
                0x800227d4                ogg_page_granulepos
 .text.ogg_page_serialno
                0x800227ec       0x10 /opt/devkitpro/portlibs/ppc/lib/libogg.a(framing.o)
                0x800227ec                ogg_page_serialno
 .text.ogg_stream_clear
                0x800227fc       0x70 /opt/devkitpro/portlibs/ppc/lib/libogg.a(framing.o)
                0x800227fc                ogg_stream_clear
 .text.ogg_stream_init
                0x8002286c       0xc8 /opt/devkitpro/portlibs/ppc/lib/libogg.a(framing.o)
                0x8002286c                ogg_stream_init
 .text._os_body_expand
                0x80022934       0xbc /opt/devkitpro/portlibs/ppc/lib/libogg.a(framing.o)
 .text._os_lacing_expand
                0x800229f0       0xd4 /opt/devkitpro/portlibs/ppc/lib/libogg.a(framing.o)
 .text.ogg_page_checksum_set
                0x80022ac4       0xa0 /opt/devkitpro/portlibs/ppc/lib/libogg.a(framing.o)
                0x80022ac4                ogg_page_checksum_set
 .text.ogg_sync_init
                0x80022b64       0x30 /opt/devkitpro/portlibs/ppc/lib/libogg.a(framing.o)
                0x80022b64                ogg_sync_init
 .text.ogg_sync_clear
                0x80022b94       0x60 /opt/devkitpro/portlibs/ppc/lib/libogg.a(framing.o)
                0x80022b94                ogg_sync_clear
 .text.ogg_sync_buffer
                0x80022bf4      0x118 /opt/devkitpro/portlibs/ppc/lib/libogg.a(framing.o)
                0x80022bf4                ogg_sync_buffer
 .text.ogg_sync_wrote
                0x80022d0c       0x30 /opt/devkitpro/portlibs/ppc/lib/libogg.a(framing.o)
                0x80022d0c                ogg_sync_wrote
 .text.ogg_sync_pageseek
                0x80022d3c      0x20c /opt/devkitpro/portlibs/ppc/lib/libogg.a(framing.o)
                0x80022d3c                ogg_sync_pageseek
 .text.ogg_stream_pagein
                0x80022f48      0x4a0 /opt/devkitpro/portlibs/ppc/lib/libogg.a(framing.o)
                0x80022f48                ogg_stream_pagein
 .text.ogg_sync_reset
                0x800233e8       0x38 /opt/devkitpro/portlibs/ppc/lib/libogg.a(framing.o)
                0x800233e8                ogg_sync_reset
 .text.ogg_stream_reset
                0x80023420       0x68 /opt/devkitpro/portlibs/ppc/lib/libogg.a(framing.o)
                0x80023420                ogg_stream_reset
 .text.ogg_stream_reset_serialno
                0x80023488       0x6c /opt/devkitpro/portlibs/ppc/lib/libogg.a(framing.o)
                0x80023488                ogg_stream_reset_serialno
 .text.ogg_stream_packetout
                0x800234f4       0x24 /opt/devkitpro/portlibs/ppc/lib/libogg.a(framing.o)
                0x800234f4                ogg_stream_packetout
 .text.ogg_stream_packetpeek
                0x80023518       0x24 /opt/devkitpro/portlibs/ppc/lib/libogg.a(framing.o)
                0x80023518                ogg_stream_packetpeek
 .text.oggpack_readinit
                0x8002353c       0x1c /opt/devkitpro/portlibs/ppc/lib/libogg.a(bitwise.o)
                0x8002353c                oggpack_readinit
 .text.oggpack_look
                0x80023558       0xd8 /opt/devkitpro/portlibs/ppc/lib/libogg.a(bitwise.o)
                0x80023558                oggpack_look
 .text.oggpack_adv
                0x80023630       0x64 /opt/devkitpro/portlibs/ppc/lib/libogg.a(bitwise.o)
                0x80023630                oggpack_adv
 .text.oggpack_read
                0x80023694      0x110 /opt/devkitpro/portlibs/ppc/lib/libogg.a(bitwise.o)
                0x80023694                oggpack_read
 .text.oggpack_bytes
                0x800237a4       0x1c /opt/devkitpro/portlibs/ppc/lib/libogg.a(bitwise.o)
                0x800237a4                oggpack_bytes
 .text.__dsp_donecallback
                0x800237c0        0xc /opt/devkitpro/libogc/lib/wii/libasnd.a(asndlib.o)
 .text.__dsp_initcallback
                0x800237cc       0x58 /opt/devkitpro/libogc/lib/wii/libasnd.a(asndlib.o)
 .text.audio_dma_callback
                0x80023824      0x5a0 /opt/devkitpro/libogc/lib/wii/libasnd.a(asndlib.o)
 .text.__dsp_requestcallback
                0x80023dc4      0x65c /opt/devkitpro/libogc/lib/wii/libasnd.a(asndlib.o)
 .text.ASND_Init
                0x80024420      0x1c0 /opt/devkitpro/libogc/lib/wii/libasnd.a(asndlib.o)
                0x80024420                ASND_Init
 .text.ASND_SetVoice
                0x800245e0      0x200 /opt/devkitpro/libogc/lib/wii/libasnd.a(asndlib.o)
                0x800245e0                ASND_SetVoice
 .text.ASND_AddVoice
                0x800247e0      0x110 /opt/devkitpro/libogc/lib/wii/libasnd.a(asndlib.o)
                0x800247e0                ASND_AddVoice
 .text.ASND_TestPointer
                0x800248f0       0x78 /opt/devkitpro/libogc/lib/wii/libasnd.a(asndlib.o)
                0x800248f0                ASND_TestPointer
 .text.ASND_StopVoice
                0x80024968       0x74 /opt/devkitpro/libogc/lib/wii/libasnd.a(asndlib.o)
                0x80024968                ASND_StopVoice
 .text.ASND_StatusVoice
                0x800249dc       0x8c /opt/devkitpro/libogc/lib/wii/libasnd.a(asndlib.o)
                0x800249dc                ASND_StatusVoice
 .text.ASND_Pause
                0x80024a68        0x8 /opt/devkitpro/libogc/lib/wii/libasnd.a(asndlib.o)
                0x80024a68                ASND_Pause
 .text.__console_clear_line
                0x80024a70       0xb4 /opt/devkitpro/libogc/lib/wii/libogc.a(console.o)
 .text.__console_clear
                0x80024b24       0xbc /opt/devkitpro/libogc/lib/wii/libogc.a(console.o)
 .text.__console_write
                0x80024be0      0x82c /opt/devkitpro/libogc/lib/wii/libogc.a(console.o)
                0x80024be0                __console_write
 .text.__console_init
                0x8002540c      0x120 /opt/devkitpro/libogc/lib/wii/libogc.a(console.o)
                0x8002540c                __console_init
 .text.CON_Init
                0x8002552c        0x4 /opt/devkitpro/libogc/lib/wii/libogc.a(console.o)
                0x8002552c                CON_Init
 .text.CON_EnableGecko
                0x80025530      0x100 /opt/devkitpro/libogc/lib/wii/libogc.a(console.o)
                0x80025530                CON_EnableGecko
 .text.__lwp_queue_initialize
                0x80025630       0x98 /opt/devkitpro/libogc/lib/wii/libogc.a(lwp_queue.o)
                0x80025630                __lwp_queue_initialize
 .text.__lwp_queue_get
                0x800256c8       0x74 /opt/devkitpro/libogc/lib/wii/libogc.a(lwp_queue.o)
                0x800256c8                __lwp_queue_get
 .text.__lwp_queue_append
                0x8002573c       0x4c /opt/devkitpro/libogc/lib/wii/libogc.a(lwp_queue.o)
                0x8002573c                __lwp_queue_append
 .text.__syscall_getreent
                0x80025788       0x24 /opt/devkitpro/libogc/lib/wii/libogc.a(lwp_threads.o)
                0x80025788                __syscall_getreent
 .text.__lwp_isr_in_progress
                0x800257ac        0x8 /opt/devkitpro/libogc/lib/wii/libogc.a(lwp_threads.o)
                0x800257ac                __lwp_isr_in_progress
 .text.__thread_dispatch_fp
                0x800257b4       0x88 /opt/devkitpro/libogc/lib/wii/libogc.a(lwp_threads.o)
                0x800257b4                __thread_dispatch_fp
 .text.__thread_dispatch
                0x8002583c       0xf4 /opt/devkitpro/libogc/lib/wii/libogc.a(lwp_threads.o)
                0x8002583c                __thread_dispatch
 .text.__lwp_thread_resettimeslice
                0x80025930       0xb4 /opt/devkitpro/libogc/lib/wii/libogc.a(lwp_threads.o)
                0x80025930                __lwp_thread_resettimeslice
 .text.__lwp_thread_tickle_timeslice
                0x800259e4       0xc8 /opt/devkitpro/libogc/lib/wii/libogc.a(lwp_threads.o)
                0x800259e4                __lwp_thread_tickle_timeslice
 .text.__lwp_thread_setstate
                0x80025aac      0x16c /opt/devkitpro/libogc/lib/wii/libogc.a(lwp_threads.o)
                0x80025aac                __lwp_thread_setstate
 .text.__lwp_thread_clearstate
                0x80025c18       0xe4 /opt/devkitpro/libogc/lib/wii/libogc.a(lwp_threads.o)
                0x80025c18                __lwp_thread_clearstate
 .text.__lwp_thread_delayended
                0x80025cfc       0x48 /opt/devkitpro/libogc/lib/wii/libogc.a(lwp_threads.o)
                0x80025cfc                __lwp_thread_delayended
 .text.__lwp_thread_settransient
                0x80025d44       0xb4 /opt/devkitpro/libogc/lib/wii/libogc.a(lwp_threads.o)
                0x80025d44                __lwp_thread_settransient
 .text.__lwp_thread_changepriority
                0x80025df8      0x1f8 /opt/devkitpro/libogc/lib/wii/libogc.a(lwp_threads.o)
                0x80025df8                __lwp_thread_changepriority
 .text.__lwp_thread_ready
                0x80025ff0       0xf0 /opt/devkitpro/libogc/lib/wii/libogc.a(lwp_threads.o)
                0x80025ff0                __lwp_thread_ready
 .text.__lwp_thread_init
                0x800260e0      0x160 /opt/devkitpro/libogc/lib/wii/libogc.a(lwp_threads.o)
                0x800260e0                __lwp_thread_init
 .text.__lwp_thread_close
                0x80026240      0x144 /opt/devkitpro/libogc/lib/wii/libogc.a(lwp_threads.o)
                0x80026240                __lwp_thread_close
 .text.__lwp_thread_handler
                0x80026384       0xc0 /opt/devkitpro/libogc/lib/wii/libogc.a(lwp_threads.o)
 .text.__lwp_thread_closeall
                0x80026444       0xb0 /opt/devkitpro/libogc/lib/wii/libogc.a(lwp_threads.o)
                0x80026444                __lwp_thread_closeall
 .text.__lwp_thread_start
                0x800264f4      0x150 /opt/devkitpro/libogc/lib/wii/libogc.a(lwp_threads.o)
                0x800264f4                __lwp_thread_start
 .text.__lwp_thread_startmultitasking
                0x80026644       0xac /opt/devkitpro/libogc/lib/wii/libogc.a(lwp_threads.o)
                0x80026644                __lwp_thread_startmultitasking
 .text.__lwp_thread_stopmultitasking
                0x800266f0       0x58 /opt/devkitpro/libogc/lib/wii/libogc.a(lwp_threads.o)
                0x800266f0                __lwp_thread_stopmultitasking
 .text.__lwp_thread_coreinit
                0x80026748       0xc4 /opt/devkitpro/libogc/lib/wii/libogc.a(lwp_threads.o)
                0x80026748                __lwp_thread_coreinit
 .text.idle_func
                0x8002680c        0x4 /opt/devkitpro/libogc/lib/wii/libogc.a(lwp.o)
 .text.__lwp_sysinit
                0x80026810      0x114 /opt/devkitpro/libogc/lib/wii/libogc.a(lwp.o)
                0x80026810                __lwp_sysinit
 .text.LWP_CreateThread
                0x80026924      0x1b0 /opt/devkitpro/libogc/lib/wii/libogc.a(lwp.o)
                0x80026924                LWP_CreateThread
 .text.LWP_JoinThread
                0x80026ad4      0x150 /opt/devkitpro/libogc/lib/wii/libogc.a(lwp.o)
                0x80026ad4                LWP_JoinThread
 .text.LWP_InitQueue
                0x80026c24      0x140 /opt/devkitpro/libogc/lib/wii/libogc.a(lwp.o)
                0x80026c24                LWP_InitQueue
 .text.LWP_CloseQueue
                0x80026d64       0xd4 /opt/devkitpro/libogc/lib/wii/libogc.a(lwp.o)
                0x80026d64                LWP_CloseQueue
 .text.LWP_ThreadSleep
                0x80026e38       0xf8 /opt/devkitpro/libogc/lib/wii/libogc.a(lwp.o)
                0x80026e38                LWP_ThreadSleep
 .text.LWP_ThreadBroadcast
                0x80026f30       0x88 /opt/devkitpro/libogc/lib/wii/libogc.a(lwp.o)
                0x80026f30                LWP_ThreadBroadcast
 .text.LWP_ThreadSignal
                0x80026fb8       0x74 /opt/devkitpro/libogc/lib/wii/libogc.a(lwp.o)
                0x80026fb8                LWP_ThreadSignal
 .text.__lwp_stack_allocate
                0x8002702c       0x60 /opt/devkitpro/libogc/lib/wii/libogc.a(lwp_stack.o)
                0x8002702c                __lwp_stack_allocate
 .text.__lwp_stack_free
                0x8002708c       0x1c /opt/devkitpro/libogc/lib/wii/libogc.a(lwp_stack.o)
                0x8002708c                __lwp_stack_free
 .text.__lwp_wd_settimer
                0x800270a8       0xe0 /opt/devkitpro/libogc/lib/wii/libogc.a(lwp_watchdog.o)
 .text.__lwp_watchdog_init
                0x80027188       0x2c /opt/devkitpro/libogc/lib/wii/libogc.a(lwp_watchdog.o)
                0x80027188                __lwp_watchdog_init
 .text.__lwp_wd_insert
                0x800271b4      0x194 /opt/devkitpro/libogc/lib/wii/libogc.a(lwp_watchdog.o)
                0x800271b4                __lwp_wd_insert
 .text.__lwp_wd_remove
                0x80027348      0x138 /opt/devkitpro/libogc/lib/wii/libogc.a(lwp_watchdog.o)
                0x80027348                __lwp_wd_remove
 .text.__lwp_wd_tickle
                0x80027480      0x120 /opt/devkitpro/libogc/lib/wii/libogc.a(lwp_watchdog.o)
                0x80027480                __lwp_wd_tickle
 .text.__lwp_wkspace_init
                0x800275a0       0xc0 /opt/devkitpro/libogc/lib/wii/libogc.a(lwp_wkspace.o)
                0x800275a0                __lwp_wkspace_init
 .text.__lwp_objmgr_initinfo
                0x80027660      0x1a0 /opt/devkitpro/libogc/lib/wii/libogc.a(lwp_objmgr.o)
                0x80027660                __lwp_objmgr_initinfo
 .text.__lwp_objmgr_getisrdisable
                0x80027800       0x60 /opt/devkitpro/libogc/lib/wii/libogc.a(lwp_objmgr.o)
                0x80027800                __lwp_objmgr_getisrdisable
 .text.__lwp_objmgr_getnoprotection
                0x80027860       0x24 /opt/devkitpro/libogc/lib/wii/libogc.a(lwp_objmgr.o)
                0x80027860                __lwp_objmgr_getnoprotection
 .text.__lwp_objmgr_get
                0x80027884       0x6c /opt/devkitpro/libogc/lib/wii/libogc.a(lwp_objmgr.o)
                0x80027884                __lwp_objmgr_get
 .text.__lwp_objmgr_allocate
                0x800278f0       0x88 /opt/devkitpro/libogc/lib/wii/libogc.a(lwp_objmgr.o)
                0x800278f0                __lwp_objmgr_allocate
 .text.__lwp_objmgr_free
                0x80027978       0x60 /opt/devkitpro/libogc/lib/wii/libogc.a(lwp_objmgr.o)
                0x80027978                __lwp_objmgr_free
 .text.__lwp_heap_init
                0x800279d8       0xa4 /opt/devkitpro/libogc/lib/wii/libogc.a(lwp_heap.o)
                0x800279d8                __lwp_heap_init
 .text.__lwp_heap_allocate
                0x80027a7c      0x160 /opt/devkitpro/libogc/lib/wii/libogc.a(lwp_heap.o)
                0x80027a7c                __lwp_heap_allocate
 .text.__lwp_heap_free
                0x80027bdc      0x188 /opt/devkitpro/libogc/lib/wii/libogc.a(lwp_heap.o)
                0x80027bdc                __lwp_heap_free
 .text.__SetInterrupts
                0x80027d64      0x268 /opt/devkitpro/libogc/lib/wii/libogc.a(irq.o)
 .text.c_irqdispatcher
                0x80027fcc      0x278 /opt/devkitpro/libogc/lib/wii/libogc.a(irq.o)
                0x80027fcc                c_irqdispatcher
 .text.__UnmaskIrq
                0x80028244       0x84 /opt/devkitpro/libogc/lib/wii/libogc.a(irq.o)
                0x80028244                __UnmaskIrq
 .text.__MaskIrq
                0x800282c8       0x84 /opt/devkitpro/libogc/lib/wii/libogc.a(irq.o)
                0x800282c8                __MaskIrq
 .text.__irq_init
                0x8002834c       0x84 /opt/devkitpro/libogc/lib/wii/libogc.a(irq.o)
                0x8002834c                __irq_init
 .text.IRQ_Request
                0x800283d0       0x50 /opt/devkitpro/libogc/lib/wii/libogc.a(irq.o)
                0x800283d0                IRQ_Request
 .text.IRQ_GetHandler
                0x80028420       0x44 /opt/devkitpro/libogc/lib/wii/libogc.a(irq.o)
                0x80028420                IRQ_GetHandler
 .text.IRQ_Disable
                0x80028464       0x1c /opt/devkitpro/libogc/lib/wii/libogc.a(irq.o)
                0x80028464                IRQ_Disable
 .text.IRQ_Restore
                0x80028480       0x1c /opt/devkitpro/libogc/lib/wii/libogc.a(irq.o)
                0x80028480                IRQ_Restore
 .text.__VISendI2CData.constprop.0.isra.0
                0x8002849c      0x450 /opt/devkitpro/libogc/lib/wii/libogc.a(video.o)
 .text.__setFbbRegs.constprop.0
                0x800288ec      0x190 /opt/devkitpro/libogc/lib/wii/libogc.a(video.o)
 .text.__VISetYUVSEL
                0x80028a7c       0xb8 /opt/devkitpro/libogc/lib/wii/libogc.a(video.o)
 .text.VIDEO_Configure
                0x80028b34      0x5ec /opt/devkitpro/libogc/lib/wii/libogc.a(video.o)
                0x80028b34                VIDEO_Configure
 .text.VIDEO_WaitVSync
                0x80029120       0x74 /opt/devkitpro/libogc/lib/wii/libogc.a(video.o)
                0x80029120                VIDEO_WaitVSync
 .text.VIDEO_SetFramebuffer
                0x80029194      0x108 /opt/devkitpro/libogc/lib/wii/libogc.a(video.o)
                0x80029194                VIDEO_SetFramebuffer
 .text.VIDEO_SetNextFramebuffer
                0x8002929c       0x70 /opt/devkitpro/libogc/lib/wii/libogc.a(video.o)
                0x8002929c                VIDEO_SetNextFramebuffer
 .text.VIDEO_Flush
                0x8002930c       0xf4 /opt/devkitpro/libogc/lib/wii/libogc.a(video.o)
                0x8002930c                VIDEO_Flush
 .text.VIDEO_SetBlack
                0x80029400      0x15c /opt/devkitpro/libogc/lib/wii/libogc.a(video.o)
                0x80029400                VIDEO_SetBlack
 .text.VIDEO_GetCurrentTvMode
                0x8002955c       0x78 /opt/devkitpro/libogc/lib/wii/libogc.a(video.o)
                0x8002955c                VIDEO_GetCurrentTvMode
 .text.__VIRetraceHandler
                0x800295d4      0x298 /opt/devkitpro/libogc/lib/wii/libogc.a(video.o)
 .text.__VISetupEncoder
                0x8002986c      0x2cc /opt/devkitpro/libogc/lib/wii/libogc.a(video.o)
 .text.VIDEO_Init
                0x80029b38      0x4e4 /opt/devkitpro/libogc/lib/wii/libogc.a(video.o)
                0x80029b38                VIDEO_Init
 .text.VIDEO_GetPreferredMode
                0x8002a01c      0x108 /opt/devkitpro/libogc/lib/wii/libogc.a(video.o)
                0x8002a01c                VIDEO_GetPreferredMode
 .text.VIDEO_GetCurrentLine
                0x8002a124       0x9c /opt/devkitpro/libogc/lib/wii/libogc.a(video.o)
                0x8002a124                VIDEO_GetCurrentLine
 .text.VIDEO_GetFrameBufferSize
                0x8002a1c0       0x34 /opt/devkitpro/libogc/lib/wii/libogc.a(video.o)
                0x8002a1c0                VIDEO_GetFrameBufferSize
 .text.__call_resetfuncs
                0x8002a1f4       0xbc /opt/devkitpro/libogc/lib/wii/libogc.a(system.o)
 .text.__MEMInterruptHandler
                0x8002a2b0       0x14 /opt/devkitpro/libogc/lib/wii/libogc.a(system.o)
 .text.__RSWDefaultHandler
                0x8002a2c4        0x4 /opt/devkitpro/libogc/lib/wii/libogc.a(system.o)
 .text.__POWDefaultHandler
                0x8002a2c8        0x4 /opt/devkitpro/libogc/lib/wii/libogc.a(system.o)
 .text.__STMEventHandler
                0x8002a2cc      0x104 /opt/devkitpro/libogc/lib/wii/libogc.a(system.o)
 .text.__getrtc
                0x8002a3d0      0x13c /opt/devkitpro/libogc/lib/wii/libogc.a(system.o)
 .text.__sram_write
                0x8002a50c      0x130 /opt/devkitpro/libogc/lib/wii/libogc.a(system.o)
 .text.__sram_writecallback
                0x8002a63c       0x54 /opt/devkitpro/libogc/lib/wii/libogc.a(system.o)
 .text.__mem_onreset
                0x8002a690       0x48 /opt/devkitpro/libogc/lib/wii/libogc.a(system.o)
 .text.__unlocksram
                0x8002a6d8      0x174 /opt/devkitpro/libogc/lib/wii/libogc.a(system.o)
 .text.__sys_alarmhandler
                0x8002a84c      0x154 /opt/devkitpro/libogc/lib/wii/libogc.a(system.o)
 .text.__syscall_malloc_lock
                0x8002a9a0        0x4 /opt/devkitpro/libogc/lib/wii/libogc.a(system.o)
                0x8002a9a0                __syscall_malloc_lock
 .text.__syscall_malloc_unlock
                0x8002a9a4        0x4 /opt/devkitpro/libogc/lib/wii/libogc.a(system.o)
                0x8002a9a4                __syscall_malloc_unlock
 .text.__syscall_nanosleep
                0x8002a9a8        0x4 /opt/devkitpro/libogc/lib/wii/libogc.a(system.o)
                0x8002a9a8                __syscall_nanosleep
 .text.__SYS_GetRTC
                0x8002a9ac       0xa0 /opt/devkitpro/libogc/lib/wii/libogc.a(system.o)
                0x8002a9ac                __SYS_GetRTC
 .text.__SYS_SetBootTime
                0x8002aa4c      0x108 /opt/devkitpro/libogc/lib/wii/libogc.a(system.o)
                0x8002aa4c                __SYS_SetBootTime
 .text.__SYS_GetIPCBufferLo
                0x8002ab54        0x8 /opt/devkitpro/libogc/lib/wii/libogc.a(system.o)
                0x8002ab54                __SYS_GetIPCBufferLo
 .text.__SYS_GetIPCBufferHi
                0x8002ab5c        0x8 /opt/devkitpro/libogc/lib/wii/libogc.a(system.o)
                0x8002ab5c                __SYS_GetIPCBufferHi
 .text.__SYS_DoPowerCB
                0x8002ab64       0x74 /opt/devkitpro/libogc/lib/wii/libogc.a(system.o)
                0x8002ab64                __SYS_DoPowerCB
 .text.__SYS_PreInit
                0x8002abd8        0x4 /opt/devkitpro/libogc/lib/wii/libogc.a(system.o)
                0x8002abd8                __SYS_PreInit
 .text.SYS_PreMain
                0x8002abdc       0x7c /opt/devkitpro/libogc/lib/wii/libogc.a(system.o)
                0x8002abdc                SYS_PreMain
 .text.SYS_ResetButtonDown
                0x8002ac58       0x18 /opt/devkitpro/libogc/lib/wii/libogc.a(system.o)
                0x8002ac58                SYS_ResetButtonDown
 .text.SYS_ResetSystem
                0x8002ac70      0x210 /opt/devkitpro/libogc/lib/wii/libogc.a(system.o)
                0x8002ac70                SYS_ResetSystem
 .text.__reload
                0x8002ae80       0x80 /opt/devkitpro/libogc/lib/wii/libogc.a(system.o)
                0x8002ae80                __reload
 .text.__syscall_exit
                0x8002af00       0x88 /opt/devkitpro/libogc/lib/wii/libogc.a(system.o)
                0x8002af00                __syscall_exit
 .text.SYS_RegisterResetFunc
                0x8002af88       0x78 /opt/devkitpro/libogc/lib/wii/libogc.a(system.o)
                0x8002af88                SYS_RegisterResetFunc
 .text.SYS_SetArena1Lo
                0x8002b000       0x38 /opt/devkitpro/libogc/lib/wii/libogc.a(system.o)
                0x8002b000                SYS_SetArena1Lo
 .text.SYS_GetArena1Lo
                0x8002b038       0x38 /opt/devkitpro/libogc/lib/wii/libogc.a(system.o)
                0x8002b038                SYS_GetArena1Lo
 .text.SYS_GetArena1Hi
                0x8002b070       0x38 /opt/devkitpro/libogc/lib/wii/libogc.a(system.o)
                0x8002b070                SYS_GetArena1Hi
 .text.SYS_SetArena2Lo
                0x8002b0a8       0x38 /opt/devkitpro/libogc/lib/wii/libogc.a(system.o)
                0x8002b0a8                SYS_SetArena2Lo
 .text.SYS_GetArena2Lo
                0x8002b0e0       0x38 /opt/devkitpro/libogc/lib/wii/libogc.a(system.o)
                0x8002b0e0                SYS_GetArena2Lo
 .text.SYS_SetArena2Hi
                0x8002b118       0x38 /opt/devkitpro/libogc/lib/wii/libogc.a(system.o)
                0x8002b118                SYS_SetArena2Hi
 .text.SYS_GetArena2Hi
                0x8002b150       0x38 /opt/devkitpro/libogc/lib/wii/libogc.a(system.o)
                0x8002b150                SYS_GetArena2Hi
 .text.SYS_AllocateFramebuffer
                0x8002b188       0x28 /opt/devkitpro/libogc/lib/wii/libogc.a(system.o)
                0x8002b188                SYS_AllocateFramebuffer
 .text.SYS_CreateAlarm
                0x8002b1b0       0xf0 /opt/devkitpro/libogc/lib/wii/libogc.a(system.o)
                0x8002b1b0                SYS_CreateAlarm
 .text.SYS_SetAlarm
                0x8002b2a0      0x1e0 /opt/devkitpro/libogc/lib/wii/libogc.a(system.o)
                0x8002b2a0                SYS_SetAlarm
 .text.SYS_SetPeriodicAlarm
                0x8002b480      0x270 /opt/devkitpro/libogc/lib/wii/libogc.a(system.o)
                0x8002b480                SYS_SetPeriodicAlarm
 .text.SYS_RemoveAlarm
                0x8002b6f0      0x10c /opt/devkitpro/libogc/lib/wii/libogc.a(system.o)
                0x8002b6f0                SYS_RemoveAlarm
 .text.SYS_CancelAlarm
                0x8002b7fc       0xbc /opt/devkitpro/libogc/lib/wii/libogc.a(system.o)
                0x8002b7fc                SYS_CancelAlarm
 .text.SYS_GetWirelessID
                0x8002b8b8       0x94 /opt/devkitpro/libogc/lib/wii/libogc.a(system.o)
                0x8002b8b8                SYS_GetWirelessID
 .text.SYS_SetWirelessID
                0x8002b94c       0x90 /opt/devkitpro/libogc/lib/wii/libogc.a(system.o)
                0x8002b94c                SYS_SetWirelessID
 .text.SYS_SetGBSMode
                0x8002b9dc       0xa8 /opt/devkitpro/libogc/lib/wii/libogc.a(system.o)
                0x8002b9dc                SYS_SetGBSMode
 .text.__sram_init
                0x8002ba84      0x1b8 /opt/devkitpro/libogc/lib/wii/libogc.a(system.o)
                0x8002ba84                __sram_init
 .text.SYS_Init
                0x8002bc3c      0x5e8 /opt/devkitpro/libogc/lib/wii/libogc.a(system.o)
                0x8002bc3c                SYS_Init
 .text.SYS_GetHollywoodRevision
                0x8002c224       0x3c /opt/devkitpro/libogc/lib/wii/libogc.a(system.o)
                0x8002c224                SYS_GetHollywoodRevision
 .text.SYS_Time
                0x8002c260       0x78 /opt/devkitpro/libogc/lib/wii/libogc.a(system.o)
                0x8002c260                SYS_Time
 .text.__lwp_cond_init
                0x8002c2d8       0x14 /opt/devkitpro/libogc/lib/wii/libogc.a(cond.o)
                0x8002c2d8                __lwp_cond_init
 .text.__AISRCINIT
                0x8002c2ec      0x1d0 /opt/devkitpro/libogc/lib/wii/libogc.a(audio.o)
 .text.__AIDHandler
                0x8002c4bc       0xd4 /opt/devkitpro/libogc/lib/wii/libogc.a(audio.o)
 .text.AUDIO_Init
                0x8002c590      0x164 /opt/devkitpro/libogc/lib/wii/libogc.a(audio.o)
                0x8002c590                AUDIO_Init
 .text.AUDIO_RegisterDMACallback
                0x8002c6f4       0x40 /opt/devkitpro/libogc/lib/wii/libogc.a(audio.o)
                0x8002c6f4                AUDIO_RegisterDMACallback
 .text.AUDIO_InitDMA
                0x8002c734       0x74 /opt/devkitpro/libogc/lib/wii/libogc.a(audio.o)
                0x8002c734                AUDIO_InitDMA
 .text.AUDIO_StartDMA
                0x8002c7a8       0x1c /opt/devkitpro/libogc/lib/wii/libogc.a(audio.o)
                0x8002c7a8                AUDIO_StartDMA
 .text.AUDIO_StopDMA
                0x8002c7c4       0x18 /opt/devkitpro/libogc/lib/wii/libogc.a(audio.o)
                0x8002c7c4                AUDIO_StopDMA
 .text.AUDIO_SetDSPSampleRate
                0x8002c7dc       0xb4 /opt/devkitpro/libogc/lib/wii/libogc.a(audio.o)
                0x8002c7dc                AUDIO_SetDSPSampleRate
 .text.__decrementer_init
                0x8002c890        0x4 /opt/devkitpro/libogc/lib/wii/libogc.a(decrementer.o)
                0x8002c890                __decrementer_init
 .text.c_decrementer_handler
                0x8002c894        0xc /opt/devkitpro/libogc/lib/wii/libogc.a(decrementer.o)
                0x8002c894                c_decrementer_handler
 .text.__lwp_mqbox_init
                0x8002c8a0       0x14 /opt/devkitpro/libogc/lib/wii/libogc.a(message.o)
                0x8002c8a0                __lwp_mqbox_init
 .text.__dsp_exectask
                0x8002c8b4      0x2ec /opt/devkitpro/libogc/lib/wii/libogc.a(dsp.o)
 .text.__dsp_inthandler
                0x8002cba0       0x30 /opt/devkitpro/libogc/lib/wii/libogc.a(dsp.o)
 .text.__dsp_removetask
                0x8002cbd0       0x74 /opt/devkitpro/libogc/lib/wii/libogc.a(dsp.o)
 .text.__dsp_def_taskcb
                0x8002cc44      0x468 /opt/devkitpro/libogc/lib/wii/libogc.a(dsp.o)
 .text.DSP_Init
                0x8002d0ac       0xf8 /opt/devkitpro/libogc/lib/wii/libogc.a(dsp.o)
                0x8002d0ac                DSP_Init
 .text.DSP_CheckMailTo
                0x8002d1a4       0x14 /opt/devkitpro/libogc/lib/wii/libogc.a(dsp.o)
                0x8002d1a4                DSP_CheckMailTo
 .text.DSP_SendMailTo
                0x8002d1b8       0x20 /opt/devkitpro/libogc/lib/wii/libogc.a(dsp.o)
                0x8002d1b8                DSP_SendMailTo
 .text.DSP_AddTask
                0x8002d1d8      0x308 /opt/devkitpro/libogc/lib/wii/libogc.a(dsp.o)
                0x8002d1d8                DSP_AddTask
 .text.__si_transfer
                0x8002d4e0      0x1a4 /opt/devkitpro/libogc/lib/wii/libogc.a(si.o)
 .text.__si_alarmhandler
                0x8002d684       0xdc /opt/devkitpro/libogc/lib/wii/libogc.a(si.o)
 .text.__si_completetransfer
                0x8002d760      0x1fc /opt/devkitpro/libogc/lib/wii/libogc.a(si.o)
 .text.__si_transfernext
                0x8002d95c       0xe0 /opt/devkitpro/libogc/lib/wii/libogc.a(si.o)
 .text.SI_Busy  0x8002da3c       0x18 /opt/devkitpro/libogc/lib/wii/libogc.a(si.o)
                0x8002da3c                SI_Busy
 .text.SI_IsChanBusy
                0x8002da54       0x38 /opt/devkitpro/libogc/lib/wii/libogc.a(si.o)
                0x8002da54                SI_IsChanBusy
 .text.SI_SetXY
                0x8002da8c       0x64 /opt/devkitpro/libogc/lib/wii/libogc.a(si.o)
                0x8002da8c                SI_SetXY
 .text.SI_EnablePolling
                0x8002daf0       0x80 /opt/devkitpro/libogc/lib/wii/libogc.a(si.o)
                0x8002daf0                SI_EnablePolling
 .text.SI_DisablePolling
                0x8002db70       0x58 /opt/devkitpro/libogc/lib/wii/libogc.a(si.o)
                0x8002db70                SI_DisablePolling
 .text.SI_SetSamplingRate
                0x8002dbc8       0xd8 /opt/devkitpro/libogc/lib/wii/libogc.a(si.o)
                0x8002dbc8                SI_SetSamplingRate
 .text.SI_RefreshSamplingRate
                0x8002dca0        0x8 /opt/devkitpro/libogc/lib/wii/libogc.a(si.o)
                0x8002dca0                SI_RefreshSamplingRate
 .text.SI_GetStatus
                0x8002dca8       0x78 /opt/devkitpro/libogc/lib/wii/libogc.a(si.o)
                0x8002dca8                SI_GetStatus
 .text.SI_GetResponseRaw
                0x8002dd20       0xe8 /opt/devkitpro/libogc/lib/wii/libogc.a(si.o)
                0x8002dd20                SI_GetResponseRaw
 .text.SI_GetResponse
                0x8002de08       0xb8 /opt/devkitpro/libogc/lib/wii/libogc.a(si.o)
                0x8002de08                SI_GetResponse
 .text.SI_SetCommand
                0x8002dec0       0x10 /opt/devkitpro/libogc/lib/wii/libogc.a(si.o)
                0x8002dec0                SI_SetCommand
 .text.SI_Transfer
                0x8002ded0      0x26c /opt/devkitpro/libogc/lib/wii/libogc.a(si.o)
                0x8002ded0                SI_Transfer
 .text.__si_gettypecallback
                0x8002e13c      0x2c0 /opt/devkitpro/libogc/lib/wii/libogc.a(si.o)
 .text.__si_interrupthandler
                0x8002e3fc      0x268 /opt/devkitpro/libogc/lib/wii/libogc.a(si.o)
 .text.SI_GetType
                0x8002e664      0x1f4 /opt/devkitpro/libogc/lib/wii/libogc.a(si.o)
                0x8002e664                SI_GetType
 .text.SI_GetTypeAsync
                0x8002e858      0x138 /opt/devkitpro/libogc/lib/wii/libogc.a(si.o)
                0x8002e858                SI_GetTypeAsync
 .text.SI_EnablePollingInterrupt
                0x8002e990       0x8c /opt/devkitpro/libogc/lib/wii/libogc.a(si.o)
                0x8002e990                SI_EnablePollingInterrupt
 .text.SI_UnregisterPollingHandler
                0x8002ea1c       0xe0 /opt/devkitpro/libogc/lib/wii/libogc.a(si.o)
                0x8002ea1c                SI_UnregisterPollingHandler
 .text.__si_init
                0x8002eafc       0xe8 /opt/devkitpro/libogc/lib/wii/libogc.a(si.o)
                0x8002eafc                __si_init
 .text.__ipc_sendrequest
                0x8002ebe4      0x104 /opt/devkitpro/libogc/lib/wii/libogc.a(ipc.o)
 .text.__ipc_syncrequest
                0x8002ece8       0xe4 /opt/devkitpro/libogc/lib/wii/libogc.a(ipc.o)
 .text.__ioctlvfmtCB
                0x8002edcc      0x158 /opt/devkitpro/libogc/lib/wii/libogc.a(ipc.o)
 .text.__ios_ioctlvformat_parse
                0x8002ef24      0x820 /opt/devkitpro/libogc/lib/wii/libogc.a(ipc.o)
 .text.__ipc_asyncrequest
                0x8002f744      0x13c /opt/devkitpro/libogc/lib/wii/libogc.a(ipc.o)
 .text.__ipc_interrupthandler
                0x8002f880      0x34c /opt/devkitpro/libogc/lib/wii/libogc.a(ipc.o)
 .text.iosCreateHeap
                0x8002fbcc      0x130 /opt/devkitpro/libogc/lib/wii/libogc.a(ipc.o)
                0x8002fbcc                iosCreateHeap
 .text.iosAlloc
                0x8002fcfc       0x30 /opt/devkitpro/libogc/lib/wii/libogc.a(ipc.o)
                0x8002fcfc                iosAlloc
 .text.iosFree  0x8002fd2c       0x28 /opt/devkitpro/libogc/lib/wii/libogc.a(ipc.o)
                0x8002fd2c                iosFree
 .text.__IPC_ClntInit
                0x8002fd54       0xc8 /opt/devkitpro/libogc/lib/wii/libogc.a(ipc.o)
                0x8002fd54                __IPC_ClntInit
 .text.IOS_Open
                0x8002fe1c      0x110 /opt/devkitpro/libogc/lib/wii/libogc.a(ipc.o)
                0x8002fe1c                IOS_Open
 .text.IOS_Close
                0x8002ff2c       0xf0 /opt/devkitpro/libogc/lib/wii/libogc.a(ipc.o)
                0x8002ff2c                IOS_Close
 .text.IOS_CloseAsync
                0x8003001c       0xb4 /opt/devkitpro/libogc/lib/wii/libogc.a(ipc.o)
                0x8003001c                IOS_CloseAsync
 .text.IOS_Read
                0x800300d0      0x10c /opt/devkitpro/libogc/lib/wii/libogc.a(ipc.o)
                0x800300d0                IOS_Read
 .text.IOS_Write
                0x800301dc      0x10c /opt/devkitpro/libogc/lib/wii/libogc.a(ipc.o)
                0x800301dc                IOS_Write
 .text.IOS_Ioctl
                0x800302e8      0x158 /opt/devkitpro/libogc/lib/wii/libogc.a(ipc.o)
                0x800302e8                IOS_Ioctl
 .text.IOS_IoctlAsync
                0x80030440      0x148 /opt/devkitpro/libogc/lib/wii/libogc.a(ipc.o)
                0x80030440                IOS_IoctlAsync
 .text.IOS_Ioctlv
                0x80030588      0x1f0 /opt/devkitpro/libogc/lib/wii/libogc.a(ipc.o)
                0x80030588                IOS_Ioctlv
 .text.IOS_IoctlvAsync
                0x80030778      0x1d4 /opt/devkitpro/libogc/lib/wii/libogc.a(ipc.o)
                0x80030778                IOS_IoctlvAsync
 .text.IOS_IoctlvFormat
                0x8003094c      0x16c /opt/devkitpro/libogc/lib/wii/libogc.a(ipc.o)
                0x8003094c                IOS_IoctlvFormat
 .text.IOS_IoctlvReboot
                0x80030ab8      0x1f4 /opt/devkitpro/libogc/lib/wii/libogc.a(ipc.o)
                0x80030ab8                IOS_IoctlvReboot
 .text.gettick  0x80030cac        0x8 /opt/devkitpro/libogc/lib/wii/libogc.a(timesupp.o)
                0x80030cac                gettick
 .text.gettime  0x80030cb4       0x18 /opt/devkitpro/libogc/lib/wii/libogc.a(timesupp.o)
                0x80030cb4                gettime
 .text.settime  0x80030ccc       0x14 /opt/devkitpro/libogc/lib/wii/libogc.a(timesupp.o)
                0x80030ccc                settime
 .text.diff_usec
                0x80030ce0       0x88 /opt/devkitpro/libogc/lib/wii/libogc.a(timesupp.o)
                0x80030ce0                diff_usec
 .text.__timesystem_init
                0x80030d68       0x1c /opt/devkitpro/libogc/lib/wii/libogc.a(timesupp.o)
                0x80030d68                __timesystem_init
 .text.udelay   0x80030d84       0xac /opt/devkitpro/libogc/lib/wii/libogc.a(timesupp.o)
                0x80030d84                udelay
 .text.__libogc_nanosleep
                0x80030e30      0x144 /opt/devkitpro/libogc/lib/wii/libogc.a(timesupp.o)
                0x80030e30                __libogc_nanosleep
 .text.__syscall_lock_init
                0x80030f74       0x6c /opt/devkitpro/libogc/lib/wii/libogc.a(lock_supp.o)
                0x80030f74                __syscall_lock_init
 .text.__syscall_lock_init_recursive
                0x80030fe0       0x6c /opt/devkitpro/libogc/lib/wii/libogc.a(lock_supp.o)
                0x80030fe0                __syscall_lock_init_recursive
 .text.__syscall_lock_close
                0x8003104c       0x68 /opt/devkitpro/libogc/lib/wii/libogc.a(lock_supp.o)
                0x8003104c                __syscall_lock_close
 .text.__syscall_lock_acquire
                0x800310b4       0x18 /opt/devkitpro/libogc/lib/wii/libogc.a(lock_supp.o)
                0x800310b4                __syscall_lock_acquire
 .text.__syscall_lock_release
                0x800310cc       0x18 /opt/devkitpro/libogc/lib/wii/libogc.a(lock_supp.o)
                0x800310cc                __syscall_lock_release
 .text.__usbgecko_exi_unlock
                0x800310e4       0x34 /opt/devkitpro/libogc/lib/wii/libogc.a(usbgecko.o)
 .text.usb_isgeckoalive
                0x80031118      0x1bc /opt/devkitpro/libogc/lib/wii/libogc.a(usbgecko.o)
                0x80031118                usb_isgeckoalive
 .text.usb_sendbuffer_ex
                0x800312d4      0x214 /opt/devkitpro/libogc/lib/wii/libogc.a(usbgecko.o)
                0x800312d4                usb_sendbuffer_ex
 .text.usb_sendbuffer
                0x800314e8        0x8 /opt/devkitpro/libogc/lib/wii/libogc.a(usbgecko.o)
                0x800314e8                usb_sendbuffer
 .text.usb_sendbuffer_safe_ex
                0x800314f0      0x2a8 /opt/devkitpro/libogc/lib/wii/libogc.a(usbgecko.o)
                0x800314f0                usb_sendbuffer_safe_ex
 .text.usb_sendbuffer_safe
                0x80031798        0x8 /opt/devkitpro/libogc/lib/wii/libogc.a(usbgecko.o)
                0x80031798                usb_sendbuffer_safe
 .text._sbrk_r  0x800317a0      0x28c /opt/devkitpro/libogc/lib/wii/libogc.a(sbrk.o)
                0x800317a0                _sbrk_r
 .text.__memlock_init
                0x80031a2c       0x7c /opt/devkitpro/libogc/lib/wii/libogc.a(malloc_lock.o)
                0x80031a2c                __memlock_init
 .text.__libogc_malloc_lock